Finished building: ../Drivers/STM32L4xx_HAL_Driver/Src/stm32l4xx_hal_tim_ex.c
 
Building file: ../Drivers/STM32L4xx_HAL_Driver/Src/stm32l4xx_hal_uart.c
Invoking: MCU GCC Compiler
D:\Studia wszystko\Studia 5\sem 3\praca magisterska\kody STM\pr\Debug
arm-none-eabi-gcc -mcpu=cortex-m4 -mthumb -mfloat-abi=hard -mfpu=fpv4-sp-d16 '-D__weak=__attribute__((weak))' '-D__packed=__attribute__((__packed__))' -DUSE_HAL_DRIVER -DSTM32L475xx -I"D:/Studia wszystko/Studia 5/sem 3/praca magisterska/kody STM/pr/Inc" -I"D:/Studia wszystko/Studia 5/sem 3/praca magisterska/kody STM/pr/Drivers/STM32L4xx_HAL_Driver/Inc" -I"D:/Studia wszystko/Studia 5/sem 3/praca magisterska/kody STM/pr/Drivers/STM32L4xx_HAL_Driver/Inc/Legacy" -I"D:/Studia wszystko/Studia 5/sem 3/praca magisterska/kody STM/pr/Drivers/CMSIS/Device/ST/STM32L4xx/Include" -I"D:/Studia wszystko/Studia 5/sem 3/praca magisterska/kody STM/pr/Drivers/CMSIS/Include"  -Og -g3 -Wall -fmessage-length=0 -ffunction-sections -c -fmessage-length=0 -MMD -MP -MF"Drivers/STM32L4xx_HAL_Driver/Src/stm32l4xx_hal_uart.d" -MT"Drivers/STM32L4xx_HAL_Driver/Src/stm32l4xx_hal_uart.o" -o "Drivers/STM32L4xx_HAL_Driver/Src/stm32l4xx_hal_uart.o" "../Drivers/STM32L4xx_HAL_Driver/Src/stm32l4xx_hal_uart.c"
Finished building: ../Drivers/STM32L4xx_HAL_Driver/Src/stm32l4xx_hal_uart.c
 
Building file: ../Drivers/STM32L4xx_HAL_Driver/Src/stm32l4xx_hal_uart_ex.c
Invoking: MCU GCC Compiler
D:\Studia wszystko\Studia 5\sem 3\praca magisterska\kody STM\pr\Debug
arm-none-eabi-gcc -mcpu=cortex-m4 -mthumb -mfloat-abi=hard -mfpu=fpv4-sp-d16 '-D__weak=__attribute__((weak))' '-D__packed=__attribute__((__packed__))' -DUSE_HAL_DRIVER -DSTM32L475xx -I"D:/Studia wszystko/Studia 5/sem 3/praca magisterska/kody STM/pr/Inc" -I"D:/Studia wszystko/Studia 5/sem 3/praca magisterska/kody STM/pr/Drivers/STM32L4xx_HAL_Driver/Inc" -I"D:/Studia wszystko/Studia 5/sem 3/praca magisterska/kody STM/pr/Drivers/STM32L4xx_HAL_Driver/Inc/Legacy" -I"D:/Studia wszystko/Studia 5/sem 3/praca magisterska/kody STM/pr/Drivers/CMSIS/Device/ST/STM32L4xx/Include" -I"D:/Studia wszystko/Studia 5/sem 3/praca magisterska/kody STM/pr/Drivers/CMSIS/Include"  -Og -g3 -Wall -fmessage-length=0 -ffunction-sections -c -fmessage-length=0 -MMD -MP -MF"Drivers/STM32L4xx_HAL_Driver/Src/stm32l4xx_hal_uart_ex.d" -MT"Drivers/STM32L4xx_HAL_Driver/Src/stm32l4xx_hal_uart_ex.o" -o "Drivers/STM32L4xx_HAL_Driver/Src/stm32l4xx_hal_uart_ex.o" "../Drivers/STM32L4xx_HAL_Driver/Src/stm32l4xx_hal_uart_ex.c"
Finished building: ../Drivers/STM32L4xx_HAL_Driver/Src/stm32l4xx_hal_uart_ex.c
 
Building target: pr.elf
Invoking: MCU GCC Linker
arm-none-eabi-gcc -mcpu=cortex-m4 -mthumb -mfloat-abi=hard -mfpu=fpv4-sp-d16 -specs=nosys.specs -specs=nano.specs -u_printf_float -T"../STM32L475RETx_FLASH.ld" -Wl,-Map=output.map -Wl,--gc-sections -o "pr.elf" @"objects.list"   -lm
Finished building target: pr.elf
 
make --no-print-directory post-build
Generating hex and Printing size information:
arm-none-eabi-objcopy -O ihex "pr.elf" "pr.hex"
arm-none-eabi-size "pr.elf"
   text	   data	    bss	    dec	    hex	filename
  24232	    488	   2224	  26944	   6940	pr.elf
 
21:14:28 **** Incremental Build of configuration Debug for project pr ****
make all 
make: Nothing to be done for 'all'.
21:14:30 **** Incremental Build of configuration Debug for project pr ****
make all 
make: Nothing to be done for 'all'.
21:14:40 **** Incremental Build of configuration Debug for project pr ****
make all 
make: Nothing to be done for 'all'.
21:24:33 **** Incremental Build of configuration Debug for project pr ****
make all 
Building file: ../Src/main.c
Invoking: MCU GCC Compiler
D:\Studia wszystko\Studia 5\sem 3\praca magisterska\kody STM\pr\Debug
arm-none-eabi-gcc -mcpu=cortex-m4 -mthumb -mfloat-abi=hard -mfpu=fpv4-sp-d16 '-D__weak=__attribute__((weak))' '-D__packed=__attribute__((__packed__))' -DUSE_HAL_DRIVER -DSTM32L475xx -I"D:/Studia wszystko/Studia 5/sem 3/praca magisterska/kody STM/pr/Inc" -I"D:/Studia wszystko/Studia 5/sem 3/praca magisterska/kody STM/pr/Drivers/STM32L4xx_HAL_Driver/Inc" -I"D:/Studia wszystko/Studia 5/sem 3/praca magisterska/kody STM/pr/Drivers/STM32L4xx_HAL_Driver/Inc/Legacy" -I"D:/Studia wszystko/Studia 5/sem 3/praca magisterska/kody STM/pr/Drivers/CMSIS/Device/ST/STM32L4xx/Include" -I"D:/Studia wszystko/Studia 5/sem 3/praca magisterska/kody STM/pr/Drivers/CMSIS/Include"  -Og -g3 -Wall -fmessage-length=0 -ffunction-sections -c -fmessage-length=0 -MMD -MP -MF"Src/main.d" -MT"Src/main.o" -o "Src/main.o" "../Src/main.c"
../Src/main.c: In function 'BMP388_calculate_temp_coef':
../Src/main.c:251:29: warning: implicit declaration of function 'pow' [-Wimplicit-function-declaration]
  par_t1 = (float)NVM_PAR_T1*pow(2,8);//7103488
                             ^~~
../Src/main.c:251:29: warning: incompatible implicit declaration of built-in function 'pow'
../Src/main.c:251:29: note: include '<math.h>' or provide a declaration of 'pow'
../Src/main.c: In function 'BMP388_calculate_pres_coef':
../Src/main.c:257:30: warning: incompatible implicit declaration of built-in function 'pow'
  par_p1 = ((float)NVM_PAR_P1-pow(2,14))/pow(2,20);
                              ^~~
../Src/main.c:257:30: note: include '<math.h>' or provide a declaration of 'pow'
../Src/main.c: In function 'pt1000_temp_meas_method1':
../Src/main.c:444:27: warning: implicit declaration of function 'sqrt' [-Wimplicit-function-declaration]
  temperature = (0.0039083-sqrt(delta))/(0.000001155);
                           ^~~~
../Src/main.c:444:27: warning: incompatible implicit declaration of built-in function 'sqrt'
../Src/main.c:444:27: note: include '<math.h>' or provide a declaration of 'sqrt'
../Src/main.c:449:2: warning: implicit declaration of function 'sprintf' [-Wimplicit-function-declaration]
  sprintf(wyslij, "temp PT1000 %f ", temperature);
  ^~~~~~~
../Src/main.c:449:2: warning: incompatible implicit declaration of built-in function 'sprintf'
../Src/main.c:449:2: note: include '<stdio.h>' or provide a declaration of 'sprintf'
../Src/main.c:449:10: warning: pointer targets in passing argument 1 of 'sprintf' differ in signedness [-Wpointer-sign]
  sprintf(wyslij, "temp PT1000 %f ", temperature);
          ^~~~~~
../Src/main.c:449:10: note: expected 'char *' but argument is of type 'uint8_t * {aka unsigned char *}'
../Src/main.c:450:29: warning: passing argument 2 of 'HAL_UART_Transmit' from incompatible pointer type [-Wincompatible-pointer-types]
  HAL_UART_Transmit(&huart5, &wyslij, sizeof(wyslij), 100);
                             ^
In file included from D:/Studia wszystko/Studia 5/sem 3/praca magisterska/kody STM/pr/Inc/stm32l4xx_hal_conf.h:380:0,
                 from D:/Studia wszystko/Studia 5/sem 3/praca magisterska/kody STM/pr/Drivers/STM32L4xx_HAL_Driver/Inc/stm32l4xx_hal.h:46,
                 from D:/Studia wszystko/Studia 5/sem 3/praca magisterska/kody STM/pr/Inc/main.h:51,
                 from ../Src/main.c:42:
D:/Studia wszystko/Studia 5/sem 3/praca magisterska/kody STM/pr/Drivers/STM32L4xx_HAL_Driver/Inc/stm32l4xx_hal_uart.h:1597:19: note: expected 'uint8_t * {aka unsigned char *}' but argument is of type 'uint8_t (*)[20] {aka unsigned char (*)[20]}'
 HAL_StatusTypeDef HAL_UART_Transmit(UART_HandleTypeDef *huart, uint8_t *pData, uint16_t Size, uint32_t Timeout);
                   ^~~~~~~~~~~~~~~~~
../Src/main.c:424:8: warning: variable 'time_us' set but not used [-Wunused-but-set-variable]
  float time_us = 0, time = 0;
        ^~~~~~~
../Src/main.c: In function 'pt1000_temp_meas_method2':
../Src/main.c:571:2: warning: incompatible implicit declaration of built-in function 'sprintf'
  sprintf(wyslij, "res2 %f ", resistance);
  ^~~~~~~
../Src/main.c:571:2: note: include '<stdio.h>' or provide a declaration of 'sprintf'
../Src/main.c:571:10: warning: pointer targets in passing argument 1 of 'sprintf' differ in signedness [-Wpointer-sign]
  sprintf(wyslij, "res2 %f ", resistance);
          ^~~~~~
../Src/main.c:571:10: note: expected 'char *' but argument is of type 'uint8_t * {aka unsigned char *}'
../Src/main.c:572:29: warning: passing argument 2 of 'HAL_UART_Transmit' from incompatible pointer type [-Wincompatible-pointer-types]
  HAL_UART_Transmit(&huart5, &wyslij, sizeof(wyslij), 100);
                             ^
In file included from D:/Studia wszystko/Studia 5/sem 3/praca magisterska/kody STM/pr/Inc/stm32l4xx_hal_conf.h:380:0,
                 from D:/Studia wszystko/Studia 5/sem 3/praca magisterska/kody STM/pr/Drivers/STM32L4xx_HAL_Driver/Inc/stm32l4xx_hal.h:46,
                 from D:/Studia wszystko/Studia 5/sem 3/praca magisterska/kody STM/pr/Inc/main.h:51,
                 from ../Src/main.c:42:
D:/Studia wszystko/Studia 5/sem 3/praca magisterska/kody STM/pr/Drivers/STM32L4xx_HAL_Driver/Inc/stm32l4xx_hal_uart.h:1597:19: note: expected 'uint8_t * {aka unsigned char *}' but argument is of type 'uint8_t (*)[20] {aka unsigned char (*)[20]}'
 HAL_StatusTypeDef HAL_UART_Transmit(UART_HandleTypeDef *huart, uint8_t *pData, uint16_t Size, uint32_t Timeout);
                   ^~~~~~~~~~~~~~~~~
../Src/main.c:538:22: warning: variable 'time_us2' set but not used [-Wunused-but-set-variable]
  float time_us1 = 0, time_us2 = 0, resistance = 0, suma1 = 0, suma2 = 0;
                      ^~~~~~~~
../Src/main.c:538:8: warning: variable 'time_us1' set but not used [-Wunused-but-set-variable]
  float time_us1 = 0, time_us2 = 0, resistance = 0, suma1 = 0, suma2 = 0;
        ^~~~~~~~
../Src/main.c: In function 'pt1000_temp_meas_method3':
../Src/main.c:728:2: warning: incompatible implicit declaration of built-in function 'sprintf'
  sprintf(wyslij, "resistance %f ", resistance);
  ^~~~~~~
../Src/main.c:728:2: note: include '<stdio.h>' or provide a declaration of 'sprintf'
../Src/main.c:728:10: warning: pointer targets in passing argument 1 of 'sprintf' differ in signedness [-Wpointer-sign]
  sprintf(wyslij, "resistance %f ", resistance);
          ^~~~~~
../Src/main.c:728:10: note: expected 'char *' but argument is of type 'uint8_t * {aka unsigned char *}'
../Src/main.c:729:29: warning: passing argument 2 of 'HAL_UART_Transmit' from incompatible pointer type [-Wincompatible-pointer-types]
  HAL_UART_Transmit(&huart5, &wyslij, sizeof(wyslij), 100);
                             ^
In file included from D:/Studia wszystko/Studia 5/sem 3/praca magisterska/kody STM/pr/Inc/stm32l4xx_hal_conf.h:380:0,
                 from D:/Studia wszystko/Studia 5/sem 3/praca magisterska/kody STM/pr/Drivers/STM32L4xx_HAL_Driver/Inc/stm32l4xx_hal.h:46,
                 from D:/Studia wszystko/Studia 5/sem 3/praca magisterska/kody STM/pr/Inc/main.h:51,
                 from ../Src/main.c:42:
D:/Studia wszystko/Studia 5/sem 3/praca magisterska/kody STM/pr/Drivers/STM32L4xx_HAL_Driver/Inc/stm32l4xx_hal_uart.h:1597:19: note: expected 'uint8_t * {aka unsigned char *}' but argument is of type 'uint8_t (*)[20] {aka unsigned char (*)[20]}'
 HAL_StatusTypeDef HAL_UART_Transmit(UART_HandleTypeDef *huart, uint8_t *pData, uint16_t Size, uint32_t Timeout);
                   ^~~~~~~~~~~~~~~~~
../Src/main.c:695:36: warning: variable 'time_us3' set but not used [-Wunused-but-set-variable]
  float time_us1 = 0, time_us2 = 0, time_us3 = 0, resistance = 0, suma1 = 0, suma2 = 0, suma3 = 0;
                                    ^~~~~~~~
../Src/main.c:695:22: warning: variable 'time_us2' set but not used [-Wunused-but-set-variable]
  float time_us1 = 0, time_us2 = 0, time_us3 = 0, resistance = 0, suma1 = 0, suma2 = 0, suma3 = 0;
                      ^~~~~~~~
../Src/main.c:695:8: warning: variable 'time_us1' set but not used [-Wunused-but-set-variable]
  float time_us1 = 0, time_us2 = 0, time_us3 = 0, resistance = 0, suma1 = 0, suma2 = 0, suma3 = 0;
        ^~~~~~~~
../Src/main.c: In function 'pt1000_temp_meas_method1':
../Src/main.c:449:33: warning: ' ' directive writing 1 byte into a region of size 0 [-Wformat-overflow=]
  sprintf(wyslij, "temp PT1000 %f ", temperature);
                                 ^
../Src/main.c:449:2: note: 'sprintf' output between 22 and 331 bytes into a destination of size 20
  sprintf(wyslij, "temp PT1000 %f ", temperature);
  ^~~~~~~~~~~~~~~~~~~~~~~~~~~~~~~~~~~~~~~~~~~~~~~
../Src/main.c: In function 'pt1000_temp_meas_method3':
../Src/main.c:728:33: warning: 'sprintf' writing a terminating nul past the end of the destination [-Wformat-overflow=]
  sprintf(wyslij, "resistance %f ", resistance);
                                 ^
../Src/main.c:728:2: note: 'sprintf' output between 21 and 330 bytes into a destination of size 20
  sprintf(wyslij, "resistance %f ", resistance);
  ^~~~~~~~~~~~~~~~~~~~~~~~~~~~~~~~~~~~~~~~~~~~~
Finished building: ../Src/main.c
 
Building target: pr.elf
Invoking: MCU GCC Linker
arm-none-eabi-gcc -mcpu=cortex-m4 -mthumb -mfloat-abi=hard -mfpu=fpv4-sp-d16 -specs=nosys.specs -specs=nano.specs -u_printf_float -T"../STM32L475RETx_FLASH.ld" -Wl,-Map=output.map -Wl,--gc-sections -o "pr.elf" @"objects.list"   -lm
Finished building target: pr.elf
 
make --no-print-directory post-build
Generating hex and Printing size information:
arm-none-eabi-objcopy -O ihex "pr.elf" "pr.hex"
arm-none-eabi-size "pr.elf"
   text	   data	    bss	    dec	    hex	filename
  24232	    488	   2224	  26944	   6940	pr.elf
 
21:26:08 **** Incremental Build of configuration Debug for project pr ****
make all 
Building file: ../Src/BMP388.c
Invoking: MCU GCC Compiler
D:\Studia wszystko\Studia 5\sem 3\praca magisterska\kody STM\pr\Debug
arm-none-eabi-gcc -mcpu=cortex-m4 -mthumb -mfloat-abi=hard -mfpu=fpv4-sp-d16 '-D__weak=__attribute__((weak))' '-D__packed=__attribute__((__packed__))' -DUSE_HAL_DRIVER -DSTM32L475xx -I"D:/Studia wszystko/Studia 5/sem 3/praca magisterska/kody STM/pr/Inc" -I"D:/Studia wszystko/Studia 5/sem 3/praca magisterska/kody STM/pr/Drivers/STM32L4xx_HAL_Driver/Inc" -I"D:/Studia wszystko/Studia 5/sem 3/praca magisterska/kody STM/pr/Drivers/STM32L4xx_HAL_Driver/Inc/Legacy" -I"D:/Studia wszystko/Studia 5/sem 3/praca magisterska/kody STM/pr/Drivers/CMSIS/Device/ST/STM32L4xx/Include" -I"D:/Studia wszystko/Studia 5/sem 3/praca magisterska/kody STM/pr/Drivers/CMSIS/Include"  -Og -g3 -Wall -fmessage-length=0 -ffunction-sections -c -fmessage-length=0 -MMD -MP -MF"Src/BMP388.d" -MT"Src/BMP388.o" -o "Src/BMP388.o" "../Src/BMP388.c"
Finished building: ../Src/BMP388.c
 
Building file: ../Src/main.c
Invoking: MCU GCC Compiler
D:\Studia wszystko\Studia 5\sem 3\praca magisterska\kody STM\pr\Debug
arm-none-eabi-gcc -mcpu=cortex-m4 -mthumb -mfloat-abi=hard -mfpu=fpv4-sp-d16 '-D__weak=__attribute__((weak))' '-D__packed=__attribute__((__packed__))' -DUSE_HAL_DRIVER -DSTM32L475xx -I"D:/Studia wszystko/Studia 5/sem 3/praca magisterska/kody STM/pr/Inc" -I"D:/Studia wszystko/Studia 5/sem 3/praca magisterska/kody STM/pr/Drivers/STM32L4xx_HAL_Driver/Inc" -I"D:/Studia wszystko/Studia 5/sem 3/praca magisterska/kody STM/pr/Drivers/STM32L4xx_HAL_Driver/Inc/Legacy" -I"D:/Studia wszystko/Studia 5/sem 3/praca magisterska/kody STM/pr/Drivers/CMSIS/Device/ST/STM32L4xx/Include" -I"D:/Studia wszystko/Studia 5/sem 3/praca magisterska/kody STM/pr/Drivers/CMSIS/Include"  -Og -g3 -Wall -fmessage-length=0 -ffunction-sections -c -fmessage-length=0 -MMD -MP -MF"Src/main.d" -MT"Src/main.o" -o "Src/main.o" "../Src/main.c"
../Src/main.c: In function 'BMP388_calculate_temp_coef':
../Src/main.c:251:29: warning: implicit declaration of function 'pow' [-Wimplicit-function-declaration]
  par_t1 = (float)NVM_PAR_T1*pow(2,8);//7103488
                             ^~~
../Src/main.c:251:29: warning: incompatible implicit declaration of built-in function 'pow'
../Src/main.c:251:29: note: include '<math.h>' or provide a declaration of 'pow'
../Src/main.c: In function 'BMP388_calculate_pres_coef':
../Src/main.c:257:30: warning: incompatible implicit declaration of built-in function 'pow'
  par_p1 = ((float)NVM_PAR_P1-pow(2,14))/pow(2,20);
                              ^~~
../Src/main.c:257:30: note: include '<math.h>' or provide a declaration of 'pow'
../Src/main.c: In function 'pt1000_temp_meas_method1':
../Src/main.c:444:27: warning: implicit declaration of function 'sqrt' [-Wimplicit-function-declaration]
  temperature = (0.0039083-sqrt(delta))/(0.000001155);
                           ^~~~
../Src/main.c:444:27: warning: incompatible implicit declaration of built-in function 'sqrt'
../Src/main.c:444:27: note: include '<math.h>' or provide a declaration of 'sqrt'
../Src/main.c:449:2: warning: implicit declaration of function 'sprintf' [-Wimplicit-function-declaration]
  sprintf(wyslij, "temp PT1000 %f ", temperature);
  ^~~~~~~
../Src/main.c:449:2: warning: incompatible implicit declaration of built-in function 'sprintf'
../Src/main.c:449:2: note: include '<stdio.h>' or provide a declaration of 'sprintf'
../Src/main.c:449:10: warning: pointer targets in passing argument 1 of 'sprintf' differ in signedness [-Wpointer-sign]
  sprintf(wyslij, "temp PT1000 %f ", temperature);
          ^~~~~~
../Src/main.c:449:10: note: expected 'char *' but argument is of type 'uint8_t * {aka unsigned char *}'
../Src/main.c:450:29: warning: passing argument 2 of 'HAL_UART_Transmit' from incompatible pointer type [-Wincompatible-pointer-types]
  HAL_UART_Transmit(&huart5, &wyslij, sizeof(wyslij), 100);
                             ^
In file included from D:/Studia wszystko/Studia 5/sem 3/praca magisterska/kody STM/pr/Inc/stm32l4xx_hal_conf.h:380:0,
                 from D:/Studia wszystko/Studia 5/sem 3/praca magisterska/kody STM/pr/Drivers/STM32L4xx_HAL_Driver/Inc/stm32l4xx_hal.h:46,
                 from D:/Studia wszystko/Studia 5/sem 3/praca magisterska/kody STM/pr/Inc/main.h:51,
                 from ../Src/main.c:42:
D:/Studia wszystko/Studia 5/sem 3/praca magisterska/kody STM/pr/Drivers/STM32L4xx_HAL_Driver/Inc/stm32l4xx_hal_uart.h:1597:19: note: expected 'uint8_t * {aka unsigned char *}' but argument is of type 'uint8_t (*)[20] {aka unsigned char (*)[20]}'
 HAL_StatusTypeDef HAL_UART_Transmit(UART_HandleTypeDef *huart, uint8_t *pData, uint16_t Size, uint32_t Timeout);
                   ^~~~~~~~~~~~~~~~~
../Src/main.c:424:8: warning: variable 'time_us' set but not used [-Wunused-but-set-variable]
  float time_us = 0, time = 0;
        ^~~~~~~
../Src/main.c: In function 'pt1000_temp_meas_method2':
../Src/main.c:571:2: warning: incompatible implicit declaration of built-in function 'sprintf'
  sprintf(wyslij, "res2 %f ", resistance);
  ^~~~~~~
../Src/main.c:571:2: note: include '<stdio.h>' or provide a declaration of 'sprintf'
../Src/main.c:571:10: warning: pointer targets in passing argument 1 of 'sprintf' differ in signedness [-Wpointer-sign]
  sprintf(wyslij, "res2 %f ", resistance);
          ^~~~~~
../Src/main.c:571:10: note: expected 'char *' but argument is of type 'uint8_t * {aka unsigned char *}'
../Src/main.c:572:29: warning: passing argument 2 of 'HAL_UART_Transmit' from incompatible pointer type [-Wincompatible-pointer-types]
  HAL_UART_Transmit(&huart5, &wyslij, sizeof(wyslij), 100);
                             ^
In file included from D:/Studia wszystko/Studia 5/sem 3/praca magisterska/kody STM/pr/Inc/stm32l4xx_hal_conf.h:380:0,
                 from D:/Studia wszystko/Studia 5/sem 3/praca magisterska/kody STM/pr/Drivers/STM32L4xx_HAL_Driver/Inc/stm32l4xx_hal.h:46,
                 from D:/Studia wszystko/Studia 5/sem 3/praca magisterska/kody STM/pr/Inc/main.h:51,
                 from ../Src/main.c:42:
D:/Studia wszystko/Studia 5/sem 3/praca magisterska/kody STM/pr/Drivers/STM32L4xx_HAL_Driver/Inc/stm32l4xx_hal_uart.h:1597:19: note: expected 'uint8_t * {aka unsigned char *}' but argument is of type 'uint8_t (*)[20] {aka unsigned char (*)[20]}'
 HAL_StatusTypeDef HAL_UART_Transmit(UART_HandleTypeDef *huart, uint8_t *pData, uint16_t Size, uint32_t Timeout);
                   ^~~~~~~~~~~~~~~~~
../Src/main.c:538:22: warning: variable 'time_us2' set but not used [-Wunused-but-set-variable]
  float time_us1 = 0, time_us2 = 0, resistance = 0, suma1 = 0, suma2 = 0;
                      ^~~~~~~~
../Src/main.c:538:8: warning: variable 'time_us1' set but not used [-Wunused-but-set-variable]
  float time_us1 = 0, time_us2 = 0, resistance = 0, suma1 = 0, suma2 = 0;
        ^~~~~~~~
../Src/main.c: In function 'pt1000_temp_meas_method3':
../Src/main.c:728:2: warning: incompatible implicit declaration of built-in function 'sprintf'
  sprintf(wyslij, "resistance %f ", resistance);
  ^~~~~~~
../Src/main.c:728:2: note: include '<stdio.h>' or provide a declaration of 'sprintf'
../Src/main.c:728:10: warning: pointer targets in passing argument 1 of 'sprintf' differ in signedness [-Wpointer-sign]
  sprintf(wyslij, "resistance %f ", resistance);
          ^~~~~~
../Src/main.c:728:10: note: expected 'char *' but argument is of type 'uint8_t * {aka unsigned char *}'
../Src/main.c:729:29: warning: passing argument 2 of 'HAL_UART_Transmit' from incompatible pointer type [-Wincompatible-pointer-types]
  HAL_UART_Transmit(&huart5, &wyslij, sizeof(wyslij), 100);
                             ^
In file included from D:/Studia wszystko/Studia 5/sem 3/praca magisterska/kody STM/pr/Inc/stm32l4xx_hal_conf.h:380:0,
                 from D:/Studia wszystko/Studia 5/sem 3/praca magisterska/kody STM/pr/Drivers/STM32L4xx_HAL_Driver/Inc/stm32l4xx_hal.h:46,
                 from D:/Studia wszystko/Studia 5/sem 3/praca magisterska/kody STM/pr/Inc/main.h:51,
                 from ../Src/main.c:42:
D:/Studia wszystko/Studia 5/sem 3/praca magisterska/kody STM/pr/Drivers/STM32L4xx_HAL_Driver/Inc/stm32l4xx_hal_uart.h:1597:19: note: expected 'uint8_t * {aka unsigned char *}' but argument is of type 'uint8_t (*)[20] {aka unsigned char (*)[20]}'
 HAL_StatusTypeDef HAL_UART_Transmit(UART_HandleTypeDef *huart, uint8_t *pData, uint16_t Size, uint32_t Timeout);
                   ^~~~~~~~~~~~~~~~~
../Src/main.c:695:36: warning: variable 'time_us3' set but not used [-Wunused-but-set-variable]
  float time_us1 = 0, time_us2 = 0, time_us3 = 0, resistance = 0, suma1 = 0, suma2 = 0, suma3 = 0;
                                    ^~~~~~~~
../Src/main.c:695:22: warning: variable 'time_us2' set but not used [-Wunused-but-set-variable]
  float time_us1 = 0, time_us2 = 0, time_us3 = 0, resistance = 0, suma1 = 0, suma2 = 0, suma3 = 0;
                      ^~~~~~~~
../Src/main.c:695:8: warning: variable 'time_us1' set but not used [-Wunused-but-set-variable]
  float time_us1 = 0, time_us2 = 0, time_us3 = 0, resistance = 0, suma1 = 0, suma2 = 0, suma3 = 0;
        ^~~~~~~~
../Src/main.c: In function 'pt1000_temp_meas_method1':
../Src/main.c:449:33: warning: ' ' directive writing 1 byte into a region of size 0 [-Wformat-overflow=]
  sprintf(wyslij, "temp PT1000 %f ", temperature);
                                 ^
../Src/main.c:449:2: note: 'sprintf' output between 22 and 331 bytes into a destination of size 20
  sprintf(wyslij, "temp PT1000 %f ", temperature);
  ^~~~~~~~~~~~~~~~~~~~~~~~~~~~~~~~~~~~~~~~~~~~~~~
../Src/main.c: In function 'pt1000_temp_meas_method3':
../Src/main.c:728:33: warning: 'sprintf' writing a terminating nul past the end of the destination [-Wformat-overflow=]
  sprintf(wyslij, "resistance %f ", resistance);
                                 ^
../Src/main.c:728:2: note: 'sprintf' output between 21 and 330 bytes into a destination of size 20
  sprintf(wyslij, "resistance %f ", resistance);
  ^~~~~~~~~~~~~~~~~~~~~~~~~~~~~~~~~~~~~~~~~~~~~
Finished building: ../Src/main.c
 
Building file: ../Src/stm32l4xx_hal_msp.c
Invoking: MCU GCC Compiler
D:\Studia wszystko\Studia 5\sem 3\praca magisterska\kody STM\pr\Debug
arm-none-eabi-gcc -mcpu=cortex-m4 -mthumb -mfloat-abi=hard -mfpu=fpv4-sp-d16 '-D__weak=__attribute__((weak))' '-D__packed=__attribute__((__packed__))' -DUSE_HAL_DRIVER -DSTM32L475xx -I"D:/Studia wszystko/Studia 5/sem 3/praca magisterska/kody STM/pr/Inc" -I"D:/Studia wszystko/Studia 5/sem 3/praca magisterska/kody STM/pr/Drivers/STM32L4xx_HAL_Driver/Inc" -I"D:/Studia wszystko/Studia 5/sem 3/praca magisterska/kody STM/pr/Drivers/STM32L4xx_HAL_Driver/Inc/Legacy" -I"D:/Studia wszystko/Studia 5/sem 3/praca magisterska/kody STM/pr/Drivers/CMSIS/Device/ST/STM32L4xx/Include" -I"D:/Studia wszystko/Studia 5/sem 3/praca magisterska/kody STM/pr/Drivers/CMSIS/Include"  -Og -g3 -Wall -fmessage-length=0 -ffunction-sections -c -fmessage-length=0 -MMD -MP -MF"Src/stm32l4xx_hal_msp.d" -MT"Src/stm32l4xx_hal_msp.o" -o "Src/stm32l4xx_hal_msp.o" "../Src/stm32l4xx_hal_msp.c"
Finished building: ../Src/stm32l4xx_hal_msp.c
 
Building file: ../Src/stm32l4xx_it.c
Invoking: MCU GCC Compiler
D:\Studia wszystko\Studia 5\sem 3\praca magisterska\kody STM\pr\Debug
arm-none-eabi-gcc -mcpu=cortex-m4 -mthumb -mfloat-abi=hard -mfpu=fpv4-sp-d16 '-D__weak=__attribute__((weak))' '-D__packed=__attribute__((__packed__))' -DUSE_HAL_DRIVER -DSTM32L475xx -I"D:/Studia wszystko/Studia 5/sem 3/praca magisterska/kody STM/pr/Inc" -I"D:/Studia wszystko/Studia 5/sem 3/praca magisterska/kody STM/pr/Drivers/STM32L4xx_HAL_Driver/Inc" -I"D:/Studia wszystko/Studia 5/sem 3/praca magisterska/kody STM/pr/Drivers/STM32L4xx_HAL_Driver/Inc/Legacy" -I"D:/Studia wszystko/Studia 5/sem 3/praca magisterska/kody STM/pr/Drivers/CMSIS/Device/ST/STM32L4xx/Include" -I"D:/Studia wszystko/Studia 5/sem 3/praca magisterska/kody STM/pr/Drivers/CMSIS/Include"  -Og -g3 -Wall -fmessage-length=0 -ffunction-sections -c -fmessage-length=0 -MMD -MP -MF"Src/stm32l4xx_it.d" -MT"Src/stm32l4xx_it.o" -o "Src/stm32l4xx_it.o" "../Src/stm32l4xx_it.c"
Finished building: ../Src/stm32l4xx_it.c
 
Building file: ../Src/system_stm32l4xx.c
Invoking: MCU GCC Compiler
D:\Studia wszystko\Studia 5\sem 3\praca magisterska\kody STM\pr\Debug
arm-none-eabi-gcc -mcpu=cortex-m4 -mthumb -mfloat-abi=hard -mfpu=fpv4-sp-d16 '-D__weak=__attribute__((weak))' '-D__packed=__attribute__((__packed__))' -DUSE_HAL_DRIVER -DSTM32L475xx -I"D:/Studia wszystko/Studia 5/sem 3/praca magisterska/kody STM/pr/Inc" -I"D:/Studia wszystko/Studia 5/sem 3/praca magisterska/kody STM/pr/Drivers/STM32L4xx_HAL_Driver/Inc" -I"D:/Studia wszystko/Studia 5/sem 3/praca magisterska/kody STM/pr/Drivers/STM32L4xx_HAL_Driver/Inc/Legacy" -I"D:/Studia wszystko/Studia 5/sem 3/praca magisterska/kody STM/pr/Drivers/CMSIS/Device/ST/STM32L4xx/Include" -I"D:/Studia wszystko/Studia 5/sem 3/praca magisterska/kody STM/pr/Drivers/CMSIS/Include"  -Og -g3 -Wall -fmessage-length=0 -ffunction-sections -c -fmessage-length=0 -MMD -MP -MF"Src/system_stm32l4xx.d" -MT"Src/system_stm32l4xx.o" -o "Src/system_stm32l4xx.o" "../Src/system_stm32l4xx.c"
Finished building: ../Src/system_stm32l4xx.c
 
Building file: ../Drivers/STM32L4xx_HAL_Driver/Src/stm32l4xx_hal.c
Invoking: MCU GCC Compiler
D:\Studia wszystko\Studia 5\sem 3\praca magisterska\kody STM\pr\Debug
arm-none-eabi-gcc -mcpu=cortex-m4 -mthumb -mfloat-abi=hard -mfpu=fpv4-sp-d16 '-D__weak=__attribute__((weak))' '-D__packed=__attribute__((__packed__))' -DUSE_HAL_DRIVER -DSTM32L475xx -I"D:/Studia wszystko/Studia 5/sem 3/praca magisterska/kody STM/pr/Inc" -I"D:/Studia wszystko/Studia 5/sem 3/praca magisterska/kody STM/pr/Drivers/STM32L4xx_HAL_Driver/Inc" -I"D:/Studia wszystko/Studia 5/sem 3/praca magisterska/kody STM/pr/Drivers/STM32L4xx_HAL_Driver/Inc/Legacy" -I"D:/Studia wszystko/Studia 5/sem 3/praca magisterska/kody STM/pr/Drivers/CMSIS/Device/ST/STM32L4xx/Include" -I"D:/Studia wszystko/Studia 5/sem 3/praca magisterska/kody STM/pr/Drivers/CMSIS/Include"  -Og -g3 -Wall -fmessage-length=0 -ffunction-sections -c -fmessage-length=0 -MMD -MP -MF"Drivers/STM32L4xx_HAL_Driver/Src/stm32l4xx_hal.d" -MT"Drivers/STM32L4xx_HAL_Driver/Src/stm32l4xx_hal.o" -o "Drivers/STM32L4xx_HAL_Driver/Src/stm32l4xx_hal.o" "../Drivers/STM32L4xx_HAL_Driver/Src/stm32l4xx_hal.c"
Finished building: ../Drivers/STM32L4xx_HAL_Driver/Src/stm32l4xx_hal.c
 
Building file: ../Drivers/STM32L4xx_HAL_Driver/Src/stm32l4xx_hal_comp.c
Invoking: MCU GCC Compiler
D:\Studia wszystko\Studia 5\sem 3\praca magisterska\kody STM\pr\Debug
arm-none-eabi-gcc -mcpu=cortex-m4 -mthumb -mfloat-abi=hard -mfpu=fpv4-sp-d16 '-D__weak=__attribute__((weak))' '-D__packed=__attribute__((__packed__))' -DUSE_HAL_DRIVER -DSTM32L475xx -I"D:/Studia wszystko/Studia 5/sem 3/praca magisterska/kody STM/pr/Inc" -I"D:/Studia wszystko/Studia 5/sem 3/praca magisterska/kody STM/pr/Drivers/STM32L4xx_HAL_Driver/Inc" -I"D:/Studia wszystko/Studia 5/sem 3/praca magisterska/kody STM/pr/Drivers/STM32L4xx_HAL_Driver/Inc/Legacy" -I"D:/Studia wszystko/Studia 5/sem 3/praca magisterska/kody STM/pr/Drivers/CMSIS/Device/ST/STM32L4xx/Include" -I"D:/Studia wszystko/Studia 5/sem 3/praca magisterska/kody STM/pr/Drivers/CMSIS/Include"  -Og -g3 -Wall -fmessage-length=0 -ffunction-sections -c -fmessage-length=0 -MMD -MP -MF"Drivers/STM32L4xx_HAL_Driver/Src/stm32l4xx_hal_comp.d" -MT"Drivers/STM32L4xx_HAL_Driver/Src/stm32l4xx_hal_comp.o" -o "Drivers/STM32L4xx_HAL_Driver/Src/stm32l4xx_hal_comp.o" "../Drivers/STM32L4xx_HAL_Driver/Src/stm32l4xx_hal_comp.c"
Finished building: ../Drivers/STM32L4xx_HAL_Driver/Src/stm32l4xx_hal_comp.c
 
Building file: ../Drivers/STM32L4xx_HAL_Driver/Src/stm32l4xx_hal_cortex.c
Invoking: MCU GCC Compiler
D:\Studia wszystko\Studia 5\sem 3\praca magisterska\kody STM\pr\Debug
arm-none-eabi-gcc -mcpu=cortex-m4 -mthumb -mfloat-abi=hard -mfpu=fpv4-sp-d16 '-D__weak=__attribute__((weak))' '-D__packed=__attribute__((__packed__))' -DUSE_HAL_DRIVER -DSTM32L475xx -I"D:/Studia wszystko/Studia 5/sem 3/praca magisterska/kody STM/pr/Inc" -I"D:/Studia wszystko/Studia 5/sem 3/praca magisterska/kody STM/pr/Drivers/STM32L4xx_HAL_Driver/Inc" -I"D:/Studia wszystko/Studia 5/sem 3/praca magisterska/kody STM/pr/Drivers/STM32L4xx_HAL_Driver/Inc/Legacy" -I"D:/Studia wszystko/Studia 5/sem 3/praca magisterska/kody STM/pr/Drivers/CMSIS/Device/ST/STM32L4xx/Include" -I"D:/Studia wszystko/Studia 5/sem 3/praca magisterska/kody STM/pr/Drivers/CMSIS/Include"  -Og -g3 -Wall -fmessage-length=0 -ffunction-sections -c -fmessage-length=0 -MMD -MP -MF"Drivers/STM32L4xx_HAL_Driver/Src/stm32l4xx_hal_cortex.d" -MT"Drivers/STM32L4xx_HAL_Driver/Src/stm32l4xx_hal_cortex.o" -o "Drivers/STM32L4xx_HAL_Driver/Src/stm32l4xx_hal_cortex.o" "../Drivers/STM32L4xx_HAL_Driver/Src/stm32l4xx_hal_cortex.c"
Finished building: ../Drivers/STM32L4xx_HAL_Driver/Src/stm32l4xx_hal_cortex.c
 
Building file: ../Drivers/STM32L4xx_HAL_Driver/Src/stm32l4xx_hal_dac.c
Invoking: MCU GCC Compiler
D:\Studia wszystko\Studia 5\sem 3\praca magisterska\kody STM\pr\Debug
arm-none-eabi-gcc -mcpu=cortex-m4 -mthumb -mfloat-abi=hard -mfpu=fpv4-sp-d16 '-D__weak=__attribute__((weak))' '-D__packed=__attribute__((__packed__))' -DUSE_HAL_DRIVER -DSTM32L475xx -I"D:/Studia wszystko/Studia 5/sem 3/praca magisterska/kody STM/pr/Inc" -I"D:/Studia wszystko/Studia 5/sem 3/praca magisterska/kody STM/pr/Drivers/STM32L4xx_HAL_Driver/Inc" -I"D:/Studia wszystko/Studia 5/sem 3/praca magisterska/kody STM/pr/Drivers/STM32L4xx_HAL_Driver/Inc/Legacy" -I"D:/Studia wszystko/Studia 5/sem 3/praca magisterska/kody STM/pr/Drivers/CMSIS/Device/ST/STM32L4xx/Include" -I"D:/Studia wszystko/Studia 5/sem 3/praca magisterska/kody STM/pr/Drivers/CMSIS/Include"  -Og -g3 -Wall -fmessage-length=0 -ffunction-sections -c -fmessage-length=0 -MMD -MP -MF"Drivers/STM32L4xx_HAL_Driver/Src/stm32l4xx_hal_dac.d" -MT"Drivers/STM32L4xx_HAL_Driver/Src/stm32l4xx_hal_dac.o" -o "Drivers/STM32L4xx_HAL_Driver/Src/stm32l4xx_hal_dac.o" "../Drivers/STM32L4xx_HAL_Driver/Src/stm32l4xx_hal_dac.c"
Finished building: ../Drivers/STM32L4xx_HAL_Driver/Src/stm32l4xx_hal_dac.c
 
Building file: ../Drivers/STM32L4xx_HAL_Driver/Src/stm32l4xx_hal_dac_ex.c
Invoking: MCU GCC Compiler
D:\Studia wszystko\Studia 5\sem 3\praca magisterska\kody STM\pr\Debug
arm-none-eabi-gcc -mcpu=cortex-m4 -mthumb -mfloat-abi=hard -mfpu=fpv4-sp-d16 '-D__weak=__attribute__((weak))' '-D__packed=__attribute__((__packed__))' -DUSE_HAL_DRIVER -DSTM32L475xx -I"D:/Studia wszystko/Studia 5/sem 3/praca magisterska/kody STM/pr/Inc" -I"D:/Studia wszystko/Studia 5/sem 3/praca magisterska/kody STM/pr/Drivers/STM32L4xx_HAL_Driver/Inc" -I"D:/Studia wszystko/Studia 5/sem 3/praca magisterska/kody STM/pr/Drivers/STM32L4xx_HAL_Driver/Inc/Legacy" -I"D:/Studia wszystko/Studia 5/sem 3/praca magisterska/kody STM/pr/Drivers/CMSIS/Device/ST/STM32L4xx/Include" -I"D:/Studia wszystko/Studia 5/sem 3/praca magisterska/kody STM/pr/Drivers/CMSIS/Include"  -Og -g3 -Wall -fmessage-length=0 -ffunction-sections -c -fmessage-length=0 -MMD -MP -MF"Drivers/STM32L4xx_HAL_Driver/Src/stm32l4xx_hal_dac_ex.d" -MT"Drivers/STM32L4xx_HAL_Driver/Src/stm32l4xx_hal_dac_ex.o" -o "Drivers/STM32L4xx_HAL_Driver/Src/stm32l4xx_hal_dac_ex.o" "../Drivers/STM32L4xx_HAL_Driver/Src/stm32l4xx_hal_dac_ex.c"
Finished building: ../Drivers/STM32L4xx_HAL_Driver/Src/stm32l4xx_hal_dac_ex.c
 
Building file: ../Drivers/STM32L4xx_HAL_Driver/Src/stm32l4xx_hal_dma.c
Invoking: MCU GCC Compiler
D:\Studia wszystko\Studia 5\sem 3\praca magisterska\kody STM\pr\Debug
arm-none-eabi-gcc -mcpu=cortex-m4 -mthumb -mfloat-abi=hard -mfpu=fpv4-sp-d16 '-D__weak=__attribute__((weak))' '-D__packed=__attribute__((__packed__))' -DUSE_HAL_DRIVER -DSTM32L475xx -I"D:/Studia wszystko/Studia 5/sem 3/praca magisterska/kody STM/pr/Inc" -I"D:/Studia wszystko/Studia 5/sem 3/praca magisterska/kody STM/pr/Drivers/STM32L4xx_HAL_Driver/Inc" -I"D:/Studia wszystko/Studia 5/sem 3/praca magisterska/kody STM/pr/Drivers/STM32L4xx_HAL_Driver/Inc/Legacy" -I"D:/Studia wszystko/Studia 5/sem 3/praca magisterska/kody STM/pr/Drivers/CMSIS/Device/ST/STM32L4xx/Include" -I"D:/Studia wszystko/Studia 5/sem 3/praca magisterska/kody STM/pr/Drivers/CMSIS/Include"  -Og -g3 -Wall -fmessage-length=0 -ffunction-sections -c -fmessage-length=0 -MMD -MP -MF"Drivers/STM32L4xx_HAL_Driver/Src/stm32l4xx_hal_dma.d" -MT"Drivers/STM32L4xx_HAL_Driver/Src/stm32l4xx_hal_dma.o" -o "Drivers/STM32L4xx_HAL_Driver/Src/stm32l4xx_hal_dma.o" "../Drivers/STM32L4xx_HAL_Driver/Src/stm32l4xx_hal_dma.c"
Finished building: ../Drivers/STM32L4xx_HAL_Driver/Src/stm32l4xx_hal_dma.c
 
Building file: ../Drivers/STM32L4xx_HAL_Driver/Src/stm32l4xx_hal_dma_ex.c
Invoking: MCU GCC Compiler
D:\Studia wszystko\Studia 5\sem 3\praca magisterska\kody STM\pr\Debug
arm-none-eabi-gcc -mcpu=cortex-m4 -mthumb -mfloat-abi=hard -mfpu=fpv4-sp-d16 '-D__weak=__attribute__((weak))' '-D__packed=__attribute__((__packed__))' -DUSE_HAL_DRIVER -DSTM32L475xx -I"D:/Studia wszystko/Studia 5/sem 3/praca magisterska/kody STM/pr/Inc" -I"D:/Studia wszystko/Studia 5/sem 3/praca magisterska/kody STM/pr/Drivers/STM32L4xx_HAL_Driver/Inc" -I"D:/Studia wszystko/Studia 5/sem 3/praca magisterska/kody STM/pr/Drivers/STM32L4xx_HAL_Driver/Inc/Legacy" -I"D:/Studia wszystko/Studia 5/sem 3/praca magisterska/kody STM/pr/Drivers/CMSIS/Device/ST/STM32L4xx/Include" -I"D:/Studia wszystko/Studia 5/sem 3/praca magisterska/kody STM/pr/Drivers/CMSIS/Include"  -Og -g3 -Wall -fmessage-length=0 -ffunction-sections -c -fmessage-length=0 -MMD -MP -MF"Drivers/STM32L4xx_HAL_Driver/Src/stm32l4xx_hal_dma_ex.d" -MT"Drivers/STM32L4xx_HAL_Driver/Src/stm32l4xx_hal_dma_ex.o" -o "Drivers/STM32L4xx_HAL_Driver/Src/stm32l4xx_hal_dma_ex.o" "../Drivers/STM32L4xx_HAL_Driver/Src/stm32l4xx_hal_dma_ex.c"
Finished building: ../Drivers/STM32L4xx_HAL_Driver/Src/stm32l4xx_hal_dma_ex.c
 
Building file: ../Drivers/STM32L4xx_HAL_Driver/Src/stm32l4xx_hal_flash.c
Invoking: MCU GCC Compiler
D:\Studia wszystko\Studia 5\sem 3\praca magisterska\kody STM\pr\Debug
arm-none-eabi-gcc -mcpu=cortex-m4 -mthumb -mfloat-abi=hard -mfpu=fpv4-sp-d16 '-D__weak=__attribute__((weak))' '-D__packed=__attribute__((__packed__))' -DUSE_HAL_DRIVER -DSTM32L475xx -I"D:/Studia wszystko/Studia 5/sem 3/praca magisterska/kody STM/pr/Inc" -I"D:/Studia wszystko/Studia 5/sem 3/praca magisterska/kody STM/pr/Drivers/STM32L4xx_HAL_Driver/Inc" -I"D:/Studia wszystko/Studia 5/sem 3/praca magisterska/kody STM/pr/Drivers/STM32L4xx_HAL_Driver/Inc/Legacy" -I"D:/Studia wszystko/Studia 5/sem 3/praca magisterska/kody STM/pr/Drivers/CMSIS/Device/ST/STM32L4xx/Include" -I"D:/Studia wszystko/Studia 5/sem 3/praca magisterska/kody STM/pr/Drivers/CMSIS/Include"  -Og -g3 -Wall -fmessage-length=0 -ffunction-sections -c -fmessage-length=0 -MMD -MP -MF"Drivers/STM32L4xx_HAL_Driver/Src/stm32l4xx_hal_flash.d" -MT"Drivers/STM32L4xx_HAL_Driver/Src/stm32l4xx_hal_flash.o" -o "Drivers/STM32L4xx_HAL_Driver/Src/stm32l4xx_hal_flash.o" "../Drivers/STM32L4xx_HAL_Driver/Src/stm32l4xx_hal_flash.c"
Finished building: ../Drivers/STM32L4xx_HAL_Driver/Src/stm32l4xx_hal_flash.c
 
Building file: ../Drivers/STM32L4xx_HAL_Driver/Src/stm32l4xx_hal_flash_ex.c
Invoking: MCU GCC Compiler
D:\Studia wszystko\Studia 5\sem 3\praca magisterska\kody STM\pr\Debug
arm-none-eabi-gcc -mcpu=cortex-m4 -mthumb -mfloat-abi=hard -mfpu=fpv4-sp-d16 '-D__weak=__attribute__((weak))' '-D__packed=__attribute__((__packed__))' -DUSE_HAL_DRIVER -DSTM32L475xx -I"D:/Studia wszystko/Studia 5/sem 3/praca magisterska/kody STM/pr/Inc" -I"D:/Studia wszystko/Studia 5/sem 3/praca magisterska/kody STM/pr/Drivers/STM32L4xx_HAL_Driver/Inc" -I"D:/Studia wszystko/Studia 5/sem 3/praca magisterska/kody STM/pr/Drivers/STM32L4xx_HAL_Driver/Inc/Legacy" -I"D:/Studia wszystko/Studia 5/sem 3/praca magisterska/kody STM/pr/Drivers/CMSIS/Device/ST/STM32L4xx/Include" -I"D:/Studia wszystko/Studia 5/sem 3/praca magisterska/kody STM/pr/Drivers/CMSIS/Include"  -Og -g3 -Wall -fmessage-length=0 -ffunction-sections -c -fmessage-length=0 -MMD -MP -MF"Drivers/STM32L4xx_HAL_Driver/Src/stm32l4xx_hal_flash_ex.d" -MT"Drivers/STM32L4xx_HAL_Driver/Src/stm32l4xx_hal_flash_ex.o" -o "Drivers/STM32L4xx_HAL_Driver/Src/stm32l4xx_hal_flash_ex.o" "../Drivers/STM32L4xx_HAL_Driver/Src/stm32l4xx_hal_flash_ex.c"
Finished building: ../Drivers/STM32L4xx_HAL_Driver/Src/stm32l4xx_hal_flash_ex.c
 
Building file: ../Drivers/STM32L4xx_HAL_Driver/Src/stm32l4xx_hal_flash_ramfunc.c
Invoking: MCU GCC Compiler
D:\Studia wszystko\Studia 5\sem 3\praca magisterska\kody STM\pr\Debug
arm-none-eabi-gcc -mcpu=cortex-m4 -mthumb -mfloat-abi=hard -mfpu=fpv4-sp-d16 '-D__weak=__attribute__((weak))' '-D__packed=__attribute__((__packed__))' -DUSE_HAL_DRIVER -DSTM32L475xx -I"D:/Studia wszystko/Studia 5/sem 3/praca magisterska/kody STM/pr/Inc" -I"D:/Studia wszystko/Studia 5/sem 3/praca magisterska/kody STM/pr/Drivers/STM32L4xx_HAL_Driver/Inc" -I"D:/Studia wszystko/Studia 5/sem 3/praca magisterska/kody STM/pr/Drivers/STM32L4xx_HAL_Driver/Inc/Legacy" -I"D:/Studia wszystko/Studia 5/sem 3/praca magisterska/kody STM/pr/Drivers/CMSIS/Device/ST/STM32L4xx/Include" -I"D:/Studia wszystko/Studia 5/sem 3/praca magisterska/kody STM/pr/Drivers/CMSIS/Include"  -Og -g3 -Wall -fmessage-length=0 -ffunction-sections -c -fmessage-length=0 -MMD -MP -MF"Drivers/STM32L4xx_HAL_Driver/Src/stm32l4xx_hal_flash_ramfunc.d" -MT"Drivers/STM32L4xx_HAL_Driver/Src/stm32l4xx_hal_flash_ramfunc.o" -o "Drivers/STM32L4xx_HAL_Driver/Src/stm32l4xx_hal_flash_ramfunc.o" "../Drivers/STM32L4xx_HAL_Driver/Src/stm32l4xx_hal_flash_ramfunc.c"
Finished building: ../Drivers/STM32L4xx_HAL_Driver/Src/stm32l4xx_hal_flash_ramfunc.c
 
Building file: ../Drivers/STM32L4xx_HAL_Driver/Src/stm32l4xx_hal_gpio.c
Invoking: MCU GCC Compiler
D:\Studia wszystko\Studia 5\sem 3\praca magisterska\kody STM\pr\Debug
arm-none-eabi-gcc -mcpu=cortex-m4 -mthumb -mfloat-abi=hard -mfpu=fpv4-sp-d16 '-D__weak=__attribute__((weak))' '-D__packed=__attribute__((__packed__))' -DUSE_HAL_DRIVER -DSTM32L475xx -I"D:/Studia wszystko/Studia 5/sem 3/praca magisterska/kody STM/pr/Inc" -I"D:/Studia wszystko/Studia 5/sem 3/praca magisterska/kody STM/pr/Drivers/STM32L4xx_HAL_Driver/Inc" -I"D:/Studia wszystko/Studia 5/sem 3/praca magisterska/kody STM/pr/Drivers/STM32L4xx_HAL_Driver/Inc/Legacy" -I"D:/Studia wszystko/Studia 5/sem 3/praca magisterska/kody STM/pr/Drivers/CMSIS/Device/ST/STM32L4xx/Include" -I"D:/Studia wszystko/Studia 5/sem 3/praca magisterska/kody STM/pr/Drivers/CMSIS/Include"  -Og -g3 -Wall -fmessage-length=0 -ffunction-sections -c -fmessage-length=0 -MMD -MP -MF"Drivers/STM32L4xx_HAL_Driver/Src/stm32l4xx_hal_gpio.d" -MT"Drivers/STM32L4xx_HAL_Driver/Src/stm32l4xx_hal_gpio.o" -o "Drivers/STM32L4xx_HAL_Driver/Src/stm32l4xx_hal_gpio.o" "../Drivers/STM32L4xx_HAL_Driver/Src/stm32l4xx_hal_gpio.c"
Finished building: ../Drivers/STM32L4xx_HAL_Driver/Src/stm32l4xx_hal_gpio.c
 
Building file: ../Drivers/STM32L4xx_HAL_Driver/Src/stm32l4xx_hal_i2c.c
Invoking: MCU GCC Compiler
D:\Studia wszystko\Studia 5\sem 3\praca magisterska\kody STM\pr\Debug
arm-none-eabi-gcc -mcpu=cortex-m4 -mthumb -mfloat-abi=hard -mfpu=fpv4-sp-d16 '-D__weak=__attribute__((weak))' '-D__packed=__attribute__((__packed__))' -DUSE_HAL_DRIVER -DSTM32L475xx -I"D:/Studia wszystko/Studia 5/sem 3/praca magisterska/kody STM/pr/Inc" -I"D:/Studia wszystko/Studia 5/sem 3/praca magisterska/kody STM/pr/Drivers/STM32L4xx_HAL_Driver/Inc" -I"D:/Studia wszystko/Studia 5/sem 3/praca magisterska/kody STM/pr/Drivers/STM32L4xx_HAL_Driver/Inc/Legacy" -I"D:/Studia wszystko/Studia 5/sem 3/praca magisterska/kody STM/pr/Drivers/CMSIS/Device/ST/STM32L4xx/Include" -I"D:/Studia wszystko/Studia 5/sem 3/praca magisterska/kody STM/pr/Drivers/CMSIS/Include"  -Og -g3 -Wall -fmessage-length=0 -ffunction-sections -c -fmessage-length=0 -MMD -MP -MF"Drivers/STM32L4xx_HAL_Driver/Src/stm32l4xx_hal_i2c.d" -MT"Drivers/STM32L4xx_HAL_Driver/Src/stm32l4xx_hal_i2c.o" -o "Drivers/STM32L4xx_HAL_Driver/Src/stm32l4xx_hal_i2c.o" "../Drivers/STM32L4xx_HAL_Driver/Src/stm32l4xx_hal_i2c.c"
Finished building: ../Drivers/STM32L4xx_HAL_Driver/Src/stm32l4xx_hal_i2c.c
 
Building file: ../Drivers/STM32L4xx_HAL_Driver/Src/stm32l4xx_hal_i2c_ex.c
Invoking: MCU GCC Compiler
D:\Studia wszystko\Studia 5\sem 3\praca magisterska\kody STM\pr\Debug
arm-none-eabi-gcc -mcpu=cortex-m4 -mthumb -mfloat-abi=hard -mfpu=fpv4-sp-d16 '-D__weak=__attribute__((weak))' '-D__packed=__attribute__((__packed__))' -DUSE_HAL_DRIVER -DSTM32L475xx -I"D:/Studia wszystko/Studia 5/sem 3/praca magisterska/kody STM/pr/Inc" -I"D:/Studia wszystko/Studia 5/sem 3/praca magisterska/kody STM/pr/Drivers/STM32L4xx_HAL_Driver/Inc" -I"D:/Studia wszystko/Studia 5/sem 3/praca magisterska/kody STM/pr/Drivers/STM32L4xx_HAL_Driver/Inc/Legacy" -I"D:/Studia wszystko/Studia 5/sem 3/praca magisterska/kody STM/pr/Drivers/CMSIS/Device/ST/STM32L4xx/Include" -I"D:/Studia wszystko/Studia 5/sem 3/praca magisterska/kody STM/pr/Drivers/CMSIS/Include"  -Og -g3 -Wall -fmessage-length=0 -ffunction-sections -c -fmessage-length=0 -MMD -MP -MF"Drivers/STM32L4xx_HAL_Driver/Src/stm32l4xx_hal_i2c_ex.d" -MT"Drivers/STM32L4xx_HAL_Driver/Src/stm32l4xx_hal_i2c_ex.o" -o "Drivers/STM32L4xx_HAL_Driver/Src/stm32l4xx_hal_i2c_ex.o" "../Drivers/STM32L4xx_HAL_Driver/Src/stm32l4xx_hal_i2c_ex.c"
Finished building: ../Drivers/STM32L4xx_HAL_Driver/Src/stm32l4xx_hal_i2c_ex.c
 
Building file: ../Drivers/STM32L4xx_HAL_Driver/Src/stm32l4xx_hal_pwr.c
Invoking: MCU GCC Compiler
D:\Studia wszystko\Studia 5\sem 3\praca magisterska\kody STM\pr\Debug
arm-none-eabi-gcc -mcpu=cortex-m4 -mthumb -mfloat-abi=hard -mfpu=fpv4-sp-d16 '-D__weak=__attribute__((weak))' '-D__packed=__attribute__((__packed__))' -DUSE_HAL_DRIVER -DSTM32L475xx -I"D:/Studia wszystko/Studia 5/sem 3/praca magisterska/kody STM/pr/Inc" -I"D:/Studia wszystko/Studia 5/sem 3/praca magisterska/kody STM/pr/Drivers/STM32L4xx_HAL_Driver/Inc" -I"D:/Studia wszystko/Studia 5/sem 3/praca magisterska/kody STM/pr/Drivers/STM32L4xx_HAL_Driver/Inc/Legacy" -I"D:/Studia wszystko/Studia 5/sem 3/praca magisterska/kody STM/pr/Drivers/CMSIS/Device/ST/STM32L4xx/Include" -I"D:/Studia wszystko/Studia 5/sem 3/praca magisterska/kody STM/pr/Drivers/CMSIS/Include"  -Og -g3 -Wall -fmessage-length=0 -ffunction-sections -c -fmessage-length=0 -MMD -MP -MF"Drivers/STM32L4xx_HAL_Driver/Src/stm32l4xx_hal_pwr.d" -MT"Drivers/STM32L4xx_HAL_Driver/Src/stm32l4xx_hal_pwr.o" -o "Drivers/STM32L4xx_HAL_Driver/Src/stm32l4xx_hal_pwr.o" "../Drivers/STM32L4xx_HAL_Driver/Src/stm32l4xx_hal_pwr.c"
Finished building: ../Drivers/STM32L4xx_HAL_Driver/Src/stm32l4xx_hal_pwr.c
 
Building file: ../Drivers/STM32L4xx_HAL_Driver/Src/stm32l4xx_hal_pwr_ex.c
Invoking: MCU GCC Compiler
D:\Studia wszystko\Studia 5\sem 3\praca magisterska\kody STM\pr\Debug
arm-none-eabi-gcc -mcpu=cortex-m4 -mthumb -mfloat-abi=hard -mfpu=fpv4-sp-d16 '-D__weak=__attribute__((weak))' '-D__packed=__attribute__((__packed__))' -DUSE_HAL_DRIVER -DSTM32L475xx -I"D:/Studia wszystko/Studia 5/sem 3/praca magisterska/kody STM/pr/Inc" -I"D:/Studia wszystko/Studia 5/sem 3/praca magisterska/kody STM/pr/Drivers/STM32L4xx_HAL_Driver/Inc" -I"D:/Studia wszystko/Studia 5/sem 3/praca magisterska/kody STM/pr/Drivers/STM32L4xx_HAL_Driver/Inc/Legacy" -I"D:/Studia wszystko/Studia 5/sem 3/praca magisterska/kody STM/pr/Drivers/CMSIS/Device/ST/STM32L4xx/Include" -I"D:/Studia wszystko/Studia 5/sem 3/praca magisterska/kody STM/pr/Drivers/CMSIS/Include"  -Og -g3 -Wall -fmessage-length=0 -ffunction-sections -c -fmessage-length=0 -MMD -MP -MF"Drivers/STM32L4xx_HAL_Driver/Src/stm32l4xx_hal_pwr_ex.d" -MT"Drivers/STM32L4xx_HAL_Driver/Src/stm32l4xx_hal_pwr_ex.o" -o "Drivers/STM32L4xx_HAL_Driver/Src/stm32l4xx_hal_pwr_ex.o" "../Drivers/STM32L4xx_HAL_Driver/Src/stm32l4xx_hal_pwr_ex.c"
Finished building: ../Drivers/STM32L4xx_HAL_Driver/Src/stm32l4xx_hal_pwr_ex.c
 
Building file: ../Drivers/STM32L4xx_HAL_Driver/Src/stm32l4xx_hal_rcc.c
Invoking: MCU GCC Compiler
D:\Studia wszystko\Studia 5\sem 3\praca magisterska\kody STM\pr\Debug
arm-none-eabi-gcc -mcpu=cortex-m4 -mthumb -mfloat-abi=hard -mfpu=fpv4-sp-d16 '-D__weak=__attribute__((weak))' '-D__packed=__attribute__((__packed__))' -DUSE_HAL_DRIVER -DSTM32L475xx -I"D:/Studia wszystko/Studia 5/sem 3/praca magisterska/kody STM/pr/Inc" -I"D:/Studia wszystko/Studia 5/sem 3/praca magisterska/kody STM/pr/Drivers/STM32L4xx_HAL_Driver/Inc" -I"D:/Studia wszystko/Studia 5/sem 3/praca magisterska/kody STM/pr/Drivers/STM32L4xx_HAL_Driver/Inc/Legacy" -I"D:/Studia wszystko/Studia 5/sem 3/praca magisterska/kody STM/pr/Drivers/CMSIS/Device/ST/STM32L4xx/Include" -I"D:/Studia wszystko/Studia 5/sem 3/praca magisterska/kody STM/pr/Drivers/CMSIS/Include"  -Og -g3 -Wall -fmessage-length=0 -ffunction-sections -c -fmessage-length=0 -MMD -MP -MF"Drivers/STM32L4xx_HAL_Driver/Src/stm32l4xx_hal_rcc.d" -MT"Drivers/STM32L4xx_HAL_Driver/Src/stm32l4xx_hal_rcc.o" -o "Drivers/STM32L4xx_HAL_Driver/Src/stm32l4xx_hal_rcc.o" "../Drivers/STM32L4xx_HAL_Driver/Src/stm32l4xx_hal_rcc.c"
Finished building: ../Drivers/STM32L4xx_HAL_Driver/Src/stm32l4xx_hal_rcc.c
 
Building file: ../Drivers/STM32L4xx_HAL_Driver/Src/stm32l4xx_hal_rcc_ex.c
Invoking: MCU GCC Compiler
D:\Studia wszystko\Studia 5\sem 3\praca magisterska\kody STM\pr\Debug
arm-none-eabi-gcc -mcpu=cortex-m4 -mthumb -mfloat-abi=hard -mfpu=fpv4-sp-d16 '-D__weak=__attribute__((weak))' '-D__packed=__attribute__((__packed__))' -DUSE_HAL_DRIVER -DSTM32L475xx -I"D:/Studia wszystko/Studia 5/sem 3/praca magisterska/kody STM/pr/Inc" -I"D:/Studia wszystko/Studia 5/sem 3/praca magisterska/kody STM/pr/Drivers/STM32L4xx_HAL_Driver/Inc" -I"D:/Studia wszystko/Studia 5/sem 3/praca magisterska/kody STM/pr/Drivers/STM32L4xx_HAL_Driver/Inc/Legacy" -I"D:/Studia wszystko/Studia 5/sem 3/praca magisterska/kody STM/pr/Drivers/CMSIS/Device/ST/STM32L4xx/Include" -I"D:/Studia wszystko/Studia 5/sem 3/praca magisterska/kody STM/pr/Drivers/CMSIS/Include"  -Og -g3 -Wall -fmessage-length=0 -ffunction-sections -c -fmessage-length=0 -MMD -MP -MF"Drivers/STM32L4xx_HAL_Driver/Src/stm32l4xx_hal_rcc_ex.d" -MT"Drivers/STM32L4xx_HAL_Driver/Src/stm32l4xx_hal_rcc_ex.o" -o "Drivers/STM32L4xx_HAL_Driver/Src/stm32l4xx_hal_rcc_ex.o" "../Drivers/STM32L4xx_HAL_Driver/Src/stm32l4xx_hal_rcc_ex.c"
Finished building: ../Drivers/STM32L4xx_HAL_Driver/Src/stm32l4xx_hal_rcc_ex.c
 
Building file: ../Drivers/STM32L4xx_HAL_Driver/Src/stm32l4xx_hal_tim.c
Invoking: MCU GCC Compiler
D:\Studia wszystko\Studia 5\sem 3\praca magisterska\kody STM\pr\Debug
arm-none-eabi-gcc -mcpu=cortex-m4 -mthumb -mfloat-abi=hard -mfpu=fpv4-sp-d16 '-D__weak=__attribute__((weak))' '-D__packed=__attribute__((__packed__))' -DUSE_HAL_DRIVER -DSTM32L475xx -I"D:/Studia wszystko/Studia 5/sem 3/praca magisterska/kody STM/pr/Inc" -I"D:/Studia wszystko/Studia 5/sem 3/praca magisterska/kody STM/pr/Drivers/STM32L4xx_HAL_Driver/Inc" -I"D:/Studia wszystko/Studia 5/sem 3/praca magisterska/kody STM/pr/Drivers/STM32L4xx_HAL_Driver/Inc/Legacy" -I"D:/Studia wszystko/Studia 5/sem 3/praca magisterska/kody STM/pr/Drivers/CMSIS/Device/ST/STM32L4xx/Include" -I"D:/Studia wszystko/Studia 5/sem 3/praca magisterska/kody STM/pr/Drivers/CMSIS/Include"  -Og -g3 -Wall -fmessage-length=0 -ffunction-sections -c -fmessage-length=0 -MMD -MP -MF"Drivers/STM32L4xx_HAL_Driver/Src/stm32l4xx_hal_tim.d" -MT"Drivers/STM32L4xx_HAL_Driver/Src/stm32l4xx_hal_tim.o" -o "Drivers/STM32L4xx_HAL_Driver/Src/stm32l4xx_hal_tim.o" "../Drivers/STM32L4xx_HAL_Driver/Src/stm32l4xx_hal_tim.c"
Finished building: ../Drivers/STM32L4xx_HAL_Driver/Src/stm32l4xx_hal_tim.c
 
Building file: ../Drivers/STM32L4xx_HAL_Driver/Src/stm32l4xx_hal_tim_ex.c
Invoking: MCU GCC Compiler
D:\Studia wszystko\Studia 5\sem 3\praca magisterska\kody STM\pr\Debug
arm-none-eabi-gcc -mcpu=cortex-m4 -mthumb -mfloat-abi=hard -mfpu=fpv4-sp-d16 '-D__weak=__attribute__((weak))' '-D__packed=__attribute__((__packed__))' -DUSE_HAL_DRIVER -DSTM32L475xx -I"D:/Studia wszystko/Studia 5/sem 3/praca magisterska/kody STM/pr/Inc" -I"D:/Studia wszystko/Studia 5/sem 3/praca magisterska/kody STM/pr/Drivers/STM32L4xx_HAL_Driver/Inc" -I"D:/Studia wszystko/Studia 5/sem 3/praca magisterska/kody STM/pr/Drivers/STM32L4xx_HAL_Driver/Inc/Legacy" -I"D:/Studia wszystko/Studia 5/sem 3/praca magisterska/kody STM/pr/Drivers/CMSIS/Device/ST/STM32L4xx/Include" -I"D:/Studia wszystko/Studia 5/sem 3/praca magisterska/kody STM/pr/Drivers/CMSIS/Include"  -Og -g3 -Wall -fmessage-length=0 -ffunction-sections -c -fmessage-length=0 -MMD -MP -MF"Drivers/STM32L4xx_HAL_Driver/Src/stm32l4xx_hal_tim_ex.d" -MT"Drivers/STM32L4xx_HAL_Driver/Src/stm32l4xx_hal_tim_ex.o" -o "Drivers/STM32L4xx_HAL_Driver/Src/stm32l4xx_hal_tim_ex.o" "../Drivers/STM32L4xx_HAL_Driver/Src/stm32l4xx_hal_tim_ex.c"
Finished building: ../Drivers/STM32L4xx_HAL_Driver/Src/stm32l4xx_hal_tim_ex.c
 
Building file: ../Drivers/STM32L4xx_HAL_Driver/Src/stm32l4xx_hal_uart.c
Invoking: MCU GCC Compiler
D:\Studia wszystko\Studia 5\sem 3\praca magisterska\kody STM\pr\Debug
arm-none-eabi-gcc -mcpu=cortex-m4 -mthumb -mfloat-abi=hard -mfpu=fpv4-sp-d16 '-D__weak=__attribute__((weak))' '-D__packed=__attribute__((__packed__))' -DUSE_HAL_DRIVER -DSTM32L475xx -I"D:/Studia wszystko/Studia 5/sem 3/praca magisterska/kody STM/pr/Inc" -I"D:/Studia wszystko/Studia 5/sem 3/praca magisterska/kody STM/pr/Drivers/STM32L4xx_HAL_Driver/Inc" -I"D:/Studia wszystko/Studia 5/sem 3/praca magisterska/kody STM/pr/Drivers/STM32L4xx_HAL_Driver/Inc/Legacy" -I"D:/Studia wszystko/Studia 5/sem 3/praca magisterska/kody STM/pr/Drivers/CMSIS/Device/ST/STM32L4xx/Include" -I"D:/Studia wszystko/Studia 5/sem 3/praca magisterska/kody STM/pr/Drivers/CMSIS/Include"  -Og -g3 -Wall -fmessage-length=0 -ffunction-sections -c -fmessage-length=0 -MMD -MP -MF"Drivers/STM32L4xx_HAL_Driver/Src/stm32l4xx_hal_uart.d" -MT"Drivers/STM32L4xx_HAL_Driver/Src/stm32l4xx_hal_uart.o" -o "Drivers/STM32L4xx_HAL_Driver/Src/stm32l4xx_hal_uart.o" "../Drivers/STM32L4xx_HAL_Driver/Src/stm32l4xx_hal_uart.c"
Finished building: ../Drivers/STM32L4xx_HAL_Driver/Src/stm32l4xx_hal_uart.c
 
Building file: ../Drivers/STM32L4xx_HAL_Driver/Src/stm32l4xx_hal_uart_ex.c
Invoking: MCU GCC Compiler
D:\Studia wszystko\Studia 5\sem 3\praca magisterska\kody STM\pr\Debug
arm-none-eabi-gcc -mcpu=cortex-m4 -mthumb -mfloat-abi=hard -mfpu=fpv4-sp-d16 '-D__weak=__attribute__((weak))' '-D__packed=__attribute__((__packed__))' -DUSE_HAL_DRIVER -DSTM32L475xx -I"D:/Studia wszystko/Studia 5/sem 3/praca magisterska/kody STM/pr/Inc" -I"D:/Studia wszystko/Studia 5/sem 3/praca magisterska/kody STM/pr/Drivers/STM32L4xx_HAL_Driver/Inc" -I"D:/Studia wszystko/Studia 5/sem 3/praca magisterska/kody STM/pr/Drivers/STM32L4xx_HAL_Driver/Inc/Legacy" -I"D:/Studia wszystko/Studia 5/sem 3/praca magisterska/kody STM/pr/Drivers/CMSIS/Device/ST/STM32L4xx/Include" -I"D:/Studia wszystko/Studia 5/sem 3/praca magisterska/kody STM/pr/Drivers/CMSIS/Include"  -Og -g3 -Wall -fmessage-length=0 -ffunction-sections -c -fmessage-length=0 -MMD -MP -MF"Drivers/STM32L4xx_HAL_Driver/Src/stm32l4xx_hal_uart_ex.d" -MT"Drivers/STM32L4xx_HAL_Driver/Src/stm32l4xx_hal_uart_ex.o" -o "Drivers/STM32L4xx_HAL_Driver/Src/stm32l4xx_hal_uart_ex.o" "../Drivers/STM32L4xx_HAL_Driver/Src/stm32l4xx_hal_uart_ex.c"
Finished building: ../Drivers/STM32L4xx_HAL_Driver/Src/stm32l4xx_hal_uart_ex.c
 
Building target: pr.elf
Invoking: MCU GCC Linker
arm-none-eabi-gcc -mcpu=cortex-m4 -mthumb -mfloat-abi=hard -mfpu=fpv4-sp-d16 -specs=nosys.specs -specs=nano.specs -u_printf_float -T"../STM32L475RETx_FLASH.ld" -Wl,-Map=output.map -Wl,--gc-sections -o "pr.elf" @"objects.list"   -lm
Finished building target: pr.elf
 
make --no-print-directory post-build
Generating hex and Printing size information:
arm-none-eabi-objcopy -O ihex "pr.elf" "pr.hex"
arm-none-eabi-size "pr.elf"
   text	   data	    bss	    dec	    hex	filename
  24312	    488	   2224	  27024	   6990	pr.elf
 
21:39:56 **** Incremental Build of configuration Debug for project pr ****
make all 
Building file: ../Src/main.c
Invoking: MCU GCC Compiler
D:\Studia wszystko\Studia 5\sem 3\praca magisterska\kody STM\pr\Debug
arm-none-eabi-gcc -mcpu=cortex-m4 -mthumb -mfloat-abi=hard -mfpu=fpv4-sp-d16 '-D__weak=__attribute__((weak))' '-D__packed=__attribute__((__packed__))' -DUSE_HAL_DRIVER -DSTM32L475xx -I"D:/Studia wszystko/Studia 5/sem 3/praca magisterska/kody STM/pr/Inc" -I"D:/Studia wszystko/Studia 5/sem 3/praca magisterska/kody STM/pr/Drivers/STM32L4xx_HAL_Driver/Inc" -I"D:/Studia wszystko/Studia 5/sem 3/praca magisterska/kody STM/pr/Drivers/STM32L4xx_HAL_Driver/Inc/Legacy" -I"D:/Studia wszystko/Studia 5/sem 3/praca magisterska/kody STM/pr/Drivers/CMSIS/Device/ST/STM32L4xx/Include" -I"D:/Studia wszystko/Studia 5/sem 3/praca magisterska/kody STM/pr/Drivers/CMSIS/Include"  -Og -g3 -Wall -fmessage-length=0 -ffunction-sections -c -fmessage-length=0 -MMD -MP -MF"Src/main.d" -MT"Src/main.o" -o "Src/main.o" "../Src/main.c"
../Src/main.c: In function 'BMP388_calculate_temp_coef':
../Src/main.c:251:29: warning: implicit declaration of function 'pow' [-Wimplicit-function-declaration]
  par_t1 = (float)NVM_PAR_T1*pow(2,8);//7103488
                             ^~~
../Src/main.c:251:29: warning: incompatible implicit declaration of built-in function 'pow'
../Src/main.c:251:29: note: include '<math.h>' or provide a declaration of 'pow'
../Src/main.c: In function 'BMP388_calculate_pres_coef':
../Src/main.c:257:30: warning: incompatible implicit declaration of built-in function 'pow'
  par_p1 = ((float)NVM_PAR_P1-pow(2,14))/pow(2,20);
                              ^~~
../Src/main.c:257:30: note: include '<math.h>' or provide a declaration of 'pow'
../Src/main.c: In function 'pt1000_temp_meas_method1':
../Src/main.c:444:27: warning: implicit declaration of function 'sqrt' [-Wimplicit-function-declaration]
  temperature = (0.0039083-sqrt(delta))/(0.000001155);
                           ^~~~
../Src/main.c:444:27: warning: incompatible implicit declaration of built-in function 'sqrt'
../Src/main.c:444:27: note: include '<math.h>' or provide a declaration of 'sqrt'
../Src/main.c:449:2: warning: implicit declaration of function 'sprintf' [-Wimplicit-function-declaration]
  sprintf(wyslij, "temp PT1000 %f ", temperature);
  ^~~~~~~
../Src/main.c:449:2: warning: incompatible implicit declaration of built-in function 'sprintf'
../Src/main.c:449:2: note: include '<stdio.h>' or provide a declaration of 'sprintf'
../Src/main.c:449:10: warning: pointer targets in passing argument 1 of 'sprintf' differ in signedness [-Wpointer-sign]
  sprintf(wyslij, "temp PT1000 %f ", temperature);
          ^~~~~~
../Src/main.c:449:10: note: expected 'char *' but argument is of type 'uint8_t * {aka unsigned char *}'
../Src/main.c:450:29: warning: passing argument 2 of 'HAL_UART_Transmit' from incompatible pointer type [-Wincompatible-pointer-types]
  HAL_UART_Transmit(&huart5, &wyslij, sizeof(wyslij), 100);
                             ^
In file included from D:/Studia wszystko/Studia 5/sem 3/praca magisterska/kody STM/pr/Inc/stm32l4xx_hal_conf.h:380:0,
                 from D:/Studia wszystko/Studia 5/sem 3/praca magisterska/kody STM/pr/Drivers/STM32L4xx_HAL_Driver/Inc/stm32l4xx_hal.h:46,
                 from D:/Studia wszystko/Studia 5/sem 3/praca magisterska/kody STM/pr/Inc/main.h:51,
                 from ../Src/main.c:42:
D:/Studia wszystko/Studia 5/sem 3/praca magisterska/kody STM/pr/Drivers/STM32L4xx_HAL_Driver/Inc/stm32l4xx_hal_uart.h:1597:19: note: expected 'uint8_t * {aka unsigned char *}' but argument is of type 'uint8_t (*)[20] {aka unsigned char (*)[20]}'
 HAL_StatusTypeDef HAL_UART_Transmit(UART_HandleTypeDef *huart, uint8_t *pData, uint16_t Size, uint32_t Timeout);
                   ^~~~~~~~~~~~~~~~~
../Src/main.c:424:8: warning: variable 'time_us' set but not used [-Wunused-but-set-variable]
  float time_us = 0, time = 0;
        ^~~~~~~
../Src/main.c: In function 'pt1000_temp_meas_method2':
../Src/main.c:571:2: warning: incompatible implicit declaration of built-in function 'sprintf'
  sprintf(wyslij, "res2 %f ", resistance);
  ^~~~~~~
../Src/main.c:571:2: note: include '<stdio.h>' or provide a declaration of 'sprintf'
../Src/main.c:571:10: warning: pointer targets in passing argument 1 of 'sprintf' differ in signedness [-Wpointer-sign]
  sprintf(wyslij, "res2 %f ", resistance);
          ^~~~~~
../Src/main.c:571:10: note: expected 'char *' but argument is of type 'uint8_t * {aka unsigned char *}'
../Src/main.c:572:29: warning: passing argument 2 of 'HAL_UART_Transmit' from incompatible pointer type [-Wincompatible-pointer-types]
  HAL_UART_Transmit(&huart5, &wyslij, sizeof(wyslij), 100);
                             ^
In file included from D:/Studia wszystko/Studia 5/sem 3/praca magisterska/kody STM/pr/Inc/stm32l4xx_hal_conf.h:380:0,
                 from D:/Studia wszystko/Studia 5/sem 3/praca magisterska/kody STM/pr/Drivers/STM32L4xx_HAL_Driver/Inc/stm32l4xx_hal.h:46,
                 from D:/Studia wszystko/Studia 5/sem 3/praca magisterska/kody STM/pr/Inc/main.h:51,
                 from ../Src/main.c:42:
D:/Studia wszystko/Studia 5/sem 3/praca magisterska/kody STM/pr/Drivers/STM32L4xx_HAL_Driver/Inc/stm32l4xx_hal_uart.h:1597:19: note: expected 'uint8_t * {aka unsigned char *}' but argument is of type 'uint8_t (*)[20] {aka unsigned char (*)[20]}'
 HAL_StatusTypeDef HAL_UART_Transmit(UART_HandleTypeDef *huart, uint8_t *pData, uint16_t Size, uint32_t Timeout);
                   ^~~~~~~~~~~~~~~~~
../Src/main.c:538:22: warning: variable 'time_us2' set but not used [-Wunused-but-set-variable]
  float time_us1 = 0, time_us2 = 0, resistance = 0, suma1 = 0, suma2 = 0;
                      ^~~~~~~~
../Src/main.c:538:8: warning: variable 'time_us1' set but not used [-Wunused-but-set-variable]
  float time_us1 = 0, time_us2 = 0, resistance = 0, suma1 = 0, suma2 = 0;
        ^~~~~~~~
../Src/main.c: In function 'pt1000_temp_meas_method3':
../Src/main.c:728:2: warning: incompatible implicit declaration of built-in function 'sprintf'
  sprintf(wyslij, "resistance %f ", resistance);
  ^~~~~~~
../Src/main.c:728:2: note: include '<stdio.h>' or provide a declaration of 'sprintf'
../Src/main.c:728:10: warning: pointer targets in passing argument 1 of 'sprintf' differ in signedness [-Wpointer-sign]
  sprintf(wyslij, "resistance %f ", resistance);
          ^~~~~~
../Src/main.c:728:10: note: expected 'char *' but argument is of type 'uint8_t * {aka unsigned char *}'
../Src/main.c:729:29: warning: passing argument 2 of 'HAL_UART_Transmit' from incompatible pointer type [-Wincompatible-pointer-types]
  HAL_UART_Transmit(&huart5, &wyslij, sizeof(wyslij), 100);
                             ^
In file included from D:/Studia wszystko/Studia 5/sem 3/praca magisterska/kody STM/pr/Inc/stm32l4xx_hal_conf.h:380:0,
                 from D:/Studia wszystko/Studia 5/sem 3/praca magisterska/kody STM/pr/Drivers/STM32L4xx_HAL_Driver/Inc/stm32l4xx_hal.h:46,
                 from D:/Studia wszystko/Studia 5/sem 3/praca magisterska/kody STM/pr/Inc/main.h:51,
                 from ../Src/main.c:42:
D:/Studia wszystko/Studia 5/sem 3/praca magisterska/kody STM/pr/Drivers/STM32L4xx_HAL_Driver/Inc/stm32l4xx_hal_uart.h:1597:19: note: expected 'uint8_t * {aka unsigned char *}' but argument is of type 'uint8_t (*)[20] {aka unsigned char (*)[20]}'
 HAL_StatusTypeDef HAL_UART_Transmit(UART_HandleTypeDef *huart, uint8_t *pData, uint16_t Size, uint32_t Timeout);
                   ^~~~~~~~~~~~~~~~~
../Src/main.c:695:36: warning: variable 'time_us3' set but not used [-Wunused-but-set-variable]
  float time_us1 = 0, time_us2 = 0, time_us3 = 0, resistance = 0, suma1 = 0, suma2 = 0, suma3 = 0;
                                    ^~~~~~~~
../Src/main.c:695:22: warning: variable 'time_us2' set but not used [-Wunused-but-set-variable]
  float time_us1 = 0, time_us2 = 0, time_us3 = 0, resistance = 0, suma1 = 0, suma2 = 0, suma3 = 0;
                      ^~~~~~~~
../Src/main.c:695:8: warning: variable 'time_us1' set but not used [-Wunused-but-set-variable]
  float time_us1 = 0, time_us2 = 0, time_us3 = 0, resistance = 0, suma1 = 0, suma2 = 0, suma3 = 0;
        ^~~~~~~~
../Src/main.c: In function 'pt1000_temp_meas_method1':
../Src/main.c:449:33: warning: ' ' directive writing 1 byte into a region of size 0 [-Wformat-overflow=]
  sprintf(wyslij, "temp PT1000 %f ", temperature);
                                 ^
../Src/main.c:449:2: note: 'sprintf' output between 22 and 331 bytes into a destination of size 20
  sprintf(wyslij, "temp PT1000 %f ", temperature);
  ^~~~~~~~~~~~~~~~~~~~~~~~~~~~~~~~~~~~~~~~~~~~~~~
../Src/main.c: In function 'pt1000_temp_meas_method3':
../Src/main.c:728:33: warning: 'sprintf' writing a terminating nul past the end of the destination [-Wformat-overflow=]
  sprintf(wyslij, "resistance %f ", resistance);
                                 ^
../Src/main.c:728:2: note: 'sprintf' output between 21 and 330 bytes into a destination of size 20
  sprintf(wyslij, "resistance %f ", resistance);
  ^~~~~~~~~~~~~~~~~~~~~~~~~~~~~~~~~~~~~~~~~~~~~
Finished building: ../Src/main.c
 
Building target: pr.elf
Invoking: MCU GCC Linker
arm-none-eabi-gcc -mcpu=cortex-m4 -mthumb -mfloat-abi=hard -mfpu=fpv4-sp-d16 -specs=nosys.specs -specs=nano.specs -u_printf_float -T"../STM32L475RETx_FLASH.ld" -Wl,-Map=output.map -Wl,--gc-sections -o "pr.elf" @"objects.list"   -lm
Finished building target: pr.elf
 
make --no-print-directory post-build
Generating hex and Printing size information:
arm-none-eabi-objcopy -O ihex "pr.elf" "pr.hex"
arm-none-eabi-size "pr.elf"
   text	   data	    bss	    dec	    hex	filename
  24440	    488	   2224	  27152	   6a10	pr.elf
 
21:41:05 **** Incremental Build of configuration Debug for project pr ****
make all 
Building file: ../Src/main.c
Invoking: MCU GCC Compiler
D:\Studia wszystko\Studia 5\sem 3\praca magisterska\kody STM\pr\Debug
arm-none-eabi-gcc -mcpu=cortex-m4 -mthumb -mfloat-abi=hard -mfpu=fpv4-sp-d16 '-D__weak=__attribute__((weak))' '-D__packed=__attribute__((__packed__))' -DUSE_HAL_DRIVER -DSTM32L475xx -I"D:/Studia wszystko/Studia 5/sem 3/praca magisterska/kody STM/pr/Inc" -I"D:/Studia wszystko/Studia 5/sem 3/praca magisterska/kody STM/pr/Drivers/STM32L4xx_HAL_Driver/Inc" -I"D:/Studia wszystko/Studia 5/sem 3/praca magisterska/kody STM/pr/Drivers/STM32L4xx_HAL_Driver/Inc/Legacy" -I"D:/Studia wszystko/Studia 5/sem 3/praca magisterska/kody STM/pr/Drivers/CMSIS/Device/ST/STM32L4xx/Include" -I"D:/Studia wszystko/Studia 5/sem 3/praca magisterska/kody STM/pr/Drivers/CMSIS/Include"  -Og -g3 -Wall -fmessage-length=0 -ffunction-sections -c -fmessage-length=0 -MMD -MP -MF"Src/main.d" -MT"Src/main.o" -o "Src/main.o" "../Src/main.c"
../Src/main.c: In function 'BMP388_calculate_temp_coef':
../Src/main.c:251:29: warning: implicit declaration of function 'pow' [-Wimplicit-function-declaration]
  par_t1 = (float)NVM_PAR_T1*pow(2,8);//7103488
                             ^~~
../Src/main.c:251:29: warning: incompatible implicit declaration of built-in function 'pow'
../Src/main.c:251:29: note: include '<math.h>' or provide a declaration of 'pow'
../Src/main.c: In function 'BMP388_calculate_pres_coef':
../Src/main.c:257:30: warning: incompatible implicit declaration of built-in function 'pow'
  par_p1 = ((float)NVM_PAR_P1-pow(2,14))/pow(2,20);
                              ^~~
../Src/main.c:257:30: note: include '<math.h>' or provide a declaration of 'pow'
../Src/main.c: In function 'pt1000_temp_meas_method1':
../Src/main.c:444:27: warning: implicit declaration of function 'sqrt' [-Wimplicit-function-declaration]
  temperature = (0.0039083-sqrt(delta))/(0.000001155);
                           ^~~~
../Src/main.c:444:27: warning: incompatible implicit declaration of built-in function 'sqrt'
../Src/main.c:444:27: note: include '<math.h>' or provide a declaration of 'sqrt'
../Src/main.c:449:2: warning: implicit declaration of function 'sprintf' [-Wimplicit-function-declaration]
  sprintf(wyslij, "temp PT1000 %f ", temperature);
  ^~~~~~~
../Src/main.c:449:2: warning: incompatible implicit declaration of built-in function 'sprintf'
../Src/main.c:449:2: note: include '<stdio.h>' or provide a declaration of 'sprintf'
../Src/main.c:449:10: warning: pointer targets in passing argument 1 of 'sprintf' differ in signedness [-Wpointer-sign]
  sprintf(wyslij, "temp PT1000 %f ", temperature);
          ^~~~~~
../Src/main.c:449:10: note: expected 'char *' but argument is of type 'uint8_t * {aka unsigned char *}'
../Src/main.c:450:29: warning: passing argument 2 of 'HAL_UART_Transmit' from incompatible pointer type [-Wincompatible-pointer-types]
  HAL_UART_Transmit(&huart5, &wyslij, sizeof(wyslij), 100);
                             ^
In file included from D:/Studia wszystko/Studia 5/sem 3/praca magisterska/kody STM/pr/Inc/stm32l4xx_hal_conf.h:380:0,
                 from D:/Studia wszystko/Studia 5/sem 3/praca magisterska/kody STM/pr/Drivers/STM32L4xx_HAL_Driver/Inc/stm32l4xx_hal.h:46,
                 from D:/Studia wszystko/Studia 5/sem 3/praca magisterska/kody STM/pr/Inc/main.h:51,
                 from ../Src/main.c:42:
D:/Studia wszystko/Studia 5/sem 3/praca magisterska/kody STM/pr/Drivers/STM32L4xx_HAL_Driver/Inc/stm32l4xx_hal_uart.h:1597:19: note: expected 'uint8_t * {aka unsigned char *}' but argument is of type 'uint8_t (*)[20] {aka unsigned char (*)[20]}'
 HAL_StatusTypeDef HAL_UART_Transmit(UART_HandleTypeDef *huart, uint8_t *pData, uint16_t Size, uint32_t Timeout);
                   ^~~~~~~~~~~~~~~~~
../Src/main.c:424:8: warning: variable 'time_us' set but not used [-Wunused-but-set-variable]
  float time_us = 0, time = 0;
        ^~~~~~~
../Src/main.c: In function 'pt1000_temp_meas_method2':
../Src/main.c:571:2: warning: incompatible implicit declaration of built-in function 'sprintf'
  sprintf(wyslij, "res2 %f ", resistance);
  ^~~~~~~
../Src/main.c:571:2: note: include '<stdio.h>' or provide a declaration of 'sprintf'
../Src/main.c:571:10: warning: pointer targets in passing argument 1 of 'sprintf' differ in signedness [-Wpointer-sign]
  sprintf(wyslij, "res2 %f ", resistance);
          ^~~~~~
../Src/main.c:571:10: note: expected 'char *' but argument is of type 'uint8_t * {aka unsigned char *}'
../Src/main.c:572:29: warning: passing argument 2 of 'HAL_UART_Transmit' from incompatible pointer type [-Wincompatible-pointer-types]
  HAL_UART_Transmit(&huart5, &wyslij, sizeof(wyslij), 100);
                             ^
In file included from D:/Studia wszystko/Studia 5/sem 3/praca magisterska/kody STM/pr/Inc/stm32l4xx_hal_conf.h:380:0,
                 from D:/Studia wszystko/Studia 5/sem 3/praca magisterska/kody STM/pr/Drivers/STM32L4xx_HAL_Driver/Inc/stm32l4xx_hal.h:46,
                 from D:/Studia wszystko/Studia 5/sem 3/praca magisterska/kody STM/pr/Inc/main.h:51,
                 from ../Src/main.c:42:
D:/Studia wszystko/Studia 5/sem 3/praca magisterska/kody STM/pr/Drivers/STM32L4xx_HAL_Driver/Inc/stm32l4xx_hal_uart.h:1597:19: note: expected 'uint8_t * {aka unsigned char *}' but argument is of type 'uint8_t (*)[20] {aka unsigned char (*)[20]}'
 HAL_StatusTypeDef HAL_UART_Transmit(UART_HandleTypeDef *huart, uint8_t *pData, uint16_t Size, uint32_t Timeout);
                   ^~~~~~~~~~~~~~~~~
../Src/main.c:538:22: warning: variable 'time_us2' set but not used [-Wunused-but-set-variable]
  float time_us1 = 0, time_us2 = 0, resistance = 0, suma1 = 0, suma2 = 0;
                      ^~~~~~~~
../Src/main.c:538:8: warning: variable 'time_us1' set but not used [-Wunused-but-set-variable]
  float time_us1 = 0, time_us2 = 0, resistance = 0, suma1 = 0, suma2 = 0;
        ^~~~~~~~
../Src/main.c: In function 'pt1000_temp_meas_method3':
../Src/main.c:728:2: warning: incompatible implicit declaration of built-in function 'sprintf'
  sprintf(wyslij, "resistance %f ", resistance);
  ^~~~~~~
../Src/main.c:728:2: note: include '<stdio.h>' or provide a declaration of 'sprintf'
../Src/main.c:728:10: warning: pointer targets in passing argument 1 of 'sprintf' differ in signedness [-Wpointer-sign]
  sprintf(wyslij, "resistance %f ", resistance);
          ^~~~~~
../Src/main.c:728:10: note: expected 'char *' but argument is of type 'uint8_t * {aka unsigned char *}'
../Src/main.c:729:29: warning: passing argument 2 of 'HAL_UART_Transmit' from incompatible pointer type [-Wincompatible-pointer-types]
  HAL_UART_Transmit(&huart5, &wyslij, sizeof(wyslij), 100);
                             ^
In file included from D:/Studia wszystko/Studia 5/sem 3/praca magisterska/kody STM/pr/Inc/stm32l4xx_hal_conf.h:380:0,
                 from D:/Studia wszystko/Studia 5/sem 3/praca magisterska/kody STM/pr/Drivers/STM32L4xx_HAL_Driver/Inc/stm32l4xx_hal.h:46,
                 from D:/Studia wszystko/Studia 5/sem 3/praca magisterska/kody STM/pr/Inc/main.h:51,
                 from ../Src/main.c:42:
D:/Studia wszystko/Studia 5/sem 3/praca magisterska/kody STM/pr/Drivers/STM32L4xx_HAL_Driver/Inc/stm32l4xx_hal_uart.h:1597:19: note: expected 'uint8_t * {aka unsigned char *}' but argument is of type 'uint8_t (*)[20] {aka unsigned char (*)[20]}'
 HAL_StatusTypeDef HAL_UART_Transmit(UART_HandleTypeDef *huart, uint8_t *pData, uint16_t Size, uint32_t Timeout);
                   ^~~~~~~~~~~~~~~~~
../Src/main.c:695:36: warning: variable 'time_us3' set but not used [-Wunused-but-set-variable]
  float time_us1 = 0, time_us2 = 0, time_us3 = 0, resistance = 0, suma1 = 0, suma2 = 0, suma3 = 0;
                                    ^~~~~~~~
../Src/main.c:695:22: warning: variable 'time_us2' set but not used [-Wunused-but-set-variable]
  float time_us1 = 0, time_us2 = 0, time_us3 = 0, resistance = 0, suma1 = 0, suma2 = 0, suma3 = 0;
                      ^~~~~~~~
../Src/main.c:695:8: warning: variable 'time_us1' set but not used [-Wunused-but-set-variable]
  float time_us1 = 0, time_us2 = 0, time_us3 = 0, resistance = 0, suma1 = 0, suma2 = 0, suma3 = 0;
        ^~~~~~~~
../Src/main.c: In function 'pt1000_temp_meas_method1':
../Src/main.c:449:33: warning: ' ' directive writing 1 byte into a region of size 0 [-Wformat-overflow=]
  sprintf(wyslij, "temp PT1000 %f ", temperature);
                                 ^
../Src/main.c:449:2: note: 'sprintf' output between 22 and 331 bytes into a destination of size 20
  sprintf(wyslij, "temp PT1000 %f ", temperature);
  ^~~~~~~~~~~~~~~~~~~~~~~~~~~~~~~~~~~~~~~~~~~~~~~
../Src/main.c: In function 'pt1000_temp_meas_method3':
../Src/main.c:728:33: warning: 'sprintf' writing a terminating nul past the end of the destination [-Wformat-overflow=]
  sprintf(wyslij, "resistance %f ", resistance);
                                 ^
../Src/main.c:728:2: note: 'sprintf' output between 21 and 330 bytes into a destination of size 20
  sprintf(wyslij, "resistance %f ", resistance);
  ^~~~~~~~~~~~~~~~~~~~~~~~~~~~~~~~~~~~~~~~~~~~~
Finished building: ../Src/main.c
 
Building target: pr.elf
Invoking: MCU GCC Linker
arm-none-eabi-gcc -mcpu=cortex-m4 -mthumb -mfloat-abi=hard -mfpu=fpv4-sp-d16 -specs=nosys.specs -specs=nano.specs -u_printf_float -T"../STM32L475RETx_FLASH.ld" -Wl,-Map=output.map -Wl,--gc-sections -o "pr.elf" @"objects.list"   -lm
Finished building target: pr.elf
 
make --no-print-directory post-build
Generating hex and Printing size information:
arm-none-eabi-objcopy -O ihex "pr.elf" "pr.hex"
arm-none-eabi-size "pr.elf"
   text	   data	    bss	    dec	    hex	filename
  24464	    488	   2224	  27176	   6a28	pr.elf
 
21:43:50 **** Incremental Build of configuration Debug for project pr ****
make all 
Building file: ../Src/main.c
Invoking: MCU GCC Compiler
D:\Studia wszystko\Studia 5\sem 3\praca magisterska\kody STM\pr\Debug
arm-none-eabi-gcc -mcpu=cortex-m4 -mthumb -mfloat-abi=hard -mfpu=fpv4-sp-d16 '-D__weak=__attribute__((weak))' '-D__packed=__attribute__((__packed__))' -DUSE_HAL_DRIVER -DSTM32L475xx -I"D:/Studia wszystko/Studia 5/sem 3/praca magisterska/kody STM/pr/Inc" -I"D:/Studia wszystko/Studia 5/sem 3/praca magisterska/kody STM/pr/Drivers/STM32L4xx_HAL_Driver/Inc" -I"D:/Studia wszystko/Studia 5/sem 3/praca magisterska/kody STM/pr/Drivers/STM32L4xx_HAL_Driver/Inc/Legacy" -I"D:/Studia wszystko/Studia 5/sem 3/praca magisterska/kody STM/pr/Drivers/CMSIS/Device/ST/STM32L4xx/Include" -I"D:/Studia wszystko/Studia 5/sem 3/praca magisterska/kody STM/pr/Drivers/CMSIS/Include"  -Og -g3 -Wall -fmessage-length=0 -ffunction-sections -c -fmessage-length=0 -MMD -MP -MF"Src/main.d" -MT"Src/main.o" -o "Src/main.o" "../Src/main.c"
../Src/main.c: In function 'BMP388_calculate_temp_coef':
../Src/main.c:251:29: warning: implicit declaration of function 'pow' [-Wimplicit-function-declaration]
  par_t1 = (float)NVM_PAR_T1*pow(2,8);//7103488
                             ^~~
../Src/main.c:251:29: warning: incompatible implicit declaration of built-in function 'pow'
../Src/main.c:251:29: note: include '<math.h>' or provide a declaration of 'pow'
../Src/main.c: In function 'BMP388_calculate_pres_coef':
../Src/main.c:257:30: warning: incompatible implicit declaration of built-in function 'pow'
  par_p1 = ((float)NVM_PAR_P1-pow(2,14))/pow(2,20);
                              ^~~
../Src/main.c:257:30: note: include '<math.h>' or provide a declaration of 'pow'
../Src/main.c: In function 'pt1000_temp_meas_method1':
../Src/main.c:444:27: warning: implicit declaration of function 'sqrt' [-Wimplicit-function-declaration]
  temperature = (0.0039083-sqrt(delta))/(0.000001155);
                           ^~~~
../Src/main.c:444:27: warning: incompatible implicit declaration of built-in function 'sqrt'
../Src/main.c:444:27: note: include '<math.h>' or provide a declaration of 'sqrt'
../Src/main.c:449:2: warning: implicit declaration of function 'sprintf' [-Wimplicit-function-declaration]
  sprintf(wyslij, "temp PT1000 %f ", temperature);
  ^~~~~~~
../Src/main.c:449:2: warning: incompatible implicit declaration of built-in function 'sprintf'
../Src/main.c:449:2: note: include '<stdio.h>' or provide a declaration of 'sprintf'
../Src/main.c:449:10: warning: pointer targets in passing argument 1 of 'sprintf' differ in signedness [-Wpointer-sign]
  sprintf(wyslij, "temp PT1000 %f ", temperature);
          ^~~~~~
../Src/main.c:449:10: note: expected 'char *' but argument is of type 'uint8_t * {aka unsigned char *}'
../Src/main.c:450:29: warning: passing argument 2 of 'HAL_UART_Transmit' from incompatible pointer type [-Wincompatible-pointer-types]
  HAL_UART_Transmit(&huart5, &wyslij, sizeof(wyslij), 100);
                             ^
In file included from D:/Studia wszystko/Studia 5/sem 3/praca magisterska/kody STM/pr/Inc/stm32l4xx_hal_conf.h:380:0,
                 from D:/Studia wszystko/Studia 5/sem 3/praca magisterska/kody STM/pr/Drivers/STM32L4xx_HAL_Driver/Inc/stm32l4xx_hal.h:46,
                 from D:/Studia wszystko/Studia 5/sem 3/praca magisterska/kody STM/pr/Inc/main.h:51,
                 from ../Src/main.c:42:
D:/Studia wszystko/Studia 5/sem 3/praca magisterska/kody STM/pr/Drivers/STM32L4xx_HAL_Driver/Inc/stm32l4xx_hal_uart.h:1597:19: note: expected 'uint8_t * {aka unsigned char *}' but argument is of type 'uint8_t (*)[20] {aka unsigned char (*)[20]}'
 HAL_StatusTypeDef HAL_UART_Transmit(UART_HandleTypeDef *huart, uint8_t *pData, uint16_t Size, uint32_t Timeout);
                   ^~~~~~~~~~~~~~~~~
../Src/main.c:424:8: warning: variable 'time_us' set but not used [-Wunused-but-set-variable]
  float time_us = 0, time = 0;
        ^~~~~~~
../Src/main.c: In function 'pt1000_temp_meas_method2':
../Src/main.c:571:2: warning: incompatible implicit declaration of built-in function 'sprintf'
  sprintf(wyslij, "res2 %f ", resistance);
  ^~~~~~~
../Src/main.c:571:2: note: include '<stdio.h>' or provide a declaration of 'sprintf'
../Src/main.c:571:10: warning: pointer targets in passing argument 1 of 'sprintf' differ in signedness [-Wpointer-sign]
  sprintf(wyslij, "res2 %f ", resistance);
          ^~~~~~
../Src/main.c:571:10: note: expected 'char *' but argument is of type 'uint8_t * {aka unsigned char *}'
../Src/main.c:572:29: warning: passing argument 2 of 'HAL_UART_Transmit' from incompatible pointer type [-Wincompatible-pointer-types]
  HAL_UART_Transmit(&huart5, &wyslij, sizeof(wyslij), 100);
                             ^
In file included from D:/Studia wszystko/Studia 5/sem 3/praca magisterska/kody STM/pr/Inc/stm32l4xx_hal_conf.h:380:0,
                 from D:/Studia wszystko/Studia 5/sem 3/praca magisterska/kody STM/pr/Drivers/STM32L4xx_HAL_Driver/Inc/stm32l4xx_hal.h:46,
                 from D:/Studia wszystko/Studia 5/sem 3/praca magisterska/kody STM/pr/Inc/main.h:51,
                 from ../Src/main.c:42:
D:/Studia wszystko/Studia 5/sem 3/praca magisterska/kody STM/pr/Drivers/STM32L4xx_HAL_Driver/Inc/stm32l4xx_hal_uart.h:1597:19: note: expected 'uint8_t * {aka unsigned char *}' but argument is of type 'uint8_t (*)[20] {aka unsigned char (*)[20]}'
 HAL_StatusTypeDef HAL_UART_Transmit(UART_HandleTypeDef *huart, uint8_t *pData, uint16_t Size, uint32_t Timeout);
                   ^~~~~~~~~~~~~~~~~
../Src/main.c:538:22: warning: variable 'time_us2' set but not used [-Wunused-but-set-variable]
  float time_us1 = 0, time_us2 = 0, resistance = 0, suma1 = 0, suma2 = 0;
                      ^~~~~~~~
../Src/main.c:538:8: warning: variable 'time_us1' set but not used [-Wunused-but-set-variable]
  float time_us1 = 0, time_us2 = 0, resistance = 0, suma1 = 0, suma2 = 0;
        ^~~~~~~~
../Src/main.c: In function 'pt1000_temp_meas_method3':
../Src/main.c:728:2: warning: incompatible implicit declaration of built-in function 'sprintf'
  sprintf(wyslij, "resistance %f ", resistance);
  ^~~~~~~
../Src/main.c:728:2: note: include '<stdio.h>' or provide a declaration of 'sprintf'
../Src/main.c:728:10: warning: pointer targets in passing argument 1 of 'sprintf' differ in signedness [-Wpointer-sign]
  sprintf(wyslij, "resistance %f ", resistance);
          ^~~~~~
../Src/main.c:728:10: note: expected 'char *' but argument is of type 'uint8_t * {aka unsigned char *}'
../Src/main.c:729:29: warning: passing argument 2 of 'HAL_UART_Transmit' from incompatible pointer type [-Wincompatible-pointer-types]
  HAL_UART_Transmit(&huart5, &wyslij, sizeof(wyslij), 100);
                             ^
In file included from D:/Studia wszystko/Studia 5/sem 3/praca magisterska/kody STM/pr/Inc/stm32l4xx_hal_conf.h:380:0,
                 from D:/Studia wszystko/Studia 5/sem 3/praca magisterska/kody STM/pr/Drivers/STM32L4xx_HAL_Driver/Inc/stm32l4xx_hal.h:46,
                 from D:/Studia wszystko/Studia 5/sem 3/praca magisterska/kody STM/pr/Inc/main.h:51,
                 from ../Src/main.c:42:
D:/Studia wszystko/Studia 5/sem 3/praca magisterska/kody STM/pr/Drivers/STM32L4xx_HAL_Driver/Inc/stm32l4xx_hal_uart.h:1597:19: note: expected 'uint8_t * {aka unsigned char *}' but argument is of type 'uint8_t (*)[20] {aka unsigned char (*)[20]}'
[...]
  sprintf(wyslij, "resistance %f ", resistance);
  ^~~~~~~
../Src/main.c:729:2: note: include '<stdio.h>' or provide a declaration of 'sprintf'
../Src/main.c:729:10: warning: pointer targets in passing argument 1 of 'sprintf' differ in signedness [-Wpointer-sign]
  sprintf(wyslij, "resistance %f ", resistance);
          ^~~~~~
../Src/main.c:729:10: note: expected 'char *' but argument is of type 'uint8_t * {aka unsigned char *}'
../Src/main.c:730:29: warning: passing argument 2 of 'HAL_UART_Transmit' from incompatible pointer type [-Wincompatible-pointer-types]
  HAL_UART_Transmit(&huart5, &wyslij, sizeof(wyslij), 100);
                             ^
In file included from D:/Studia wszystko/Studia 5/sem 3/praca magisterska/kody STM/pr/Inc/stm32l4xx_hal_conf.h:380:0,
                 from D:/Studia wszystko/Studia 5/sem 3/praca magisterska/kody STM/pr/Drivers/STM32L4xx_HAL_Driver/Inc/stm32l4xx_hal.h:46,
                 from D:/Studia wszystko/Studia 5/sem 3/praca magisterska/kody STM/pr/Inc/main.h:51,
                 from ../Src/main.c:42:
D:/Studia wszystko/Studia 5/sem 3/praca magisterska/kody STM/pr/Drivers/STM32L4xx_HAL_Driver/Inc/stm32l4xx_hal_uart.h:1597:19: note: expected 'uint8_t * {aka unsigned char *}' but argument is of type 'uint8_t (*)[20] {aka unsigned char (*)[20]}'
 HAL_StatusTypeDef HAL_UART_Transmit(UART_HandleTypeDef *huart, uint8_t *pData, uint16_t Size, uint32_t Timeout);
                   ^~~~~~~~~~~~~~~~~
../Src/main.c:696:36: warning: variable 'time_us3' set but not used [-Wunused-but-set-variable]
  float time_us1 = 0, time_us2 = 0, time_us3 = 0, resistance = 0, suma1 = 0, suma2 = 0, suma3 = 0;
                                    ^~~~~~~~
../Src/main.c:696:22: warning: variable 'time_us2' set but not used [-Wunused-but-set-variable]
  float time_us1 = 0, time_us2 = 0, time_us3 = 0, resistance = 0, suma1 = 0, suma2 = 0, suma3 = 0;
                      ^~~~~~~~
../Src/main.c:696:8: warning: variable 'time_us1' set but not used [-Wunused-but-set-variable]
  float time_us1 = 0, time_us2 = 0, time_us3 = 0, resistance = 0, suma1 = 0, suma2 = 0, suma3 = 0;
        ^~~~~~~~
../Src/main.c: In function 'VEML6070':
../Src/main.c:765:2: warning: incompatible implicit declaration of built-in function 'sprintf'
  sprintf(wyslij, "%u ", light_data);
  ^~~~~~~
../Src/main.c:765:2: note: include '<stdio.h>' or provide a declaration of 'sprintf'
../Src/main.c:765:10: warning: pointer targets in passing argument 1 of 'sprintf' differ in signedness [-Wpointer-sign]
  sprintf(wyslij, "%u ", light_data);
          ^~~~~~
../Src/main.c:765:10: note: expected 'char *' but argument is of type 'uint8_t * {aka unsigned char *}'
../Src/main.c:766:29: warning: passing argument 2 of 'HAL_UART_Transmit' from incompatible pointer type [-Wincompatible-pointer-types]
  HAL_UART_Transmit(&huart5, &wyslij, sizeof(wyslij), 100);
                             ^
In file included from D:/Studia wszystko/Studia 5/sem 3/praca magisterska/kody STM/pr/Inc/stm32l4xx_hal_conf.h:380:0,
                 from D:/Studia wszystko/Studia 5/sem 3/praca magisterska/kody STM/pr/Drivers/STM32L4xx_HAL_Driver/Inc/stm32l4xx_hal.h:46,
                 from D:/Studia wszystko/Studia 5/sem 3/praca magisterska/kody STM/pr/Inc/main.h:51,
                 from ../Src/main.c:42:
D:/Studia wszystko/Studia 5/sem 3/praca magisterska/kody STM/pr/Drivers/STM32L4xx_HAL_Driver/Inc/stm32l4xx_hal_uart.h:1597:19: note: expected 'uint8_t * {aka unsigned char *}' but argument is of type 'uint8_t (*)[20] {aka unsigned char (*)[20]}'
 HAL_StatusTypeDef HAL_UART_Transmit(UART_HandleTypeDef *huart, uint8_t *pData, uint16_t Size, uint32_t Timeout);
                   ^~~~~~~~~~~~~~~~~
../Src/main.c:780:10: warning: pointer targets in passing argument 1 of 'sprintf' differ in signedness [-Wpointer-sign]
  sprintf(wyslij, "%u ", UV_index);
          ^~~~~~
../Src/main.c:780:10: note: expected 'char *' but argument is of type 'uint8_t * {aka unsigned char *}'
../Src/main.c:781:29: warning: passing argument 2 of 'HAL_UART_Transmit' from incompatible pointer type [-Wincompatible-pointer-types]
  HAL_UART_Transmit(&huart5, &wyslij, sizeof(wyslij), 100);
                             ^
In file included from D:/Studia wszystko/Studia 5/sem 3/praca magisterska/kody STM/pr/Inc/stm32l4xx_hal_conf.h:380:0,
                 from D:/Studia wszystko/Studia 5/sem 3/praca magisterska/kody STM/pr/Drivers/STM32L4xx_HAL_Driver/Inc/stm32l4xx_hal.h:46,
                 from D:/Studia wszystko/Studia 5/sem 3/praca magisterska/kody STM/pr/Inc/main.h:51,
                 from ../Src/main.c:42:
D:/Studia wszystko/Studia 5/sem 3/praca magisterska/kody STM/pr/Drivers/STM32L4xx_HAL_Driver/Inc/stm32l4xx_hal_uart.h:1597:19: note: expected 'uint8_t * {aka unsigned char *}' but argument is of type 'uint8_t (*)[20] {aka unsigned char (*)[20]}'
 HAL_StatusTypeDef HAL_UART_Transmit(UART_HandleTypeDef *huart, uint8_t *pData, uint16_t Size, uint32_t Timeout);
                   ^~~~~~~~~~~~~~~~~
../Src/main.c: In function 'main':
../Src/main.c:849:11: warning: unused variable 'wysylanie' [-Wunused-variable]
   uint8_t wysylanie[20] = "              ";
           ^~~~~~~~~
../Src/main.c:846:11: warning: unused variable 'MSB' [-Wunused-variable]
   uint8_t MSB = 0;
           ^~~
../Src/main.c: In function 'pt1000_temp_meas_method1':
../Src/main.c:450:33: warning: ' ' directive writing 1 byte into a region of size 0 [-Wformat-overflow=]
  sprintf(wyslij, "temp PT1000 %f ", temperature);
                                 ^
../Src/main.c:450:2: note: 'sprintf' output between 22 and 331 bytes into a destination of size 20
  sprintf(wyslij, "temp PT1000 %f ", temperature);
  ^~~~~~~~~~~~~~~~~~~~~~~~~~~~~~~~~~~~~~~~~~~~~~~
../Src/main.c: In function 'pt1000_temp_meas_method3':
../Src/main.c:729:33: warning: 'sprintf' writing a terminating nul past the end of the destination [-Wformat-overflow=]
  sprintf(wyslij, "resistance %f ", resistance);
                                 ^
../Src/main.c:729:2: note: 'sprintf' output between 21 and 330 bytes into a destination of size 20
  sprintf(wyslij, "resistance %f ", resistance);
  ^~~~~~~~~~~~~~~~~~~~~~~~~~~~~~~~~~~~~~~~~~~~~
Finished building: ../Src/main.c
 
Building target: pr.elf
Invoking: MCU GCC Linker
arm-none-eabi-gcc -mcpu=cortex-m4 -mthumb -mfloat-abi=hard -mfpu=fpv4-sp-d16 -specs=nosys.specs -specs=nano.specs -u_printf_float -T"../STM32L475RETx_FLASH.ld" -Wl,-Map=output.map -Wl,--gc-sections -o "pr.elf" @"objects.list"   -lm
Finished building target: pr.elf
 
make --no-print-directory post-build
Generating hex and Printing size information:
arm-none-eabi-objcopy -O ihex "pr.elf" "pr.hex"
arm-none-eabi-size "pr.elf"
   text	   data	    bss	    dec	    hex	filename
  26936	    504	   2184	  29624	   73b8	pr.elf
 
13:46:39 **** Incremental Build of configuration Debug for project pr ****
make all 
make: Nothing to be done for 'all'.
14:05:18 **** Incremental Build of configuration Debug for project pr ****
make all 
Building file: ../Src/main.c
Invoking: MCU GCC Compiler
D:\Studia wszystko\Studia 5\sem 3\praca magisterska\kody STM\pr\Debug
arm-none-eabi-gcc -mcpu=cortex-m4 -mthumb -mfloat-abi=hard -mfpu=fpv4-sp-d16 '-D__weak=__attribute__((weak))' '-D__packed=__attribute__((__packed__))' -DUSE_HAL_DRIVER -DSTM32L475xx -I"D:/Studia wszystko/Studia 5/sem 3/praca magisterska/kody STM/pr/Inc" -I"D:/Studia wszystko/Studia 5/sem 3/praca magisterska/kody STM/pr/Drivers/STM32L4xx_HAL_Driver/Inc" -I"D:/Studia wszystko/Studia 5/sem 3/praca magisterska/kody STM/pr/Drivers/STM32L4xx_HAL_Driver/Inc/Legacy" -I"D:/Studia wszystko/Studia 5/sem 3/praca magisterska/kody STM/pr/Drivers/CMSIS/Device/ST/STM32L4xx/Include" -I"D:/Studia wszystko/Studia 5/sem 3/praca magisterska/kody STM/pr/Drivers/CMSIS/Include"  -Og -g3 -Wall -fmessage-length=0 -ffunction-sections -c -fmessage-length=0 -MMD -MP -MF"Src/main.d" -MT"Src/main.o" -o "Src/main.o" "../Src/main.c"
../Src/main.c: In function 'BMP388_calculate_temp_coef':
../Src/main.c:252:29: warning: implicit declaration of function 'pow' [-Wimplicit-function-declaration]
  par_t1 = (float)NVM_PAR_T1*pow(2,8);//7103488
                             ^~~
../Src/main.c:252:29: warning: incompatible implicit declaration of built-in function 'pow'
../Src/main.c:252:29: note: include '<math.h>' or provide a declaration of 'pow'
../Src/main.c: In function 'BMP388_calculate_pres_coef':
../Src/main.c:258:30: warning: incompatible implicit declaration of built-in function 'pow'
  par_p1 = ((float)NVM_PAR_P1-pow(2,14))/pow(2,20);
                              ^~~
../Src/main.c:258:30: note: include '<math.h>' or provide a declaration of 'pow'
../Src/main.c: In function 'pt1000_temp_meas_method1':
../Src/main.c:445:27: warning: implicit declaration of function 'sqrt' [-Wimplicit-function-declaration]
  temperature = (0.0039083-sqrt(delta))/(0.000001155);
                           ^~~~
../Src/main.c:445:27: warning: incompatible implicit declaration of built-in function 'sqrt'
../Src/main.c:445:27: note: include '<math.h>' or provide a declaration of 'sqrt'
../Src/main.c:450:2: warning: implicit declaration of function 'sprintf' [-Wimplicit-function-declaration]
  sprintf(wyslij, "temp PT1000 %f ", temperature);
  ^~~~~~~
../Src/main.c:450:2: warning: incompatible implicit declaration of built-in function 'sprintf'
../Src/main.c:450:2: note: include '<stdio.h>' or provide a declaration of 'sprintf'
../Src/main.c:450:10: warning: pointer targets in passing argument 1 of 'sprintf' differ in signedness [-Wpointer-sign]
  sprintf(wyslij, "temp PT1000 %f ", temperature);
          ^~~~~~
../Src/main.c:450:10: note: expected 'char *' but argument is of type 'uint8_t * {aka unsigned char *}'
../Src/main.c:451:29: warning: passing argument 2 of 'HAL_UART_Transmit' from incompatible pointer type [-Wincompatible-pointer-types]
  HAL_UART_Transmit(&huart5, &wyslij, sizeof(wyslij), 100);
                             ^
In file included from D:/Studia wszystko/Studia 5/sem 3/praca magisterska/kody STM/pr/Inc/stm32l4xx_hal_conf.h:380:0,
                 from D:/Studia wszystko/Studia 5/sem 3/praca magisterska/kody STM/pr/Drivers/STM32L4xx_HAL_Driver/Inc/stm32l4xx_hal.h:46,
                 from D:/Studia wszystko/Studia 5/sem 3/praca magisterska/kody STM/pr/Inc/main.h:51,
                 from ../Src/main.c:42:
D:/Studia wszystko/Studia 5/sem 3/praca magisterska/kody STM/pr/Drivers/STM32L4xx_HAL_Driver/Inc/stm32l4xx_hal_uart.h:1597:19: note: expected 'uint8_t * {aka unsigned char *}' but argument is of type 'uint8_t (*)[20] {aka unsigned char (*)[20]}'
 HAL_StatusTypeDef HAL_UART_Transmit(UART_HandleTypeDef *huart, uint8_t *pData, uint16_t Size, uint32_t Timeout);
                   ^~~~~~~~~~~~~~~~~
../Src/main.c:425:8: warning: variable 'time_us' set but not used [-Wunused-but-set-variable]
  float time_us = 0, time = 0;
        ^~~~~~~
../Src/main.c: In function 'pt1000_temp_meas_method2':
../Src/main.c:572:2: warning: incompatible implicit declaration of built-in function 'sprintf'
  sprintf(wyslij, "res2 %f ", resistance);
  ^~~~~~~
../Src/main.c:572:2: note: include '<stdio.h>' or provide a declaration of 'sprintf'
../Src/main.c:572:10: warning: pointer targets in passing argument 1 of 'sprintf' differ in signedness [-Wpointer-sign]
  sprintf(wyslij, "res2 %f ", resistance);
          ^~~~~~
../Src/main.c:572:10: note: expected 'char *' but argument is of type 'uint8_t * {aka unsigned char *}'
../Src/main.c:573:29: warning: passing argument 2 of 'HAL_UART_Transmit' from incompatible pointer type [-Wincompatible-pointer-types]
  HAL_UART_Transmit(&huart5, &wyslij, sizeof(wyslij), 100);
                             ^
In file included from D:/Studia wszystko/Studia 5/sem 3/praca magisterska/kody STM/pr/Inc/stm32l4xx_hal_conf.h:380:0,
                 from D:/Studia wszystko/Studia 5/sem 3/praca magisterska/kody STM/pr/Drivers/STM32L4xx_HAL_Driver/Inc/stm32l4xx_hal.h:46,
                 from D:/Studia wszystko/Studia 5/sem 3/praca magisterska/kody STM/pr/Inc/main.h:51,
                 from ../Src/main.c:42:
D:/Studia wszystko/Studia 5/sem 3/praca magisterska/kody STM/pr/Drivers/STM32L4xx_HAL_Driver/Inc/stm32l4xx_hal_uart.h:1597:19: note: expected 'uint8_t * {aka unsigned char *}' but argument is of type 'uint8_t (*)[20] {aka unsigned char (*)[20]}'
 HAL_StatusTypeDef HAL_UART_Transmit(UART_HandleTypeDef *huart, uint8_t *pData, uint16_t Size, uint32_t Timeout);
                   ^~~~~~~~~~~~~~~~~
../Src/main.c:539:22: warning: variable 'time_us2' set but not used [-Wunused-but-set-variable]
  float time_us1 = 0, time_us2 = 0, resistance = 0, suma1 = 0, suma2 = 0;
                      ^~~~~~~~
../Src/main.c:539:8: warning: variable 'time_us1' set but not used [-Wunused-but-set-variable]
  float time_us1 = 0, time_us2 = 0, resistance = 0, suma1 = 0, suma2 = 0;
        ^~~~~~~~
../Src/main.c: In function 'pt1000_temp_meas_method3':
../Src/main.c:729:2: warning: incompatible implicit declaration of built-in function 'sprintf'
  sprintf(wyslij, "resistance %f ", resistance);
  ^~~~~~~
../Src/main.c:729:2: note: include '<stdio.h>' or provide a declaration of 'sprintf'
../Src/main.c:729:10: warning: pointer targets in passing argument 1 of 'sprintf' differ in signedness [-Wpointer-sign]
  sprintf(wyslij, "resistance %f ", resistance);
          ^~~~~~
../Src/main.c:729:10: note: expected 'char *' but argument is of type 'uint8_t * {aka unsigned char *}'
../Src/main.c:730:29: warning: passing argument 2 of 'HAL_UART_Transmit' from incompatible pointer type [-Wincompatible-pointer-types]
  HAL_UART_Transmit(&huart5, &wyslij, sizeof(wyslij), 100);
                             ^
In file included from D:/Studia wszystko/Studia 5/sem 3/praca magisterska/kody STM/pr/Inc/stm32l4xx_hal_conf.h:380:0,
                 from D:/Studia wszystko/Studia 5/sem 3/praca magisterska/kody STM/pr/Drivers/STM32L4xx_HAL_Driver/Inc/stm32l4xx_hal.h:46,
                 from D:/Studia wszystko/Studia 5/sem 3/praca magisterska/kody STM/pr/Inc/main.h:51,
                 from ../Src/main.c:42:
D:/Studia wszystko/Studia 5/sem 3/praca magisterska/kody STM/pr/Drivers/STM32L4xx_HAL_Driver/Inc/stm32l4xx_hal_uart.h:1597:19: note: expected 'uint8_t * {aka unsigned char *}' but argument is of type 'uint8_t (*)[20] {aka unsigned char (*)[20]}'
 HAL_StatusTypeDef HAL_UART_Transmit(UART_HandleTypeDef *huart, uint8_t *pData, uint16_t Size, uint32_t Timeout);
                   ^~~~~~~~~~~~~~~~~
../Src/main.c:696:36: warning: variable 'time_us3' set but not used [-Wunused-but-set-variable]
  float time_us1 = 0, time_us2 = 0, time_us3 = 0, resistance = 0, suma1 = 0, suma2 = 0, suma3 = 0;
                                    ^~~~~~~~
../Src/main.c:696:22: warning: variable 'time_us2' set but not used [-Wunused-but-set-variable]
  float time_us1 = 0, time_us2 = 0, time_us3 = 0, resistance = 0, suma1 = 0, suma2 = 0, suma3 = 0;
                      ^~~~~~~~
../Src/main.c:696:8: warning: variable 'time_us1' set but not used [-Wunused-but-set-variable]
  float time_us1 = 0, time_us2 = 0, time_us3 = 0, resistance = 0, suma1 = 0, suma2 = 0, suma3 = 0;
        ^~~~~~~~
../Src/main.c: In function 'VEML6070':
../Src/main.c:756:52: warning: variable 'UV_index' set but not used [-Wunused-but-set-variable]
  uint8_t data1 = 0x06, read = 0, MSB = 0, LSB = 0, UV_index = 0;
                                                    ^~~~~~~~
../Src/main.c: In function 'main':
../Src/main.c:873:4: warning: incompatible implicit declaration of built-in function 'sprintf'
    sprintf(wysylanie, "temp%0.2f ", wynik);
    ^~~~~~~
../Src/main.c:873:4: note: include '<stdio.h>' or provide a declaration of 'sprintf'
../Src/main.c:873:12: warning: pointer targets in passing argument 1 of 'sprintf' differ in signedness [-Wpointer-sign]
    sprintf(wysylanie, "temp%0.2f ", wynik);
            ^~~~~~~~~
../Src/main.c:873:12: note: expected 'char *' but argument is of type 'uint8_t * {aka unsigned char *}'
../Src/main.c:874:31: warning: passing argument 2 of 'HAL_UART_Transmit' from incompatible pointer type [-Wincompatible-pointer-types]
    HAL_UART_Transmit(&huart5, &wysylanie, sizeof(wysylanie), 100);
                               ^
In file included from D:/Studia wszystko/Studia 5/sem 3/praca magisterska/kody STM/pr/Inc/stm32l4xx_hal_conf.h:380:0,
                 from D:/Studia wszystko/Studia 5/sem 3/praca magisterska/kody STM/pr/Drivers/STM32L4xx_HAL_Driver/Inc/stm32l4xx_hal.h:46,
                 from D:/Studia wszystko/Studia 5/sem 3/praca magisterska/kody STM/pr/Inc/main.h:51,
                 from ../Src/main.c:42:
D:/Studia wszystko/Studia 5/sem 3/praca magisterska/kody STM/pr/Drivers/STM32L4xx_HAL_Driver/Inc/stm32l4xx_hal_uart.h:1597:19: note: expected 'uint8_t * {aka unsigned char *}' but argument is of type 'uint8_t (*)[20] {aka unsigned char (*)[20]}'
 HAL_StatusTypeDef HAL_UART_Transmit(UART_HandleTypeDef *huart, uint8_t *pData, uint16_t Size, uint32_t Timeout);
                   ^~~~~~~~~~~~~~~~~
../Src/main.c:879:12: warning: pointer targets in passing argument 1 of 'sprintf' differ in signedness [-Wpointer-sign]
    sprintf(wysylanie, "cisn%0.2f ", wynik);
            ^~~~~~~~~
../Src/main.c:879:12: note: expected 'char *' but argument is of type 'uint8_t * {aka unsigned char *}'
../Src/main.c:880:31: warning: passing argument 2 of 'HAL_UART_Transmit' from incompatible pointer type [-Wincompatible-pointer-types]
    HAL_UART_Transmit(&huart5, &wysylanie, sizeof(wysylanie), 100);
                               ^
In file included from D:/Studia wszystko/Studia 5/sem 3/praca magisterska/kody STM/pr/Inc/stm32l4xx_hal_conf.h:380:0,
                 from D:/Studia wszystko/Studia 5/sem 3/praca magisterska/kody STM/pr/Drivers/STM32L4xx_HAL_Driver/Inc/stm32l4xx_hal.h:46,
                 from D:/Studia wszystko/Studia 5/sem 3/praca magisterska/kody STM/pr/Inc/main.h:51,
                 from ../Src/main.c:42:
D:/Studia wszystko/Studia 5/sem 3/praca magisterska/kody STM/pr/Drivers/STM32L4xx_HAL_Driver/Inc/stm32l4xx_hal_uart.h:1597:19: note: expected 'uint8_t * {aka unsigned char *}' but argument is of type 'uint8_t (*)[20] {aka unsigned char (*)[20]}'
 HAL_StatusTypeDef HAL_UART_Transmit(UART_HandleTypeDef *huart, uint8_t *pData, uint16_t Size, uint32_t Timeout);
                   ^~~~~~~~~~~~~~~~~
../Src/main.c:846:11: warning: unused variable 'MSB' [-Wunused-variable]
   uint8_t MSB = 0;
           ^~~
../Src/main.c: In function 'pt1000_temp_meas_method1':
../Src/main.c:450:33: warning: ' ' directive writing 1 byte into a region of size 0 [-Wformat-overflow=]
  sprintf(wyslij, "temp PT1000 %f ", temperature);
                                 ^
../Src/main.c:450:2: note: 'sprintf' output between 22 and 331 bytes into a destination of size 20
  sprintf(wyslij, "temp PT1000 %f ", temperature);
  ^~~~~~~~~~~~~~~~~~~~~~~~~~~~~~~~~~~~~~~~~~~~~~~
../Src/main.c: In function 'pt1000_temp_meas_method3':
../Src/main.c:729:33: warning: 'sprintf' writing a terminating nul past the end of the destination [-Wformat-overflow=]
  sprintf(wyslij, "resistance %f ", resistance);
                                 ^
../Src/main.c:729:2: note: 'sprintf' output between 21 and 330 bytes into a destination of size 20
  sprintf(wyslij, "resistance %f ", resistance);
  ^~~~~~~~~~~~~~~~~~~~~~~~~~~~~~~~~~~~~~~~~~~~~
Finished building: ../Src/main.c
 
Building target: pr.elf
Invoking: MCU GCC Linker
arm-none-eabi-gcc -mcpu=cortex-m4 -mthumb -mfloat-abi=hard -mfpu=fpv4-sp-d16 -specs=nosys.specs -specs=nano.specs -u_printf_float -T"../STM32L475RETx_FLASH.ld" -Wl,-Map=output.map -Wl,--gc-sections -o "pr.elf" @"objects.list"   -lm
Finished building target: pr.elf
 
make --no-print-directory post-build
Generating hex and Printing size information:
arm-none-eabi-objcopy -O ihex "pr.elf" "pr.hex"
arm-none-eabi-size "pr.elf"
   text	   data	    bss	    dec	    hex	filename
  26504	    488	   2184	  29176	   71f8	pr.elf
 
