18:22:45 **** Build of configuration Debug for project kondensator ****
make all 
Building file: ../startup/startup_stm32f446xx.s
Invoking: MCU GCC Assembler
C:\Users\luiza\Desktop\test\kondensator\Debug
arm-none-eabi-as -mcpu=cortex-m4 -mthumb -mfloat-abi=hard -mfpu=fpv4-sp-d16 -g -o "startup/startup_stm32f446xx.o" "../startup/startup_stm32f446xx.s"
Finished building: ../startup/startup_stm32f446xx.s
 
Building file: ../Src/main.c
Invoking: MCU GCC Compiler
C:\Users\luiza\Desktop\test\kondensator\Debug
arm-none-eabi-gcc -mcpu=cortex-m4 -mthumb -mfloat-abi=hard -mfpu=fpv4-sp-d16 '-D__weak=__attribute__((weak))' '-D__packed=__attribute__((__packed__))' -DUSE_HAL_DRIVER -DSTM32F446xx -I"C:/Users/luiza/Desktop/test/kondensator/Inc" -I"C:/Users/luiza/Desktop/test/kondensator/Drivers/STM32F4xx_HAL_Driver/Inc" -I"C:/Users/luiza/Desktop/test/kondensator/Drivers/STM32F4xx_HAL_Driver/Inc/Legacy" -I"C:/Users/luiza/Desktop/test/kondensator/Drivers/CMSIS/Device/ST/STM32F4xx/Include" -I"C:/Users/luiza/Desktop/test/kondensator/Drivers/CMSIS/Include"  -Og -g3 -Wall -fmessage-length=0 -ffunction-sections -c -fmessage-length=0 -MMD -MP -MF"Src/main.d" -MT"Src/main.o" -o "Src/main.o" "../Src/main.c"
Finished building: ../Src/main.c
 
Building file: ../Src/stm32f4xx_hal_msp.c
Invoking: MCU GCC Compiler
C:\Users\luiza\Desktop\test\kondensator\Debug
arm-none-eabi-gcc -mcpu=cortex-m4 -mthumb -mfloat-abi=hard -mfpu=fpv4-sp-d16 '-D__weak=__attribute__((weak))' '-D__packed=__attribute__((__packed__))' -DUSE_HAL_DRIVER -DSTM32F446xx -I"C:/Users/luiza/Desktop/test/kondensator/Inc" -I"C:/Users/luiza/Desktop/test/kondensator/Drivers/STM32F4xx_HAL_Driver/Inc" -I"C:/Users/luiza/Desktop/test/kondensator/Drivers/STM32F4xx_HAL_Driver/Inc/Legacy" -I"C:/Users/luiza/Desktop/test/kondensator/Drivers/CMSIS/Device/ST/STM32F4xx/Include" -I"C:/Users/luiza/Desktop/test/kondensator/Drivers/CMSIS/Include"  -Og -g3 -Wall -fmessage-length=0 -ffunction-sections -c -fmessage-length=0 -MMD -MP -MF"Src/stm32f4xx_hal_msp.d" -MT"Src/stm32f4xx_hal_msp.o" -o "Src/stm32f4xx_hal_msp.o" "../Src/stm32f4xx_hal_msp.c"
Finished building: ../Src/stm32f4xx_hal_msp.c
 
Building file: ../Src/stm32f4xx_it.c
Invoking: MCU GCC Compiler
C:\Users\luiza\Desktop\test\kondensator\Debug
arm-none-eabi-gcc -mcpu=cortex-m4 -mthumb -mfloat-abi=hard -mfpu=fpv4-sp-d16 '-D__weak=__attribute__((weak))' '-D__packed=__attribute__((__packed__))' -DUSE_HAL_DRIVER -DSTM32F446xx -I"C:/Users/luiza/Desktop/test/kondensator/Inc" -I"C:/Users/luiza/Desktop/test/kondensator/Drivers/STM32F4xx_HAL_Driver/Inc" -I"C:/Users/luiza/Desktop/test/kondensator/Drivers/STM32F4xx_HAL_Driver/Inc/Legacy" -I"C:/Users/luiza/Desktop/test/kondensator/Drivers/CMSIS/Device/ST/STM32F4xx/Include" -I"C:/Users/luiza/Desktop/test/kondensator/Drivers/CMSIS/Include"  -Og -g3 -Wall -fmessage-length=0 -ffunction-sections -c -fmessage-length=0 -MMD -MP -MF"Src/stm32f4xx_it.d" -MT"Src/stm32f4xx_it.o" -o "Src/stm32f4xx_it.o" "../Src/stm32f4xx_it.c"
Finished building: ../Src/stm32f4xx_it.c
 
Building file: ../Src/system_stm32f4xx.c
Invoking: MCU GCC Compiler
C:\Users\luiza\Desktop\test\kondensator\Debug
arm-none-eabi-gcc -mcpu=cortex-m4 -mthumb -mfloat-abi=hard -mfpu=fpv4-sp-d16 '-D__weak=__attribute__((weak))' '-D__packed=__attribute__((__packed__))' -DUSE_HAL_DRIVER -DSTM32F446xx -I"C:/Users/luiza/Desktop/test/kondensator/Inc" -I"C:/Users/luiza/Desktop/test/kondensator/Drivers/STM32F4xx_HAL_Driver/Inc" -I"C:/Users/luiza/Desktop/test/kondensator/Drivers/STM32F4xx_HAL_Driver/Inc/Legacy" -I"C:/Users/luiza/Desktop/test/kondensator/Drivers/CMSIS/Device/ST/STM32F4xx/Include" -I"C:/Users/luiza/Desktop/test/kondensator/Drivers/CMSIS/Include"  -Og -g3 -Wall -fmessage-length=0 -ffunction-sections -c -fmessage-length=0 -MMD -MP -MF"Src/system_stm32f4xx.d" -MT"Src/system_stm32f4xx.o" -o "Src/system_stm32f4xx.o" "../Src/system_stm32f4xx.c"
Finished building: ../Src/system_stm32f4xx.c
 
Building file: ../Drivers/STM32F4xx_HAL_Driver/Src/stm32f4xx_hal.c
Invoking: MCU GCC Compiler
C:\Users\luiza\Desktop\test\kondensator\Debug
arm-none-eabi-gcc -mcpu=cortex-m4 -mthumb -mfloat-abi=hard -mfpu=fpv4-sp-d16 '-D__weak=__attribute__((weak))' '-D__packed=__attribute__((__packed__))' -DUSE_HAL_DRIVER -DSTM32F446xx -I"C:/Users/luiza/Desktop/test/kondensator/Inc" -I"C:/Users/luiza/Desktop/test/kondensator/Drivers/STM32F4xx_HAL_Driver/Inc" -I"C:/Users/luiza/Desktop/test/kondensator/Drivers/STM32F4xx_HAL_Driver/Inc/Legacy" -I"C:/Users/luiza/Desktop/test/kondensator/Drivers/CMSIS/Device/ST/STM32F4xx/Include" -I"C:/Users/luiza/Desktop/test/kondensator/Drivers/CMSIS/Include"  -Og -g3 -Wall -fmessage-length=0 -ffunction-sections -c -fmessage-length=0 -MMD -MP -MF"Drivers/STM32F4xx_HAL_Driver/Src/stm32f4xx_hal.d" -MT"Drivers/STM32F4xx_HAL_Driver/Src/stm32f4xx_hal.o" -o "Drivers/STM32F4xx_HAL_Driver/Src/stm32f4xx_hal.o" "../Drivers/STM32F4xx_HAL_Driver/Src/stm32f4xx_hal.c"
Finished building: ../Drivers/STM32F4xx_HAL_Driver/Src/stm32f4xx_hal.c
 
Building file: ../Drivers/STM32F4xx_HAL_Driver/Src/stm32f4xx_hal_cortex.c
Invoking: MCU GCC Compiler
C:\Users\luiza\Desktop\test\kondensator\Debug
arm-none-eabi-gcc -mcpu=cortex-m4 -mthumb -mfloat-abi=hard -mfpu=fpv4-sp-d16 '-D__weak=__attribute__((weak))' '-D__packed=__attribute__((__packed__))' -DUSE_HAL_DRIVER -DSTM32F446xx -I"C:/Users/luiza/Desktop/test/kondensator/Inc" -I"C:/Users/luiza/Desktop/test/kondensator/Drivers/STM32F4xx_HAL_Driver/Inc" -I"C:/Users/luiza/Desktop/test/kondensator/Drivers/STM32F4xx_HAL_Driver/Inc/Legacy" -I"C:/Users/luiza/Desktop/test/kondensator/Drivers/CMSIS/Device/ST/STM32F4xx/Include" -I"C:/Users/luiza/Desktop/test/kondensator/Drivers/CMSIS/Include"  -Og -g3 -Wall -fmessage-length=0 -ffunction-sections -c -fmessage-length=0 -MMD -MP -MF"Drivers/STM32F4xx_HAL_Driver/Src/stm32f4xx_hal_cortex.d" -MT"Drivers/STM32F4xx_HAL_Driver/Src/stm32f4xx_hal_cortex.o" -o "Drivers/STM32F4xx_HAL_Driver/Src/stm32f4xx_hal_cortex.o" "../Drivers/STM32F4xx_HAL_Driver/Src/stm32f4xx_hal_cortex.c"
Finished building: ../Drivers/STM32F4xx_HAL_Driver/Src/stm32f4xx_hal_cortex.c
 
Building file: ../Drivers/STM32F4xx_HAL_Driver/Src/stm32f4xx_hal_dma.c
Invoking: MCU GCC Compiler
C:\Users\luiza\Desktop\test\kondensator\Debug
arm-none-eabi-gcc -mcpu=cortex-m4 -mthumb -mfloat-abi=hard -mfpu=fpv4-sp-d16 '-D__weak=__attribute__((weak))' '-D__packed=__attribute__((__packed__))' -DUSE_HAL_DRIVER -DSTM32F446xx -I"C:/Users/luiza/Desktop/test/kondensator/Inc" -I"C:/Users/luiza/Desktop/test/kondensator/Drivers/STM32F4xx_HAL_Driver/Inc" -I"C:/Users/luiza/Desktop/test/kondensator/Drivers/STM32F4xx_HAL_Driver/Inc/Legacy" -I"C:/Users/luiza/Desktop/test/kondensator/Drivers/CMSIS/Device/ST/STM32F4xx/Include" -I"C:/Users/luiza/Desktop/test/kondensator/Drivers/CMSIS/Include"  -Og -g3 -Wall -fmessage-length=0 -ffunction-sections -c -fmessage-length=0 -MMD -MP -MF"Drivers/STM32F4xx_HAL_Driver/Src/stm32f4xx_hal_dma.d" -MT"Drivers/STM32F4xx_HAL_Driver/Src/stm32f4xx_hal_dma.o" -o "Drivers/STM32F4xx_HAL_Driver/Src/stm32f4xx_hal_dma.o" "../Drivers/STM32F4xx_HAL_Driver/Src/stm32f4xx_hal_dma.c"
Finished building: ../Drivers/STM32F4xx_HAL_Driver/Src/stm32f4xx_hal_dma.c
 
Building file: ../Drivers/STM32F4xx_HAL_Driver/Src/stm32f4xx_hal_dma_ex.c
Invoking: MCU GCC Compiler
C:\Users\luiza\Desktop\test\kondensator\Debug
arm-none-eabi-gcc -mcpu=cortex-m4 -mthumb -mfloat-abi=hard -mfpu=fpv4-sp-d16 '-D__weak=__attribute__((weak))' '-D__packed=__attribute__((__packed__))' -DUSE_HAL_DRIVER -DSTM32F446xx -I"C:/Users/luiza/Desktop/test/kondensator/Inc" -I"C:/Users/luiza/Desktop/test/kondensator/Drivers/STM32F4xx_HAL_Driver/Inc" -I"C:/Users/luiza/Desktop/test/kondensator/Drivers/STM32F4xx_HAL_Driver/Inc/Legacy" -I"C:/Users/luiza/Desktop/test/kondensator/Drivers/CMSIS/Device/ST/STM32F4xx/Include" -I"C:/Users/luiza/Desktop/test/kondensator/Drivers/CMSIS/Include"  -Og -g3 -Wall -fmessage-length=0 -ffunction-sections -c -fmessage-length=0 -MMD -MP -MF"Drivers/STM32F4xx_HAL_Driver/Src/stm32f4xx_hal_dma_ex.d" -MT"Drivers/STM32F4xx_HAL_Driver/Src/stm32f4xx_hal_dma_ex.o" -o "Drivers/STM32F4xx_HAL_Driver/Src/stm32f4xx_hal_dma_ex.o" "../Drivers/STM32F4xx_HAL_Driver/Src/stm32f4xx_hal_dma_ex.c"
Finished building: ../Drivers/STM32F4xx_HAL_Driver/Src/stm32f4xx_hal_dma_ex.c
 
Building file: ../Drivers/STM32F4xx_HAL_Driver/Src/stm32f4xx_hal_flash.c
Invoking: MCU GCC Compiler
C:\Users\luiza\Desktop\test\kondensator\Debug
arm-none-eabi-gcc -mcpu=cortex-m4 -mthumb -mfloat-abi=hard -mfpu=fpv4-sp-d16 '-D__weak=__attribute__((weak))' '-D__packed=__attribute__((__packed__))' -DUSE_HAL_DRIVER -DSTM32F446xx -I"C:/Users/luiza/Desktop/test/kondensator/Inc" -I"C:/Users/luiza/Desktop/test/kondensator/Drivers/STM32F4xx_HAL_Driver/Inc" -I"C:/Users/luiza/Desktop/test/kondensator/Drivers/STM32F4xx_HAL_Driver/Inc/Legacy" -I"C:/Users/luiza/Desktop/test/kondensator/Drivers/CMSIS/Device/ST/STM32F4xx/Include" -I"C:/Users/luiza/Desktop/test/kondensator/Drivers/CMSIS/Include"  -Og -g3 -Wall -fmessage-length=0 -ffunction-sections -c -fmessage-length=0 -MMD -MP -MF"Drivers/STM32F4xx_HAL_Driver/Src/stm32f4xx_hal_flash.d" -MT"Drivers/STM32F4xx_HAL_Driver/Src/stm32f4xx_hal_flash.o" -o "Drivers/STM32F4xx_HAL_Driver/Src/stm32f4xx_hal_flash.o" "../Drivers/STM32F4xx_HAL_Driver/Src/stm32f4xx_hal_flash.c"
Finished building: ../Drivers/STM32F4xx_HAL_Driver/Src/stm32f4xx_hal_flash.c
 
Building file: ../Drivers/STM32F4xx_HAL_Driver/Src/stm32f4xx_hal_flash_ex.c
Invoking: MCU GCC Compiler
C:\Users\luiza\Desktop\test\kondensator\Debug
arm-none-eabi-gcc -mcpu=cortex-m4 -mthumb -mfloat-abi=hard -mfpu=fpv4-sp-d16 '-D__weak=__attribute__((weak))' '-D__packed=__attribute__((__packed__))' -DUSE_HAL_DRIVER -DSTM32F446xx -I"C:/Users/luiza/Desktop/test/kondensator/Inc" -I"C:/Users/luiza/Desktop/test/kondensator/Drivers/STM32F4xx_HAL_Driver/Inc" -I"C:/Users/luiza/Desktop/test/kondensator/Drivers/STM32F4xx_HAL_Driver/Inc/Legacy" -I"C:/Users/luiza/Desktop/test/kondensator/Drivers/CMSIS/Device/ST/STM32F4xx/Include" -I"C:/Users/luiza/Desktop/test/kondensator/Drivers/CMSIS/Include"  -Og -g3 -Wall -fmessage-length=0 -ffunction-sections -c -fmessage-length=0 -MMD -MP -MF"Drivers/STM32F4xx_HAL_Driver/Src/stm32f4xx_hal_flash_ex.d" -MT"Drivers/STM32F4xx_HAL_Driver/Src/stm32f4xx_hal_flash_ex.o" -o "Drivers/STM32F4xx_HAL_Driver/Src/stm32f4xx_hal_flash_ex.o" "../Drivers/STM32F4xx_HAL_Driver/Src/stm32f4xx_hal_flash_ex.c"
Finished building: ../Drivers/STM32F4xx_HAL_Driver/Src/stm32f4xx_hal_flash_ex.c
 
Building file: ../Drivers/STM32F4xx_HAL_Driver/Src/stm32f4xx_hal_flash_ramfunc.c
Invoking: MCU GCC Compiler
C:\Users\luiza\Desktop\test\kondensator\Debug
arm-none-eabi-gcc -mcpu=cortex-m4 -mthumb -mfloat-abi=hard -mfpu=fpv4-sp-d16 '-D__weak=__attribute__((weak))' '-D__packed=__attribute__((__packed__))' -DUSE_HAL_DRIVER -DSTM32F446xx -I"C:/Users/luiza/Desktop/test/kondensator/Inc" -I"C:/Users/luiza/Desktop/test/kondensator/Drivers/STM32F4xx_HAL_Driver/Inc" -I"C:/Users/luiza/Desktop/test/kondensator/Drivers/STM32F4xx_HAL_Driver/Inc/Legacy" -I"C:/Users/luiza/Desktop/test/kondensator/Drivers/CMSIS/Device/ST/STM32F4xx/Include" -I"C:/Users/luiza/Desktop/test/kondensator/Drivers/CMSIS/Include"  -Og -g3 -Wall -fmessage-length=0 -ffunction-sections -c -fmessage-length=0 -MMD -MP -MF"Drivers/STM32F4xx_HAL_Driver/Src/stm32f4xx_hal_flash_ramfunc.d" -MT"Drivers/STM32F4xx_HAL_Driver/Src/stm32f4xx_hal_flash_ramfunc.o" -o "Drivers/STM32F4xx_HAL_Driver/Src/stm32f4xx_hal_flash_ramfunc.o" "../Drivers/STM32F4xx_HAL_Driver/Src/stm32f4xx_hal_flash_ramfunc.c"
Finished building: ../Drivers/STM32F4xx_HAL_Driver/Src/stm32f4xx_hal_flash_ramfunc.c
 
Building file: ../Drivers/STM32F4xx_HAL_Driver/Src/stm32f4xx_hal_gpio.c
Invoking: MCU GCC Compiler
C:\Users\luiza\Desktop\test\kondensator\Debug
arm-none-eabi-gcc -mcpu=cortex-m4 -mthumb -mfloat-abi=hard -mfpu=fpv4-sp-d16 '-D__weak=__attribute__((weak))' '-D__packed=__attribute__((__packed__))' -DUSE_HAL_DRIVER -DSTM32F446xx -I"C:/Users/luiza/Desktop/test/kondensator/Inc" -I"C:/Users/luiza/Desktop/test/kondensator/Drivers/STM32F4xx_HAL_Driver/Inc" -I"C:/Users/luiza/Desktop/test/kondensator/Drivers/STM32F4xx_HAL_Driver/Inc/Legacy" -I"C:/Users/luiza/Desktop/test/kondensator/Drivers/CMSIS/Device/ST/STM32F4xx/Include" -I"C:/Users/luiza/Desktop/test/kondensator/Drivers/CMSIS/Include"  -Og -g3 -Wall -fmessage-length=0 -ffunction-sections -c -fmessage-length=0 -MMD -MP -MF"Drivers/STM32F4xx_HAL_Driver/Src/stm32f4xx_hal_gpio.d" -MT"Drivers/STM32F4xx_HAL_Driver/Src/stm32f4xx_hal_gpio.o" -o "Drivers/STM32F4xx_HAL_Driver/Src/stm32f4xx_hal_gpio.o" "../Drivers/STM32F4xx_HAL_Driver/Src/stm32f4xx_hal_gpio.c"
Finished building: ../Drivers/STM32F4xx_HAL_Driver/Src/stm32f4xx_hal_gpio.c
 
Building file: ../Drivers/STM32F4xx_HAL_Driver/Src/stm32f4xx_hal_pwr.c
Invoking: MCU GCC Compiler
C:\Users\luiza\Desktop\test\kondensator\Debug
arm-none-eabi-gcc -mcpu=cortex-m4 -mthumb -mfloat-abi=hard -mfpu=fpv4-sp-d16 '-D__weak=__attribute__((weak))' '-D__packed=__attribute__((__packed__))' -DUSE_HAL_DRIVER -DSTM32F446xx -I"C:/Users/luiza/Desktop/test/kondensator/Inc" -I"C:/Users/luiza/Desktop/test/kondensator/Drivers/STM32F4xx_HAL_Driver/Inc" -I"C:/Users/luiza/Desktop/test/kondensator/Drivers/STM32F4xx_HAL_Driver/Inc/Legacy" -I"C:/Users/luiza/Desktop/test/kondensator/Drivers/CMSIS/Device/ST/STM32F4xx/Include" -I"C:/Users/luiza/Desktop/test/kondensator/Drivers/CMSIS/Include"  -Og -g3 -Wall -fmessage-length=0 -ffunction-sections -c -fmessage-length=0 -MMD -MP -MF"Drivers/STM32F4xx_HAL_Driver/Src/stm32f4xx_hal_pwr.d" -MT"Drivers/STM32F4xx_HAL_Driver/Src/stm32f4xx_hal_pwr.o" -o "Drivers/STM32F4xx_HAL_Driver/Src/stm32f4xx_hal_pwr.o" "../Drivers/STM32F4xx_HAL_Driver/Src/stm32f4xx_hal_pwr.c"
Finished building: ../Drivers/STM32F4xx_HAL_Driver/Src/stm32f4xx_hal_pwr.c
 
Building file: ../Drivers/STM32F4xx_HAL_Driver/Src/stm32f4xx_hal_pwr_ex.c
Invoking: MCU GCC Compiler
C:\Users\luiza\Desktop\test\kondensator\Debug
arm-none-eabi-gcc -mcpu=cortex-m4 -mthumb -mfloat-abi=hard -mfpu=fpv4-sp-d16 '-D__weak=__attribute__((weak))' '-D__packed=__attribute__((__packed__))' -DUSE_HAL_DRIVER -DSTM32F446xx -I"C:/Users/luiza/Desktop/test/kondensator/Inc" -I"C:/Users/luiza/Desktop/test/kondensator/Drivers/STM32F4xx_HAL_Driver/Inc" -I"C:/Users/luiza/Desktop/test/kondensator/Drivers/STM32F4xx_HAL_Driver/Inc/Legacy" -I"C:/Users/luiza/Desktop/test/kondensator/Drivers/CMSIS/Device/ST/STM32F4xx/Include" -I"C:/Users/luiza/Desktop/test/kondensator/Drivers/CMSIS/Include"  -Og -g3 -Wall -fmessage-length=0 -ffunction-sections -c -fmessage-length=0 -MMD -MP -MF"Drivers/STM32F4xx_HAL_Driver/Src/stm32f4xx_hal_pwr_ex.d" -MT"Drivers/STM32F4xx_HAL_Driver/Src/stm32f4xx_hal_pwr_ex.o" -o "Drivers/STM32F4xx_HAL_Driver/Src/stm32f4xx_hal_pwr_ex.o" "../Drivers/STM32F4xx_HAL_Driver/Src/stm32f4xx_hal_pwr_ex.c"
Finished building: ../Drivers/STM32F4xx_HAL_Driver/Src/stm32f4xx_hal_pwr_ex.c
 
Building file: ../Drivers/STM32F4xx_HAL_Driver/Src/stm32f4xx_hal_rcc.c
Invoking: MCU GCC Compiler
C:\Users\luiza\Desktop\test\kondensator\Debug
arm-none-eabi-gcc -mcpu=cortex-m4 -mthumb -mfloat-abi=hard -mfpu=fpv4-sp-d16 '-D__weak=__attribute__((weak))' '-D__packed=__attribute__((__packed__))' -DUSE_HAL_DRIVER -DSTM32F446xx -I"C:/Users/luiza/Desktop/test/kondensator/Inc" -I"C:/Users/luiza/Desktop/test/kondensator/Drivers/STM32F4xx_HAL_Driver/Inc" -I"C:/Users/luiza/Desktop/test/kondensator/Drivers/STM32F4xx_HAL_Driver/Inc/Legacy" -I"C:/Users/luiza/Desktop/test/kondensator/Drivers/CMSIS/Device/ST/STM32F4xx/Include" -I"C:/Users/luiza/Desktop/test/kondensator/Drivers/CMSIS/Include"  -Og -g3 -Wall -fmessage-length=0 -ffunction-sections -c -fmessage-length=0 -MMD -MP -MF"Drivers/STM32F4xx_HAL_Driver/Src/stm32f4xx_hal_rcc.d" -MT"Drivers/STM32F4xx_HAL_Driver/Src/stm32f4xx_hal_rcc.o" -o "Drivers/STM32F4xx_HAL_Driver/Src/stm32f4xx_hal_rcc.o" "../Drivers/STM32F4xx_HAL_Driver/Src/stm32f4xx_hal_rcc.c"
Finished building: ../Drivers/STM32F4xx_HAL_Driver/Src/stm32f4xx_hal_rcc.c
 
Building file: ../Drivers/STM32F4xx_HAL_Driver/Src/stm32f4xx_hal_rcc_ex.c
Invoking: MCU GCC Compiler
C:\Users\luiza\Desktop\test\kondensator\Debug
arm-none-eabi-gcc -mcpu=cortex-m4 -mthumb -mfloat-abi=hard -mfpu=fpv4-sp-d16 '-D__weak=__attribute__((weak))' '-D__packed=__attribute__((__packed__))' -DUSE_HAL_DRIVER -DSTM32F446xx -I"C:/Users/luiza/Desktop/test/kondensator/Inc" -I"C:/Users/luiza/Desktop/test/kondensator/Drivers/STM32F4xx_HAL_Driver/Inc" -I"C:/Users/luiza/Desktop/test/kondensator/Drivers/STM32F4xx_HAL_Driver/Inc/Legacy" -I"C:/Users/luiza/Desktop/test/kondensator/Drivers/CMSIS/Device/ST/STM32F4xx/Include" -I"C:/Users/luiza/Desktop/test/kondensator/Drivers/CMSIS/Include"  -Og -g3 -Wall -fmessage-length=0 -ffunction-sections -c -fmessage-length=0 -MMD -MP -MF"Drivers/STM32F4xx_HAL_Driver/Src/stm32f4xx_hal_rcc_ex.d" -MT"Drivers/STM32F4xx_HAL_Driver/Src/stm32f4xx_hal_rcc_ex.o" -o "Drivers/STM32F4xx_HAL_Driver/Src/stm32f4xx_hal_rcc_ex.o" "../Drivers/STM32F4xx_HAL_Driver/Src/stm32f4xx_hal_rcc_ex.c"
Finished building: ../Drivers/STM32F4xx_HAL_Driver/Src/stm32f4xx_hal_rcc_ex.c
 
Building file: ../Drivers/STM32F4xx_HAL_Driver/Src/stm32f4xx_hal_tim.c
Invoking: MCU GCC Compiler
C:\Users\luiza\Desktop\test\kondensator\Debug
arm-none-eabi-gcc -mcpu=cortex-m4 -mthumb -mfloat-abi=hard -mfpu=fpv4-sp-d16 '-D__weak=__attribute__((weak))' '-D__packed=__attribute__((__packed__))' -DUSE_HAL_DRIVER -DSTM32F446xx -I"C:/Users/luiza/Desktop/test/kondensator/Inc" -I"C:/Users/luiza/Desktop/test/kondensator/Drivers/STM32F4xx_HAL_Driver/Inc" -I"C:/Users/luiza/Desktop/test/kondensator/Drivers/STM32F4xx_HAL_Driver/Inc/Legacy" -I"C:/Users/luiza/Desktop/test/kondensator/Drivers/CMSIS/Device/ST/STM32F4xx/Include" -I"C:/Users/luiza/Desktop/test/kondensator/Drivers/CMSIS/Include"  -Og -g3 -Wall -fmessage-length=0 -ffunction-sections -c -fmessage-length=0 -MMD -MP -MF"Drivers/STM32F4xx_HAL_Driver/Src/stm32f4xx_hal_tim.d" -MT"Drivers/STM32F4xx_HAL_Driver/Src/stm32f4xx_hal_tim.o" -o "Drivers/STM32F4xx_HAL_Driver/Src/stm32f4xx_hal_tim.o" "../Drivers/STM32F4xx_HAL_Driver/Src/stm32f4xx_hal_tim.c"
Finished building: ../Drivers/STM32F4xx_HAL_Driver/Src/stm32f4xx_hal_tim.c
 
Building file: ../Drivers/STM32F4xx_HAL_Driver/Src/stm32f4xx_hal_tim_ex.c
Invoking: MCU GCC Compiler
C:\Users\luiza\Desktop\test\kondensator\Debug
arm-none-eabi-gcc -mcpu=cortex-m4 -mthumb -mfloat-abi=hard -mfpu=fpv4-sp-d16 '-D__weak=__attribute__((weak))' '-D__packed=__attribute__((__packed__))' -DUSE_HAL_DRIVER -DSTM32F446xx -I"C:/Users/luiza/Desktop/test/kondensator/Inc" -I"C:/Users/luiza/Desktop/test/kondensator/Drivers/STM32F4xx_HAL_Driver/Inc" -I"C:/Users/luiza/Desktop/test/kondensator/Drivers/STM32F4xx_HAL_Driver/Inc/Legacy" -I"C:/Users/luiza/Desktop/test/kondensator/Drivers/CMSIS/Device/ST/STM32F4xx/Include" -I"C:/Users/luiza/Desktop/test/kondensator/Drivers/CMSIS/Include"  -Og -g3 -Wall -fmessage-length=0 -ffunction-sections -c -fmessage-length=0 -MMD -MP -MF"Drivers/STM32F4xx_HAL_Driver/Src/stm32f4xx_hal_tim_ex.d" -MT"Drivers/STM32F4xx_HAL_Driver/Src/stm32f4xx_hal_tim_ex.o" -o "Drivers/STM32F4xx_HAL_Driver/Src/stm32f4xx_hal_tim_ex.o" "../Drivers/STM32F4xx_HAL_Driver/Src/stm32f4xx_hal_tim_ex.c"
Finished building: ../Drivers/STM32F4xx_HAL_Driver/Src/stm32f4xx_hal_tim_ex.c
 
Building file: ../Drivers/STM32F4xx_HAL_Driver/Src/stm32f4xx_hal_uart.c
Invoking: MCU GCC Compiler
C:\Users\luiza\Desktop\test\kondensator\Debug
arm-none-eabi-gcc -mcpu=cortex-m4 -mthumb -mfloat-abi=hard -mfpu=fpv4-sp-d16 '-D__weak=__attribute__((weak))' '-D__packed=__attribute__((__packed__))' -DUSE_HAL_DRIVER -DSTM32F446xx -I"C:/Users/luiza/Desktop/test/kondensator/Inc" -I"C:/Users/luiza/Desktop/test/kondensator/Drivers/STM32F4xx_HAL_Driver/Inc" -I"C:/Users/luiza/Desktop/test/kondensator/Drivers/STM32F4xx_HAL_Driver/Inc/Legacy" -I"C:/Users/luiza/Desktop/test/kondensator/Drivers/CMSIS/Device/ST/STM32F4xx/Include" -I"C:/Users/luiza/Desktop/test/kondensator/Drivers/CMSIS/Include"  -Og -g3 -Wall -fmessage-length=0 -ffunction-sections -c -fmessage-length=0 -MMD -MP -MF"Drivers/STM32F4xx_HAL_Driver/Src/stm32f4xx_hal_uart.d" -MT"Drivers/STM32F4xx_HAL_Driver/Src/stm32f4xx_hal_uart.o" -o "Drivers/STM32F4xx_HAL_Driver/Src/stm32f4xx_hal_uart.o" "../Drivers/STM32F4xx_HAL_Driver/Src/stm32f4xx_hal_uart.c"
Finished building: ../Drivers/STM32F4xx_HAL_Driver/Src/stm32f4xx_hal_uart.c
 
Building target: kondensator.elf
Invoking: MCU GCC Linker
arm-none-eabi-gcc -mcpu=cortex-m4 -mthumb -mfloat-abi=hard -mfpu=fpv4-sp-d16 -specs=nosys.specs -specs=nano.specs -T"../STM32F446RETx_FLASH.ld" -Wl,-Map=output.map -Wl,--gc-sections -o "kondensator.elf" @"objects.list"   -lm
Finished building target: kondensator.elf
 
make --no-print-directory post-build
Generating hex and Printing size information:
arm-none-eabi-objcopy -O ihex "kondensator.elf" "kondensator.hex"
arm-none-eabi-size "kondensator.elf"
   text	   data	    bss	    dec	    hex	filename
   5800	     20	   1636	   7456	   1d20	kondensator.elf
 
18:23:29 **** Incremental Build of configuration Debug for project kondensator ****
make all 
make: Nothing to be done for 'all'.
18:31:27 **** Incremental Build of configuration Debug for project pr ****
make all 
Building file: ../Src/main.c
Invoking: MCU GCC Compiler
D:\Studia wszystko\Studia 5\sem 3\praca magisterska\kody STM\pr\Debug
arm-none-eabi-gcc -mcpu=cortex-m4 -mthumb -mfloat-abi=hard -mfpu=fpv4-sp-d16 '-D__weak=__attribute__((weak))' '-D__packed=__attribute__((__packed__))' -DUSE_HAL_DRIVER -DSTM32L475xx -I"D:/Studia wszystko/Studia 5/sem 3/praca magisterska/kody STM/pr/Inc" -I"D:/Studia wszystko/Studia 5/sem 3/praca magisterska/kody STM/pr/Drivers/STM32L4xx_HAL_Driver/Inc" -I"D:/Studia wszystko/Studia 5/sem 3/praca magisterska/kody STM/pr/Drivers/STM32L4xx_HAL_Driver/Inc/Legacy" -I"D:/Studia wszystko/Studia 5/sem 3/praca magisterska/kody STM/pr/Drivers/CMSIS/Device/ST/STM32L4xx/Include" -I"D:/Studia wszystko/Studia 5/sem 3/praca magisterska/kody STM/pr/Drivers/CMSIS/Include"  -Og -g3 -Wall -fmessage-length=0 -ffunction-sections -c -fmessage-length=0 -MMD -MP -MF"Src/main.d" -MT"Src/main.o" -o "Src/main.o" "../Src/main.c"
../Src/main.c: In function 'BMP388_calculate_temp_coef':
../Src/main.c:246:29: warning: implicit declaration of function 'pow' [-Wimplicit-function-declaration]
  par_t1 = (float)NVM_PAR_T1*pow(2,8);//7103488
                             ^~~
../Src/main.c:246:29: warning: incompatible implicit declaration of built-in function 'pow'
../Src/main.c:246:29: note: include '<math.h>' or provide a declaration of 'pow'
../Src/main.c: In function 'BMP388_calculate_pres_coef':
../Src/main.c:252:30: warning: incompatible implicit declaration of built-in function 'pow'
  par_p1 = ((float)NVM_PAR_P1-pow(2,14))/pow(2,20);
                              ^~~
../Src/main.c:252:30: note: include '<math.h>' or provide a declaration of 'pow'
../Src/main.c: In function 'pt1000_temp_meas':
../Src/main.c:428:2: warning: implicit declaration of function 'sprintf' [-Wimplicit-function-declaration]
  sprintf(wyslij, "time_ms %f ", time_ms);
  ^~~~~~~
../Src/main.c:428:2: warning: incompatible implicit declaration of built-in function 'sprintf'
../Src/main.c:428:2: note: include '<stdio.h>' or provide a declaration of 'sprintf'
../Src/main.c:428:10: warning: pointer targets in passing argument 1 of 'sprintf' differ in signedness [-Wpointer-sign]
  sprintf(wyslij, "time_ms %f ", time_ms);
          ^~~~~~
../Src/main.c:428:10: note: expected 'char *' but argument is of type 'uint8_t * {aka unsigned char *}'
../Src/main.c:429:29: warning: passing argument 2 of 'HAL_UART_Transmit' from incompatible pointer type [-Wincompatible-pointer-types]
  HAL_UART_Transmit(&huart5, &wyslij, sizeof(wyslij), 100);
                             ^
In file included from D:/Studia wszystko/Studia 5/sem 3/praca magisterska/kody STM/pr/Inc/stm32l4xx_hal_conf.h:380:0,
                 from D:/Studia wszystko/Studia 5/sem 3/praca magisterska/kody STM/pr/Drivers/STM32L4xx_HAL_Driver/Inc/stm32l4xx_hal.h:46,
                 from D:/Studia wszystko/Studia 5/sem 3/praca magisterska/kody STM/pr/Inc/main.h:51,
                 from ../Src/main.c:42:
D:/Studia wszystko/Studia 5/sem 3/praca magisterska/kody STM/pr/Drivers/STM32L4xx_HAL_Driver/Inc/stm32l4xx_hal_uart.h:1597:19: note: expected 'uint8_t * {aka unsigned char *}' but argument is of type 'uint8_t (*)[20] {aka unsigned char (*)[20]}'
 HAL_StatusTypeDef HAL_UART_Transmit(UART_HandleTypeDef *huart, uint8_t *pData, uint16_t Size, uint32_t Timeout);
                   ^~~~~~~~~~~~~~~~~
../Src/main.c: In function 'main':
../Src/main.c:486:12: warning: unused variable 'licznik' [-Wunused-variable]
   uint32_t licznik = 0;
            ^~~~~~~
../Src/main.c:485:11: warning: unused variable 'wysylanie' [-Wunused-variable]
   uint8_t wysylanie[20] = "                    ";
           ^~~~~~~~~
Finished building: ../Src/main.c
 
Building target: pr.elf
Invoking: MCU GCC Linker
arm-none-eabi-gcc -mcpu=cortex-m4 -mthumb -mfloat-abi=hard -mfpu=fpv4-sp-d16 -specs=nosys.specs -specs=nano.specs -u_printf_float -T"../STM32L475RETx_FLASH.ld" -Wl,-Map=output.map -Wl,--gc-sections -o "pr.elf" @"objects.list"   -lm
Finished building target: pr.elf
 
make --no-print-directory post-build
Generating hex and Printing size information:
arm-none-eabi-objcopy -O ihex "pr.elf" "pr.hex"
arm-none-eabi-size "pr.elf"
   text	   data	    bss	    dec	    hex	filename
  25336	    504	   2152	  27992	   6d58	pr.elf
 
18:31:52 **** Incremental Build of configuration Debug for project pr ****
make all 
make: Nothing to be done for 'all'.
18:45:58 **** Incremental Build of configuration Debug for project pr ****
make all 
Building file: ../Src/main.c
Invoking: MCU GCC Compiler
D:\Studia wszystko\Studia 5\sem 3\praca magisterska\kody STM\pr\Debug
arm-none-eabi-gcc -mcpu=cortex-m4 -mthumb -mfloat-abi=hard -mfpu=fpv4-sp-d16 '-D__weak=__attribute__((weak))' '-D__packed=__attribute__((__packed__))' -DUSE_HAL_DRIVER -DSTM32L475xx -I"D:/Studia wszystko/Studia 5/sem 3/praca magisterska/kody STM/pr/Inc" -I"D:/Studia wszystko/Studia 5/sem 3/praca magisterska/kody STM/pr/Drivers/STM32L4xx_HAL_Driver/Inc" -I"D:/Studia wszystko/Studia 5/sem 3/praca magisterska/kody STM/pr/Drivers/STM32L4xx_HAL_Driver/Inc/Legacy" -I"D:/Studia wszystko/Studia 5/sem 3/praca magisterska/kody STM/pr/Drivers/CMSIS/Device/ST/STM32L4xx/Include" -I"D:/Studia wszystko/Studia 5/sem 3/praca magisterska/kody STM/pr/Drivers/CMSIS/Include"  -Og -g3 -Wall -fmessage-length=0 -ffunction-sections -c -fmessage-length=0 -MMD -MP -MF"Src/main.d" -MT"Src/main.o" -o "Src/main.o" "../Src/main.c"
../Src/main.c: In function 'BMP388_calculate_temp_coef':
../Src/main.c:246:29: warning: implicit declaration of function 'pow' [-Wimplicit-function-declaration]
  par_t1 = (float)NVM_PAR_T1*pow(2,8);//7103488
                             ^~~
../Src/main.c:246:29: warning: incompatible implicit declaration of built-in function 'pow'
../Src/main.c:246:29: note: include '<math.h>' or provide a declaration of 'pow'
../Src/main.c: In function 'BMP388_calculate_pres_coef':
../Src/main.c:252:30: warning: incompatible implicit declaration of built-in function 'pow'
  par_p1 = ((float)NVM_PAR_P1-pow(2,14))/pow(2,20);
                              ^~~
../Src/main.c:252:30: note: include '<math.h>' or provide a declaration of 'pow'
../Src/main.c: In function 'pt1000_temp_meas':
../Src/main.c:428:2: warning: implicit declaration of function 'sprintf' [-Wimplicit-function-declaration]
  sprintf(wyslij, "time_ms %f ", time_ms);
  ^~~~~~~
../Src/main.c:428:2: warning: incompatible implicit declaration of built-in function 'sprintf'
../Src/main.c:428:2: note: include '<stdio.h>' or provide a declaration of 'sprintf'
../Src/main.c:428:10: warning: pointer targets in passing argument 1 of 'sprintf' differ in signedness [-Wpointer-sign]
  sprintf(wyslij, "time_ms %f ", time_ms);
          ^~~~~~
../Src/main.c:428:10: note: expected 'char *' but argument is of type 'uint8_t * {aka unsigned char *}'
../Src/main.c:429:29: warning: passing argument 2 of 'HAL_UART_Transmit' from incompatible pointer type [-Wincompatible-pointer-types]
  HAL_UART_Transmit(&huart5, &wyslij, sizeof(wyslij), 100);
                             ^
In file included from D:/Studia wszystko/Studia 5/sem 3/praca magisterska/kody STM/pr/Inc/stm32l4xx_hal_conf.h:380:0,
                 from D:/Studia wszystko/Studia 5/sem 3/praca magisterska/kody STM/pr/Drivers/STM32L4xx_HAL_Driver/Inc/stm32l4xx_hal.h:46,
                 from D:/Studia wszystko/Studia 5/sem 3/praca magisterska/kody STM/pr/Inc/main.h:51,
                 from ../Src/main.c:42:
D:/Studia wszystko/Studia 5/sem 3/praca magisterska/kody STM/pr/Drivers/STM32L4xx_HAL_Driver/Inc/stm32l4xx_hal_uart.h:1597:19: note: expected 'uint8_t * {aka unsigned char *}' but argument is of type 'uint8_t (*)[20] {aka unsigned char (*)[20]}'
 HAL_StatusTypeDef HAL_UART_Transmit(UART_HandleTypeDef *huart, uint8_t *pData, uint16_t Size, uint32_t Timeout);
                   ^~~~~~~~~~~~~~~~~
../Src/main.c: In function 'HAL_GPIO_EXTI_Callback':
../Src/main.c:440:6: warning: incompatible implicit declaration of built-in function 'sprintf'
      sprintf(wyslij, "przerwanie %u ", licznik);
      ^~~~~~~
../Src/main.c:440:6: note: include '<stdio.h>' or provide a declaration of 'sprintf'
../Src/main.c:440:14: warning: pointer targets in passing argument 1 of 'sprintf' differ in signedness [-Wpointer-sign]
      sprintf(wyslij, "przerwanie %u ", licznik);
              ^~~~~~
../Src/main.c:440:14: note: expected 'char *' but argument is of type 'uint8_t * {aka unsigned char *}'
../Src/main.c:440:35: warning: format '%u' expects argument of type 'unsigned int', but argument 3 has type 'uint32_t {aka volatile long unsigned int}' [-Wformat=]
      sprintf(wyslij, "przerwanie %u ", licznik);
                                  ~^
                                  %lu
../Src/main.c:441:33: warning: passing argument 2 of 'HAL_UART_Transmit' from incompatible pointer type [-Wincompatible-pointer-types]
      HAL_UART_Transmit(&huart5, &wyslij, sizeof(wyslij), 100);
                                 ^
In file included from D:/Studia wszystko/Studia 5/sem 3/praca magisterska/kody STM/pr/Inc/stm32l4xx_hal_conf.h:380:0,
                 from D:/Studia wszystko/Studia 5/sem 3/praca magisterska/kody STM/pr/Drivers/STM32L4xx_HAL_Driver/Inc/stm32l4xx_hal.h:46,
                 from D:/Studia wszystko/Studia 5/sem 3/praca magisterska/kody STM/pr/Inc/main.h:51,
                 from ../Src/main.c:42:
D:/Studia wszystko/Studia 5/sem 3/praca magisterska/kody STM/pr/Drivers/STM32L4xx_HAL_Driver/Inc/stm32l4xx_hal_uart.h:1597:19: note: expected 'uint8_t * {aka unsigned char *}' but argument is of type 'uint8_t (*)[20] {aka unsigned char (*)[20]}'
 HAL_StatusTypeDef HAL_UART_Transmit(UART_HandleTypeDef *huart, uint8_t *pData, uint16_t Size, uint32_t Timeout);
                   ^~~~~~~~~~~~~~~~~
../Src/main.c: In function 'main':
../Src/main.c:486:12: warning: unused variable 'licznik' [-Wunused-variable]
   uint32_t licznik = 0;
            ^~~~~~~
../Src/main.c:485:11: warning: unused variable 'wysylanie' [-Wunused-variable]
   uint8_t wysylanie[20] = "                    ";
           ^~~~~~~~~
Finished building: ../Src/main.c
 
Building target: pr.elf
Invoking: MCU GCC Linker
arm-none-eabi-gcc -mcpu=cortex-m4 -mthumb -mfloat-abi=hard -mfpu=fpv4-sp-d16 -specs=nosys.specs -specs=nano.specs -u_printf_float -T"../STM32L475RETx_FLASH.ld" -Wl,-Map=output.map -Wl,--gc-sections -o "pr.elf" @"objects.list"   -lm
Finished building target: pr.elf
 
make --no-print-directory post-build
Generating hex and Printing size information:
arm-none-eabi-objcopy -O ihex "pr.elf" "pr.hex"
arm-none-eabi-size "pr.elf"
   text	   data	    bss	    dec	    hex	filename
  25496	    504	   2152	  28152	   6df8	pr.elf
 
18:46:44 **** Incremental Build of configuration Debug for project pr ****
make all 
Building file: ../Src/main.c
Invoking: MCU GCC Compiler
D:\Studia wszystko\Studia 5\sem 3\praca magisterska\kody STM\pr\Debug
arm-none-eabi-gcc -mcpu=cortex-m4 -mthumb -mfloat-abi=hard -mfpu=fpv4-sp-d16 '-D__weak=__attribute__((weak))' '-D__packed=__attribute__((__packed__))' -DUSE_HAL_DRIVER -DSTM32L475xx -I"D:/Studia wszystko/Studia 5/sem 3/praca magisterska/kody STM/pr/Inc" -I"D:/Studia wszystko/Studia 5/sem 3/praca magisterska/kody STM/pr/Drivers/STM32L4xx_HAL_Driver/Inc" -I"D:/Studia wszystko/Studia 5/sem 3/praca magisterska/kody STM/pr/Drivers/STM32L4xx_HAL_Driver/Inc/Legacy" -I"D:/Studia wszystko/Studia 5/sem 3/praca magisterska/kody STM/pr/Drivers/CMSIS/Device/ST/STM32L4xx/Include" -I"D:/Studia wszystko/Studia 5/sem 3/praca magisterska/kody STM/pr/Drivers/CMSIS/Include"  -Og -g3 -Wall -fmessage-length=0 -ffunction-sections -c -fmessage-length=0 -MMD -MP -MF"Src/main.d" -MT"Src/main.o" -o "Src/main.o" "../Src/main.c"
../Src/main.c: In function 'BMP388_calculate_temp_coef':
../Src/main.c:246:29: warning: implicit declaration of function 'pow' [-Wimplicit-function-declaration]
  par_t1 = (float)NVM_PAR_T1*pow(2,8);//7103488
                             ^~~
../Src/main.c:246:29: warning: incompatible implicit declaration of built-in function 'pow'
../Src/main.c:246:29: note: include '<math.h>' or provide a declaration of 'pow'
../Src/main.c: In function 'BMP388_calculate_pres_coef':
../Src/main.c:252:30: warning: incompatible implicit declaration of built-in function 'pow'
  par_p1 = ((float)NVM_PAR_P1-pow(2,14))/pow(2,20);
                              ^~~
../Src/main.c:252:30: note: include '<math.h>' or provide a declaration of 'pow'
../Src/main.c: In function 'pt1000_temp_meas':
../Src/main.c:428:2: warning: implicit declaration of function 'sprintf' [-Wimplicit-function-declaration]
  sprintf(wyslij, "time_us %f ", time_ms);
  ^~~~~~~
../Src/main.c:428:2: warning: incompatible implicit declaration of built-in function 'sprintf'
../Src/main.c:428:2: note: include '<stdio.h>' or provide a declaration of 'sprintf'
../Src/main.c:428:10: warning: pointer targets in passing argument 1 of 'sprintf' differ in signedness [-Wpointer-sign]
  sprintf(wyslij, "time_us %f ", time_ms);
          ^~~~~~
../Src/main.c:428:10: note: expected 'char *' but argument is of type 'uint8_t * {aka unsigned char *}'
../Src/main.c:429:29: warning: passing argument 2 of 'HAL_UART_Transmit' from incompatible pointer type [-Wincompatible-pointer-types]
  HAL_UART_Transmit(&huart5, &wyslij, sizeof(wyslij), 100);
                             ^
In file included from D:/Studia wszystko/Studia 5/sem 3/praca magisterska/kody STM/pr/Inc/stm32l4xx_hal_conf.h:380:0,
                 from D:/Studia wszystko/Studia 5/sem 3/praca magisterska/kody STM/pr/Drivers/STM32L4xx_HAL_Driver/Inc/stm32l4xx_hal.h:46,
                 from D:/Studia wszystko/Studia 5/sem 3/praca magisterska/kody STM/pr/Inc/main.h:51,
                 from ../Src/main.c:42:
D:/Studia wszystko/Studia 5/sem 3/praca magisterska/kody STM/pr/Drivers/STM32L4xx_HAL_Driver/Inc/stm32l4xx_hal_uart.h:1597:19: note: expected 'uint8_t * {aka unsigned char *}' but argument is of type 'uint8_t (*)[20] {aka unsigned char (*)[20]}'
 HAL_StatusTypeDef HAL_UART_Transmit(UART_HandleTypeDef *huart, uint8_t *pData, uint16_t Size, uint32_t Timeout);
                   ^~~~~~~~~~~~~~~~~
../Src/main.c: In function 'HAL_GPIO_EXTI_Callback':
../Src/main.c:440:6: warning: incompatible implicit declaration of built-in function 'sprintf'
      sprintf(wyslij, "przerwanie %u ", licznik);
      ^~~~~~~
../Src/main.c:440:6: note: include '<stdio.h>' or provide a declaration of 'sprintf'
../Src/main.c:440:14: warning: pointer targets in passing argument 1 of 'sprintf' differ in signedness [-Wpointer-sign]
      sprintf(wyslij, "przerwanie %u ", licznik);
              ^~~~~~
../Src/main.c:440:14: note: expected 'char *' but argument is of type 'uint8_t * {aka unsigned char *}'
../Src/main.c:440:35: warning: format '%u' expects argument of type 'unsigned int', but argument 3 has type 'uint32_t {aka volatile long unsigned int}' [-Wformat=]
      sprintf(wyslij, "przerwanie %u ", licznik);
                                  ~^
                                  %lu
../Src/main.c:441:33: warning: passing argument 2 of 'HAL_UART_Transmit' from incompatible pointer type [-Wincompatible-pointer-types]
      HAL_UART_Transmit(&huart5, &wyslij, sizeof(wyslij), 100);
                                 ^
In file included from D:/Studia wszystko/Studia 5/sem 3/praca magisterska/kody STM/pr/Inc/stm32l4xx_hal_conf.h:380:0,
                 from D:/Studia wszystko/Studia 5/sem 3/praca magisterska/kody STM/pr/Drivers/STM32L4xx_HAL_Driver/Inc/stm32l4xx_hal.h:46,
                 from D:/Studia wszystko/Studia 5/sem 3/praca magisterska/kody STM/pr/Inc/main.h:51,
                 from ../Src/main.c:42:
D:/Studia wszystko/Studia 5/sem 3/praca magisterska/kody STM/pr/Drivers/STM32L4xx_HAL_Driver/Inc/stm32l4xx_hal_uart.h:1597:19: note: expected 'uint8_t * {aka unsigned char *}' but argument is of type 'uint8_t (*)[20] {aka unsigned char (*)[20]}'
 HAL_StatusTypeDef HAL_UART_Transmit(UART_HandleTypeDef *huart, uint8_t *pData, uint16_t Size, uint32_t Timeout);
                   ^~~~~~~~~~~~~~~~~
../Src/main.c: In function 'main':
../Src/main.c:486:12: warning: unused variable 'licznik' [-Wunused-variable]
   uint32_t licznik = 0;
            ^~~~~~~
../Src/main.c:485:11: warning: unused variable 'wysylanie' [-Wunused-variable]
   uint8_t wysylanie[20] = "                    ";
           ^~~~~~~~~
Finished building: ../Src/main.c
 
Building target: pr.elf
Invoking: MCU GCC Linker
arm-none-eabi-gcc -mcpu=cortex-m4 -mthumb -mfloat-abi=hard -mfpu=fpv4-sp-d16 -specs=nosys.specs -specs=nano.specs -u_printf_float -T"../STM32L475RETx_FLASH.ld" -Wl,-Map=output.map -Wl,--gc-sections -o "pr.elf" @"objects.list"   -lm
Finished building target: pr.elf
 
make --no-print-directory post-build
Generating hex and Printing size information:
arm-none-eabi-objcopy -O ihex "pr.elf" "pr.hex"
arm-none-eabi-size "pr.elf"
   text	   data	    bss	    dec	    hex	filename
  25512	    504	   2152	  28168	   6e08	pr.elf
 
18:54:05 **** Incremental Build of configuration Debug for project pr ****
make all 
Building file: ../Src/main.c
Invoking: MCU GCC Compiler
D:\Studia wszystko\Studia 5\sem 3\praca magisterska\kody STM\pr\Debug
arm-none-eabi-gcc -mcpu=cortex-m4 -mthumb -mfloat-abi=hard -mfpu=fpv4-sp-d16 '-D__weak=__attribute__((weak))' '-D__packed=__attribute__((__packed__))' -DUSE_HAL_DRIVER -DSTM32L475xx -I"D:/Studia wszystko/Studia 5/sem 3/praca magisterska/kody STM/pr/Inc" -I"D:/Studia wszystko/Studia 5/sem 3/praca magisterska/kody STM/pr/Drivers/STM32L4xx_HAL_Driver/Inc" -I"D:/Studia wszystko/Studia 5/sem 3/praca magisterska/kody STM/pr/Drivers/STM32L4xx_HAL_Driver/Inc/Legacy" -I"D:/Studia wszystko/Studia 5/sem 3/praca magisterska/kody STM/pr/Drivers/CMSIS/Device/ST/STM32L4xx/Include" -I"D:/Studia wszystko/Studia 5/sem 3/praca magisterska/kody STM/pr/Drivers/CMSIS/Include"  -Og -g3 -Wall -fmessage-length=0 -ffunction-sections -c -fmessage-length=0 -MMD -MP -MF"Src/main.d" -MT"Src/main.o" -o "Src/main.o" "../Src/main.c"
../Src/main.c: In function 'BMP388_calculate_temp_coef':
../Src/main.c:246:29: warning: implicit declaration of function 'pow' [-Wimplicit-function-declaration]
  par_t1 = (float)NVM_PAR_T1*pow(2,8);//7103488
                             ^~~
../Src/main.c:246:29: warning: incompatible implicit declaration of built-in function 'pow'
../Src/main.c:246:29: note: include '<math.h>' or provide a declaration of 'pow'
../Src/main.c: In function 'BMP388_calculate_pres_coef':
../Src/main.c:252:30: warning: incompatible implicit declaration of built-in function 'pow'
  par_p1 = ((float)NVM_PAR_P1-pow(2,14))/pow(2,20);
                              ^~~
../Src/main.c:252:30: note: include '<math.h>' or provide a declaration of 'pow'
../Src/main.c: In function 'pt1000_temp_meas':
../Src/main.c:428:2: warning: implicit declaration of function 'sprintf' [-Wimplicit-function-declaration]
  sprintf(wyslij, "time_us %f ", time_ms);
  ^~~~~~~
../Src/main.c:428:2: warning: incompatible implicit declaration of built-in function 'sprintf'
../Src/main.c:428:2: note: include '<stdio.h>' or provide a declaration of 'sprintf'
../Src/main.c:428:10: warning: pointer targets in passing argument 1 of 'sprintf' differ in signedness [-Wpointer-sign]
  sprintf(wyslij, "time_us %f ", time_ms);
          ^~~~~~
../Src/main.c:428:10: note: expected 'char *' but argument is of type 'uint8_t * {aka unsigned char *}'
../Src/main.c:429:29: warning: passing argument 2 of 'HAL_UART_Transmit' from incompatible pointer type [-Wincompatible-pointer-types]
  HAL_UART_Transmit(&huart5, &wyslij, sizeof(wyslij), 100);
                             ^
In file included from D:/Studia wszystko/Studia 5/sem 3/praca magisterska/kody STM/pr/Inc/stm32l4xx_hal_conf.h:380:0,
                 from D:/Studia wszystko/Studia 5/sem 3/praca magisterska/kody STM/pr/Drivers/STM32L4xx_HAL_Driver/Inc/stm32l4xx_hal.h:46,
                 from D:/Studia wszystko/Studia 5/sem 3/praca magisterska/kody STM/pr/Inc/main.h:51,
                 from ../Src/main.c:42:
D:/Studia wszystko/Studia 5/sem 3/praca magisterska/kody STM/pr/Drivers/STM32L4xx_HAL_Driver/Inc/stm32l4xx_hal_uart.h:1597:19: note: expected 'uint8_t * {aka unsigned char *}' but argument is of type 'uint8_t (*)[20] {aka unsigned char (*)[20]}'
 HAL_StatusTypeDef HAL_UART_Transmit(UART_HandleTypeDef *huart, uint8_t *pData, uint16_t Size, uint32_t Timeout);
                   ^~~~~~~~~~~~~~~~~
../Src/main.c: In function 'HAL_GPIO_EXTI_Callback':
../Src/main.c:440:6: warning: incompatible implicit declaration of built-in function 'sprintf'
      sprintf(wyslij, "przerwanie %u ", licznik);
      ^~~~~~~
../Src/main.c:440:6: note: include '<stdio.h>' or provide a declaration of 'sprintf'
../Src/main.c:440:14: warning: pointer targets in passing argument 1 of 'sprintf' differ in signedness [-Wpointer-sign]
      sprintf(wyslij, "przerwanie %u ", licznik);
              ^~~~~~
../Src/main.c:440:14: note: expected 'char *' but argument is of type 'uint8_t * {aka unsigned char *}'
../Src/main.c:440:35: warning: format '%u' expects argument of type 'unsigned int', but argument 3 has type 'uint32_t {aka volatile long unsigned int}' [-Wformat=]
      sprintf(wyslij, "przerwanie %u ", licznik);
                                  ~^
                                  %lu
../Src/main.c:441:33: warning: passing argument 2 of 'HAL_UART_Transmit' from incompatible pointer type [-Wincompatible-pointer-types]
      HAL_UART_Transmit(&huart5, &wyslij, sizeof(wyslij), 100);
                                 ^
In file included from D:/Studia wszystko/Studia 5/sem 3/praca magisterska/kody STM/pr/Inc/stm32l4xx_hal_conf.h:380:0,
                 from D:/Studia wszystko/Studia 5/sem 3/praca magisterska/kody STM/pr/Drivers/STM32L4xx_HAL_Driver/Inc/stm32l4xx_hal.h:46,
                 from D:/Studia wszystko/Studia 5/sem 3/praca magisterska/kody STM/pr/Inc/main.h:51,
                 from ../Src/main.c:42:
D:/Studia wszystko/Studia 5/sem 3/praca magisterska/kody STM/pr/Drivers/STM32L4xx_HAL_Driver/Inc/stm32l4xx_hal_uart.h:1597:19: note: expected 'uint8_t * {aka unsigned char *}' but argument is of type 'uint8_t (*)[20] {aka unsigned char (*)[20]}'
 HAL_StatusTypeDef HAL_UART_Transmit(UART_HandleTypeDef *huart, uint8_t *pData, uint16_t Size, uint32_t Timeout);
                   ^~~~~~~~~~~~~~~~~
../Src/main.c: In function 'main':
../Src/main.c:486:12: warning: unused variable 'licznik' [-Wunused-variable]
   uint32_t licznik = 0;
            ^~~~~~~
../Src/main.c:485:11: warning: unused variable 'wysylanie' [-Wunused-variable]
   uint8_t wysylanie[20] = "                    ";
           ^~~~~~~~~
Finished building: ../Src/main.c
 
Building target: pr.elf
Invoking: MCU GCC Linker
arm-none-eabi-gcc -mcpu=cortex-m4 -mthumb -mfloat-abi=hard -mfpu=fpv4-sp-d16 -specs=nosys.specs -specs=nano.specs -u_printf_float -T"../STM32L475RETx_FLASH.ld" -Wl,-Map=output.map -Wl,--gc-sections -o "pr.elf" @"objects.list"   -lm
Finished building target: pr.elf
 
make --no-print-directory post-build
Generating hex and Printing size information:
arm-none-eabi-objcopy -O ihex "pr.elf" "pr.hex"
arm-none-eabi-size "pr.elf"
   text	   data	    bss	    dec	    hex	filename
  25512	    504	   2152	  28168	   6e08	pr.elf
 
20:13:17 **** Incremental Build of configuration Debug for project pr ****
make all 
Building file: ../Src/main.c
Invoking: MCU GCC Compiler
D:\Studia wszystko\Studia 5\sem 3\praca magisterska\kody STM\pr\Debug
arm-none-eabi-gcc -mcpu=cortex-m4 -mthumb -mfloat-abi=hard -mfpu=fpv4-sp-d16 '-D__weak=__attribute__((weak))' '-D__packed=__attribute__((__packed__))' -DUSE_HAL_DRIVER -DSTM32L475xx -I"D:/Studia wszystko/Studia 5/sem 3/praca magisterska/kody STM/pr/Inc" -I"D:/Studia wszystko/Studia 5/sem 3/praca magisterska/kody STM/pr/Drivers/STM32L4xx_HAL_Driver/Inc" -I"D:/Studia wszystko/Studia 5/sem 3/praca magisterska/kody STM/pr/Drivers/STM32L4xx_HAL_Driver/Inc/Legacy" -I"D:/Studia wszystko/Studia 5/sem 3/praca magisterska/kody STM/pr/Drivers/CMSIS/Device/ST/STM32L4xx/Include" -I"D:/Studia wszystko/Studia 5/sem 3/praca magisterska/kody STM/pr/Drivers/CMSIS/Include"  -Og -g3 -Wall -fmessage-length=0 -ffunction-sections -c -fmessage-length=0 -MMD -MP -MF"Src/main.d" -MT"Src/main.o" -o "Src/main.o" "../Src/main.c"
../Src/main.c: In function 'BMP388_calculate_temp_coef':
../Src/main.c:246:29: warning: implicit declaration of function 'pow' [-Wimplicit-function-declaration]
  par_t1 = (float)NVM_PAR_T1*pow(2,8);//7103488
                             ^~~
../Src/main.c:246:29: warning: incompatible implicit declaration of built-in function 'pow'
../Src/main.c:246:29: note: include '<math.h>' or provide a declaration of 'pow'
../Src/main.c: In function 'BMP388_calculate_pres_coef':
../Src/main.c:252:30: warning: incompatible implicit declaration of built-in function 'pow'
  par_p1 = ((float)NVM_PAR_P1-pow(2,14))/pow(2,20);
                              ^~~
../Src/main.c:252:30: note: include '<math.h>' or provide a declaration of 'pow'
../Src/main.c: In function 'pt1000_temp_meas':
../Src/main.c:430:2: warning: implicit declaration of function 'sprintf' [-Wimplicit-function-declaration]
  sprintf(wyslij, "time_us %f ", time_us);
  ^~~~~~~
../Src/main.c:430:2: warning: incompatible implicit declaration of built-in function 'sprintf'
../Src/main.c:430:2: note: include '<stdio.h>' or provide a declaration of 'sprintf'
../Src/main.c:430:10: warning: pointer targets in passing argument 1 of 'sprintf' differ in signedness [-Wpointer-sign]
  sprintf(wyslij, "time_us %f ", time_us);
          ^~~~~~
../Src/main.c:430:10: note: expected 'char *' but argument is of type 'uint8_t * {aka unsigned char *}'
../Src/main.c:431:29: warning: passing argument 2 of 'HAL_UART_Transmit' from incompatible pointer type [-Wincompatible-pointer-types]
  HAL_UART_Transmit(&huart5, &wyslij, sizeof(wyslij), 100);
                             ^
In file included from D:/Studia wszystko/Studia 5/sem 3/praca magisterska/kody STM/pr/Inc/stm32l4xx_hal_conf.h:380:0,
                 from D:/Studia wszystko/Studia 5/sem 3/praca magisterska/kody STM/pr/Drivers/STM32L4xx_HAL_Driver/Inc/stm32l4xx_hal.h:46,
                 from D:/Studia wszystko/Studia 5/sem 3/praca magisterska/kody STM/pr/Inc/main.h:51,
                 from ../Src/main.c:42:
D:/Studia wszystko/Studia 5/sem 3/praca magisterska/kody STM/pr/Drivers/STM32L4xx_HAL_Driver/Inc/stm32l4xx_hal_uart.h:1597:19: note: expected 'uint8_t * {aka unsigned char *}' but argument is of type 'uint8_t (*)[20] {aka unsigned char (*)[20]}'
 HAL_StatusTypeDef HAL_UART_Transmit(UART_HandleTypeDef *huart, uint8_t *pData, uint16_t Size, uint32_t Timeout);
                   ^~~~~~~~~~~~~~~~~
../Src/main.c:433:23: warning: right-hand operand of comma expression has no effect [-Wunused-value]
  temperature = -time*0,00000010116;
                       ^
../Src/main.c:434:10: warning: pointer targets in passing argument 1 of 'sprintf' differ in signedness [-Wpointer-sign]
  sprintf(wyslij, "resistance %f ", time_us);
          ^~~~~~
../Src/main.c:434:10: note: expected 'char *' but argument is of type 'uint8_t * {aka unsigned char *}'
../Src/main.c:435:29: warning: passing argument 2 of 'HAL_UART_Transmit' from incompatible pointer type [-Wincompatible-pointer-types]
  HAL_UART_Transmit(&huart5, &wyslij, sizeof(wyslij), 100);
                             ^
In file included from D:/Studia wszystko/Studia 5/sem 3/praca magisterska/kody STM/pr/Inc/stm32l4xx_hal_conf.h:380:0,
                 from D:/Studia wszystko/Studia 5/sem 3/praca magisterska/kody STM/pr/Drivers/STM32L4xx_HAL_Driver/Inc/stm32l4xx_hal.h:46,
                 from D:/Studia wszystko/Studia 5/sem 3/praca magisterska/kody STM/pr/Inc/main.h:51,
                 from ../Src/main.c:42:
D:/Studia wszystko/Studia 5/sem 3/praca magisterska/kody STM/pr/Drivers/STM32L4xx_HAL_Driver/Inc/stm32l4xx_hal_uart.h:1597:19: note: expected 'uint8_t * {aka unsigned char *}' but argument is of type 'uint8_t (*)[20] {aka unsigned char (*)[20]}'
 HAL_StatusTypeDef HAL_UART_Transmit(UART_HandleTypeDef *huart, uint8_t *pData, uint16_t Size, uint32_t Timeout);
                   ^~~~~~~~~~~~~~~~~
../Src/main.c:417:8: warning: variable 'temperature' set but not used [-Wunused-but-set-variable]
  float temperature = 0;
        ^~~~~~~~~~~
../Src/main.c: In function 'HAL_GPIO_EXTI_Callback':
../Src/main.c:446:6: warning: incompatible implicit declaration of built-in function 'sprintf'
      sprintf(wyslij, "przerwanie %u ", licznik);
      ^~~~~~~
../Src/main.c:446:6: note: include '<stdio.h>' or provide a declaration of 'sprintf'
../Src/main.c:446:14: warning: pointer targets in passing argument 1 of 'sprintf' differ in signedness [-Wpointer-sign]
      sprintf(wyslij, "przerwanie %u ", licznik);
              ^~~~~~
../Src/main.c:446:14: note: expected 'char *' but argument is of type 'uint8_t * {aka unsigned char *}'
../Src/main.c:446:35: warning: format '%u' expects argument of type 'unsigned int', but argument 3 has type 'uint32_t {aka volatile long unsigned int}' [-Wformat=]
      sprintf(wyslij, "przerwanie %u ", licznik);
                                  ~^
                                  %lu
../Src/main.c:447:33: warning: passing argument 2 of 'HAL_UART_Transmit' from incompatible pointer type [-Wincompatible-pointer-types]
      HAL_UART_Transmit(&huart5, &wyslij, sizeof(wyslij), 100);
                                 ^
In file included from D:/Studia wszystko/Studia 5/sem 3/praca magisterska/kody STM/pr/Inc/stm32l4xx_hal_conf.h:380:0,
                 from D:/Studia wszystko/Studia 5/sem 3/praca magisterska/kody STM/pr/Drivers/STM32L4xx_HAL_Driver/Inc/stm32l4xx_hal.h:46,
                 from D:/Studia wszystko/Studia 5/sem 3/praca magisterska/kody STM/pr/Inc/main.h:51,
                 from ../Src/main.c:42:
D:/Studia wszystko/Studia 5/sem 3/praca magisterska/kody STM/pr/Drivers/STM32L4xx_HAL_Driver/Inc/stm32l4xx_hal_uart.h:1597:19: note: expected 'uint8_t * {aka unsigned char *}' but argument is of type 'uint8_t (*)[20] {aka unsigned char (*)[20]}'
 HAL_StatusTypeDef HAL_UART_Transmit(UART_HandleTypeDef *huart, uint8_t *pData, uint16_t Size, uint32_t Timeout);
                   ^~~~~~~~~~~~~~~~~
../Src/main.c: In function 'main':
../Src/main.c:492:12: warning: unused variable 'licznik' [-Wunused-variable]
   uint32_t licznik = 0;
            ^~~~~~~
../Src/main.c:491:11: warning: unused variable 'wysylanie' [-Wunused-variable]
   uint8_t wysylanie[20] = "                    ";
           ^~~~~~~~~
../Src/main.c: In function 'pt1000_temp_meas':
../Src/main.c:434:33: warning: 'sprintf' writing a terminating nul past the end of the destination [-Wformat-overflow=]
  sprintf(wyslij, "resistance %f ", time_us);
                                 ^
../Src/main.c:434:2: note: 'sprintf' output between 21 and 330 bytes into a destination of size 20
  sprintf(wyslij, "resistance %f ", time_us);
  ^~~~~~~~~~~~~~~~~~~~~~~~~~~~~~~~~~~~~~~~~~
Finished building: ../Src/main.c
 
Building target: pr.elf
Invoking: MCU GCC Linker
arm-none-eabi-gcc -mcpu=cortex-m4 -mthumb -mfloat-abi=hard -mfpu=fpv4-sp-d16 -specs=nosys.specs -specs=nano.specs -u_printf_float -T"../STM32L475RETx_FLASH.ld" -Wl,-Map=output.map -Wl,--gc-sections -o "pr.elf" @"objects.list"   -lm
Finished building target: pr.elf
 
make --no-print-directory post-build
Generating hex and Printing size information:
arm-none-eabi-objcopy -O ihex "pr.elf" "pr.hex"
arm-none-eabi-size "pr.elf"
   text	   data	    bss	    dec	    hex	filename
  25568	    504	   2152	  28224	   6e40	pr.elf
 
20:15:07 **** Incremental Build of configuration Debug for project pr ****
make all 
Building file: ../Src/main.c
Invoking: MCU GCC Compiler
D:\Studia wszystko\Studia 5\sem 3\praca magisterska\kody STM\pr\Debug
arm-none-eabi-gcc -mcpu=cortex-m4 -mthumb -mfloat-abi=hard -mfpu=fpv4-sp-d16 '-D__weak=__attribute__((weak))' '-D__packed=__attribute__((__packed__))' -DUSE_HAL_DRIVER -DSTM32L475xx -I"D:/Studia wszystko/Studia 5/sem 3/praca magisterska/kody STM/pr/Inc" -I"D:/Studia wszystko/Studia 5/sem 3/praca magisterska/kody STM/pr/Drivers/STM32L4xx_HAL_Driver/Inc" -I"D:/Studia wszystko/Studia 5/sem 3/praca magisterska/kody STM/pr/Drivers/STM32L4xx_HAL_Driver/Inc/Legacy" -I"D:/Studia wszystko/Studia 5/sem 3/praca magisterska/kody STM/pr/Drivers/CMSIS/Device/ST/STM32L4xx/Include" -I"D:/Studia wszystko/Studia 5/sem 3/praca magisterska/kody STM/pr/Drivers/CMSIS/Include"  -Og -g3 -Wall -fmessage-length=0 -ffunction-sections -c -fmessage-length=0 -MMD -MP -MF"Src/main.d" -MT"Src/main.o" -o "Src/main.o" "../Src/main.c"
../Src/main.c: In function 'BMP388_calculate_temp_coef':
../Src/main.c:246:29: warning: implicit declaration of function 'pow' [-Wimplicit-function-declaration]
  par_t1 = (float)NVM_PAR_T1*pow(2,8);//7103488
                             ^~~
../Src/main.c:246:29: warning: incompatible implicit declaration of built-in function 'pow'
../Src/main.c:246:29: note: include '<math.h>' or provide a declaration of 'pow'
../Src/main.c: In function 'BMP388_calculate_pres_coef':
../Src/main.c:252:30: warning: incompatible implicit declaration of built-in function 'pow'
  par_p1 = ((float)NVM_PAR_P1-pow(2,14))/pow(2,20);
                              ^~~
../Src/main.c:252:30: note: include '<math.h>' or provide a declaration of 'pow'
../Src/main.c: In function 'pt1000_temp_meas':
../Src/main.c:430:2: warning: implicit declaration of function 'sprintf' [-Wimplicit-function-declaration]
  sprintf(wyslij, "time_us %f ", time_us);
  ^~~~~~~
../Src/main.c:430:2: warning: incompatible implicit declaration of built-in function 'sprintf'
../Src/main.c:430:2: note: include '<stdio.h>' or provide a declaration of 'sprintf'
../Src/main.c:430:10: warning: pointer targets in passing argument 1 of 'sprintf' differ in signedness [-Wpointer-sign]
  sprintf(wyslij, "time_us %f ", time_us);
          ^~~~~~
../Src/main.c:430:10: note: expected 'char *' but argument is of type 'uint8_t * {aka unsigned char *}'
../Src/main.c:431:29: warning: passing argument 2 of 'HAL_UART_Transmit' from incompatible pointer type [-Wincompatible-pointer-types]
  HAL_UART_Transmit(&huart5, &wyslij, sizeof(wyslij), 100);
                             ^
In file included from D:/Studia wszystko/Studia 5/sem 3/praca magisterska/kody STM/pr/Inc/stm32l4xx_hal_conf.h:380:0,
                 from D:/Studia wszystko/Studia 5/sem 3/praca magisterska/kody STM/pr/Drivers/STM32L4xx_HAL_Driver/Inc/stm32l4xx_hal.h:46,
                 from D:/Studia wszystko/Studia 5/sem 3/praca magisterska/kody STM/pr/Inc/main.h:51,
                 from ../Src/main.c:42:
D:/Studia wszystko/Studia 5/sem 3/praca magisterska/kody STM/pr/Drivers/STM32L4xx_HAL_Driver/Inc/stm32l4xx_hal_uart.h:1597:19: note: expected 'uint8_t * {aka unsigned char *}' but argument is of type 'uint8_t (*)[20] {aka unsigned char (*)[20]}'
 HAL_StatusTypeDef HAL_UART_Transmit(UART_HandleTypeDef *huart, uint8_t *pData, uint16_t Size, uint32_t Timeout);
                   ^~~~~~~~~~~~~~~~~
../Src/main.c:433:22: warning: right-hand operand of comma expression has no effect [-Wunused-value]
  resistance = -time*0,00000010116;
                      ^
../Src/main.c:434:10: warning: pointer targets in passing argument 1 of 'sprintf' differ in signedness [-Wpointer-sign]
  sprintf(wyslij, "resistance %f ", resistance);
          ^~~~~~
../Src/main.c:434:10: note: expected 'char *' but argument is of type 'uint8_t * {aka unsigned char *}'
../Src/main.c:435:29: warning: passing argument 2 of 'HAL_UART_Transmit' from incompatible pointer type [-Wincompatible-pointer-types]
  HAL_UART_Transmit(&huart5, &wyslij, sizeof(wyslij), 100);
                             ^
In file included from D:/Studia wszystko/Studia 5/sem 3/praca magisterska/kody STM/pr/Inc/stm32l4xx_hal_conf.h:380:0,
                 from D:/Studia wszystko/Studia 5/sem 3/praca magisterska/kody STM/pr/Drivers/STM32L4xx_HAL_Driver/Inc/stm32l4xx_hal.h:46,
                 from D:/Studia wszystko/Studia 5/sem 3/praca magisterska/kody STM/pr/Inc/main.h:51,
                 from ../Src/main.c:42:
D:/Studia wszystko/Studia 5/sem 3/praca magisterska/kody STM/pr/Drivers/STM32L4xx_HAL_Driver/Inc/stm32l4xx_hal_uart.h:1597:19: note: expected 'uint8_t * {aka unsigned char *}' but argument is of type 'uint8_t (*)[20] {aka unsigned char (*)[20]}'
 HAL_StatusTypeDef HAL_UART_Transmit(UART_HandleTypeDef *huart, uint8_t *pData, uint16_t Size, uint32_t Timeout);
                   ^~~~~~~~~~~~~~~~~
../Src/main.c: In function 'main':
../Src/main.c:492:12: warning: unused variable 'licznik' [-Wunused-variable]
   uint32_t licznik = 0;
            ^~~~~~~
../Src/main.c:491:11: warning: unused variable 'wysylanie' [-Wunused-variable]
   uint8_t wysylanie[20] = "                    ";
           ^~~~~~~~~
../Src/main.c: In function 'pt1000_temp_meas':
../Src/main.c:434:33: warning: 'sprintf' writing a terminating nul past the end of the destination [-Wformat-overflow=]
  sprintf(wyslij, "resistance %f ", resistance);
                                 ^
../Src/main.c:434:2: note: 'sprintf' output between 21 and 330 bytes into a destination of size 20
  sprintf(wyslij, "resistance %f ", resistance);
  ^~~~~~~~~~~~~~~~~~~~~~~~~~~~~~~~~~~~~~~~~~~~~
Finished building: ../Src/main.c
 
Building target: pr.elf
Invoking: MCU GCC Linker
arm-none-eabi-gcc -mcpu=cortex-m4 -mthumb -mfloat-abi=hard -mfpu=fpv4-sp-d16 -specs=nosys.specs -specs=nano.specs -u_printf_float -T"../STM32L475RETx_FLASH.ld" -Wl,-Map=output.map -Wl,--gc-sections -o "pr.elf" @"objects.list"   -lm
Finished building target: pr.elf
 
make --no-print-directory post-build
Generating hex and Printing size information:
arm-none-eabi-objcopy -O ihex "pr.elf" "pr.hex"
arm-none-eabi-size "pr.elf"
   text	   data	    bss	    dec	    hex	filename
  25536	    504	   2152	  28192	   6e20	pr.elf
 
20:18:14 **** Incremental Build of configuration Debug for project pr ****
make all 
Building file: ../Src/main.c
Invoking: MCU GCC Compiler
D:\Studia wszystko\Studia 5\sem 3\praca magisterska\kody STM\pr\Debug
arm-none-eabi-gcc -mcpu=cortex-m4 -mthumb -mfloat-abi=hard -mfpu=fpv4-sp-d16 '-D__weak=__attribute__((weak))' '-D__packed=__attribute__((__packed__))' -DUSE_HAL_DRIVER -DSTM32L475xx -I"D:/Studia wszystko/Studia 5/sem 3/praca magisterska/kody STM/pr/Inc" -I"D:/Studia wszystko/Studia 5/sem 3/praca magisterska/kody STM/pr/Drivers/STM32L4xx_HAL_Driver/Inc" -I"D:/Studia wszystko/Studia 5/sem 3/praca magisterska/kody STM/pr/Drivers/STM32L4xx_HAL_Driver/Inc/Legacy" -I"D:/Studia wszystko/Studia 5/sem 3/praca magisterska/kody STM/pr/Drivers/CMSIS/Device/ST/STM32L4xx/Include" -I"D:/Studia wszystko/Studia 5/sem 3/praca magisterska/kody STM/pr/Drivers/CMSIS/Include"  -Og -g3 -Wall -fmessage-length=0 -ffunction-sections -c -fmessage-length=0 -MMD -MP -MF"Src/main.d" -MT"Src/main.o" -o "Src/main.o" "../Src/main.c"
../Src/main.c: In function 'BMP388_calculate_temp_coef':
../Src/main.c:246:29: warning: implicit declaration of function 'pow' [-Wimplicit-function-declaration]
  par_t1 = (float)NVM_PAR_T1*pow(2,8);//7103488
                             ^~~
../Src/main.c:246:29: warning: incompatible implicit declaration of built-in function 'pow'
../Src/main.c:246:29: note: include '<math.h>' or provide a declaration of 'pow'
../Src/main.c: In function 'BMP388_calculate_pres_coef':
../Src/main.c:252:30: warning: incompatible implicit declaration of built-in function 'pow'
  par_p1 = ((float)NVM_PAR_P1-pow(2,14))/pow(2,20);
                              ^~~
../Src/main.c:252:30: note: include '<math.h>' or provide a declaration of 'pow'
../Src/main.c: In function 'pt1000_temp_meas':
../Src/main.c:430:2: warning: implicit declaration of function 'sprintf' [-Wimplicit-function-declaration]
  sprintf(wyslij, "time_us %f ", time_us);
  ^~~~~~~
../Src/main.c:430:2: warning: incompatible implicit declaration of built-in function 'sprintf'
../Src/main.c:430:2: note: include '<stdio.h>' or provide a declaration of 'sprintf'
../Src/main.c:430:10: warning: pointer targets in passing argument 1 of 'sprintf' differ in signedness [-Wpointer-sign]
  sprintf(wyslij, "time_us %f ", time_us);
          ^~~~~~
../Src/main.c:430:10: note: expected 'char *' but argument is of type 'uint8_t * {aka unsigned char *}'
../Src/main.c:431:29: warning: passing argument 2 of 'HAL_UART_Transmit' from incompatible pointer type [-Wincompatible-pointer-types]
  HAL_UART_Transmit(&huart5, &wyslij, sizeof(wyslij), 100);
                             ^
In file included from D:/Studia wszystko/Studia 5/sem 3/praca magisterska/kody STM/pr/Inc/stm32l4xx_hal_conf.h:380:0,
                 from D:/Studia wszystko/Studia 5/sem 3/praca magisterska/kody STM/pr/Drivers/STM32L4xx_HAL_Driver/Inc/stm32l4xx_hal.h:46,
                 from D:/Studia wszystko/Studia 5/sem 3/praca magisterska/kody STM/pr/Inc/main.h:51,
                 from ../Src/main.c:42:
D:/Studia wszystko/Studia 5/sem 3/praca magisterska/kody STM/pr/Drivers/STM32L4xx_HAL_Driver/Inc/stm32l4xx_hal_uart.h:1597:19: note: expected 'uint8_t * {aka unsigned char *}' but argument is of type 'uint8_t (*)[20] {aka unsigned char (*)[20]}'
 HAL_StatusTypeDef HAL_UART_Transmit(UART_HandleTypeDef *huart, uint8_t *pData, uint16_t Size, uint32_t Timeout);
                   ^~~~~~~~~~~~~~~~~
../Src/main.c:433:20: warning: division by zero [-Wdiv-by-zero]
  resistance = -time/0,00000010116;
                    ^
../Src/main.c:433:22: warning: right-hand operand of comma expression has no effect [-Wunused-value]
  resistance = -time/0,00000010116;
                      ^
../Src/main.c:434:10: warning: pointer targets in passing argument 1 of 'sprintf' differ in signedness [-Wpointer-sign]
  sprintf(wyslij, "resistance %f ", resistance);
          ^~~~~~
../Src/main.c:434:10: note: expected 'char *' but argument is of type 'uint8_t * {aka unsigned char *}'
../Src/main.c:435:29: warning: passing argument 2 of 'HAL_UART_Transmit' from incompatible pointer type [-Wincompatible-pointer-types]
  HAL_UART_Transmit(&huart5, &wyslij, sizeof(wyslij), 100);
                             ^
In file included from D:/Studia wszystko/Studia 5/sem 3/praca magisterska/kody STM/pr/Inc/stm32l4xx_hal_conf.h:380:0,
                 from D:/Studia wszystko/Studia 5/sem 3/praca magisterska/kody STM/pr/Drivers/STM32L4xx_HAL_Driver/Inc/stm32l4xx_hal.h:46,
                 from D:/Studia wszystko/Studia 5/sem 3/praca magisterska/kody STM/pr/Inc/main.h:51,
                 from ../Src/main.c:42:
D:/Studia wszystko/Studia 5/sem 3/praca magisterska/kody STM/pr/Drivers/STM32L4xx_HAL_Driver/Inc/stm32l4xx_hal_uart.h:1597:19: note: expected 'uint8_t * {aka unsigned char *}' but argument is of type 'uint8_t (*)[20] {aka unsigned char (*)[20]}'
 HAL_StatusTypeDef HAL_UART_Transmit(UART_HandleTypeDef *huart, uint8_t *pData, uint16_t Size, uint32_t Timeout);
                   ^~~~~~~~~~~~~~~~~
../Src/main.c: In function 'main':
../Src/main.c:492:12: warning: unused variable 'licznik' [-Wunused-variable]
   uint32_t licznik = 0;
            ^~~~~~~
../Src/main.c:491:11: warning: unused variable 'wysylanie' [-Wunused-variable]
   uint8_t wysylanie[20] = "                    ";
           ^~~~~~~~~
../Src/main.c: In function 'pt1000_temp_meas':
../Src/main.c:434:33: warning: 'sprintf' writing a terminating nul past the end of the destination [-Wformat-overflow=]
  sprintf(wyslij, "resistance %f ", resistance);
                                 ^
../Src/main.c:434:2: note: 'sprintf' output between 21 and 330 bytes into a destination of size 20
  sprintf(wyslij, "resistance %f ", resistance);
  ^~~~~~~~~~~~~~~~~~~~~~~~~~~~~~~~~~~~~~~~~~~~~
Finished building: ../Src/main.c
 
Building target: pr.elf
Invoking: MCU GCC Linker
arm-none-eabi-gcc -mcpu=cortex-m4 -mthumb -mfloat-abi=hard -mfpu=fpv4-sp-d16 -specs=nosys.specs -specs=nano.specs -u_printf_float -T"../STM32L475RETx_FLASH.ld" -Wl,-Map=output.map -Wl,--gc-sections -o "pr.elf" @"objects.list"   -lm
Finished building target: pr.elf
 
make --no-print-directory post-build
Generating hex and Printing size information:
arm-none-eabi-objcopy -O ihex "pr.elf" "pr.hex"
arm-none-eabi-size "pr.elf"
   text	   data	    bss	    dec	    hex	filename
  25544	    504	   2152	  28200	   6e28	pr.elf
 
20:19:09 **** Incremental Build of configuration Debug for project pr ****
make all 
Building file: ../Src/main.c
Invoking: MCU GCC Compiler
D:\Studia wszystko\Studia 5\sem 3\praca magisterska\kody STM\pr\Debug
arm-none-eabi-gcc -mcpu=cortex-m4 -mthumb -mfloat-abi=hard -mfpu=fpv4-sp-d16 '-D__weak=__attribute__((weak))' '-D__packed=__attribute__((__packed__))' -DUSE_HAL_DRIVER -DSTM32L475xx -I"D:/Studia wszystko/Studia 5/sem 3/praca magisterska/kody STM/pr/Inc" -I"D:/Studia wszystko/Studia 5/sem 3/praca magisterska/kody STM/pr/Drivers/STM32L4xx_HAL_Driver/Inc" -I"D:/Studia wszystko/Studia 5/sem 3/praca magisterska/kody STM/pr/Drivers/STM32L4xx_HAL_Driver/Inc/Legacy" -I"D:/Studia wszystko/Studia 5/sem 3/praca magisterska/kody STM/pr/Drivers/CMSIS/Device/ST/STM32L4xx/Include" -I"D:/Studia wszystko/Studia 5/sem 3/praca magisterska/kody STM/pr/Drivers/CMSIS/Include"  -Og -g3 -Wall -fmessage-length=0 -ffunction-sections -c -fmessage-length=0 -MMD -MP -MF"Src/main.d" -MT"Src/main.o" -o "Src/main.o" "../Src/main.c"
../Src/main.c: In function 'BMP388_calculate_temp_coef':
../Src/main.c:246:29: warning: implicit declaration of function 'pow' [-Wimplicit-function-declaration]
  par_t1 = (float)NVM_PAR_T1*pow(2,8);//7103488
                             ^~~
../Src/main.c:246:29: warning: incompatible implicit declaration of built-in function 'pow'
../Src/main.c:246:29: note: include '<math.h>' or provide a declaration of 'pow'
../Src/main.c: In function 'BMP388_calculate_pres_coef':
../Src/main.c:252:30: warning: incompatible implicit declaration of built-in function 'pow'
  par_p1 = ((float)NVM_PAR_P1-pow(2,14))/pow(2,20);
                              ^~~
../Src/main.c:252:30: note: include '<math.h>' or provide a declaration of 'pow'
../Src/main.c: In function 'pt1000_temp_meas':
../Src/main.c:430:2: warning: implicit declaration of function 'sprintf' [-Wimplicit-function-declaration]
  sprintf(wyslij, "time_us %f ", time_us);
  ^~~~~~~
../Src/main.c:430:2: warning: incompatible implicit declaration of built-in function 'sprintf'
../Src/main.c:430:2: note: include '<stdio.h>' or provide a declaration of 'sprintf'
../Src/main.c:430:10: warning: pointer targets in passing argument 1 of 'sprintf' differ in signedness [-Wpointer-sign]
  sprintf(wyslij, "time_us %f ", time_us);
          ^~~~~~
../Src/main.c:430:10: note: expected 'char *' but argument is of type 'uint8_t * {aka unsigned char *}'
../Src/main.c:431:29: warning: passing argument 2 of 'HAL_UART_Transmit' from incompatible pointer type [-Wincompatible-pointer-types]
  HAL_UART_Transmit(&huart5, &wyslij, sizeof(wyslij), 100);
                             ^
In file included from D:/Studia wszystko/Studia 5/sem 3/praca magisterska/kody STM/pr/Inc/stm32l4xx_hal_conf.h:380:0,
                 from D:/Studia wszystko/Studia 5/sem 3/praca magisterska/kody STM/pr/Drivers/STM32L4xx_HAL_Driver/Inc/stm32l4xx_hal.h:46,
                 from D:/Studia wszystko/Studia 5/sem 3/praca magisterska/kody STM/pr/Inc/main.h:51,
                 from ../Src/main.c:42:
D:/Studia wszystko/Studia 5/sem 3/praca magisterska/kody STM/pr/Drivers/STM32L4xx_HAL_Driver/Inc/stm32l4xx_hal_uart.h:1597:19: note: expected 'uint8_t * {aka unsigned char *}' but argument is of type 'uint8_t (*)[20] {aka unsigned char (*)[20]}'
 HAL_StatusTypeDef HAL_UART_Transmit(UART_HandleTypeDef *huart, uint8_t *pData, uint16_t Size, uint32_t Timeout);
                   ^~~~~~~~~~~~~~~~~
../Src/main.c:434:10: warning: pointer targets in passing argument 1 of 'sprintf' differ in signedness [-Wpointer-sign]
  sprintf(wyslij, "resistance %f ", resistance);
          ^~~~~~
../Src/main.c:434:10: note: expected 'char *' but argument is of type 'uint8_t * {aka unsigned char *}'
../Src/main.c:435:29: warning: passing argument 2 of 'HAL_UART_Transmit' from incompatible pointer type [-Wincompatible-pointer-types]
  HAL_UART_Transmit(&huart5, &wyslij, sizeof(wyslij), 100);
                             ^
In file included from D:/Studia wszystko/Studia 5/sem 3/praca magisterska/kody STM/pr/Inc/stm32l4xx_hal_conf.h:380:0,
                 from D:/Studia wszystko/Studia 5/sem 3/praca magisterska/kody STM/pr/Drivers/STM32L4xx_HAL_Driver/Inc/stm32l4xx_hal.h:46,
                 from D:/Studia wszystko/Studia 5/sem 3/praca magisterska/kody STM/pr/Inc/main.h:51,
                 from ../Src/main.c:42:
D:/Studia wszystko/Studia 5/sem 3/praca magisterska/kody STM/pr/Drivers/STM32L4xx_HAL_Driver/Inc/stm32l4xx_hal_uart.h:1597:19: note: expected 'uint8_t * {aka unsigned char *}' but argument is of type 'uint8_t (*)[20] {aka unsigned char (*)[20]}'
 HAL_StatusTypeDef HAL_UART_Transmit(UART_HandleTypeDef *huart, uint8_t *pData, uint16_t Size, uint32_t Timeout);
                   ^~~~~~~~~~~~~~~~~
../Src/main.c: In function 'main':
../Src/main.c:492:12: warning: unused variable 'licznik' [-Wunused-variable]
   uint32_t licznik = 0;
            ^~~~~~~
../Src/main.c:491:11: warning: unused variable 'wysylanie' [-Wunused-variable]
   uint8_t wysylanie[20] = "                    ";
           ^~~~~~~~~
../Src/main.c: In function 'pt1000_temp_meas':
../Src/main.c:434:33: warning: 'sprintf' writing a terminating nul past the end of the destination [-Wformat-overflow=]
  sprintf(wyslij, "resistance %f ", resistance);
                                 ^
../Src/main.c:434:2: note: 'sprintf' output between 21 and 330 bytes into a destination of size 20
  sprintf(wyslij, "resistance %f ", resistance);
  ^~~~~~~~~~~~~~~~~~~~~~~~~~~~~~~~~~~~~~~~~~~~~
Finished building: ../Src/main.c
 
Building target: pr.elf
Invoking: MCU GCC Linker
arm-none-eabi-gcc -mcpu=cortex-m4 -mthumb -mfloat-abi=hard -mfpu=fpv4-sp-d16 -specs=nosys.specs -specs=nano.specs -u_printf_float -T"../STM32L475RETx_FLASH.ld" -Wl,-Map=output.map -Wl,--gc-sections -o "pr.elf" @"objects.list"   -lm
Finished building target: pr.elf
 
make --no-print-directory post-build
Generating hex and Printing size information:
arm-none-eabi-objcopy -O ihex "pr.elf" "pr.hex"
arm-none-eabi-size "pr.elf"
   text	   data	    bss	    dec	    hex	filename
  25560	    504	   2152	  28216	   6e38	pr.elf
 
20:20:16 **** Incremental Build of configuration Debug for project pr ****
make all 
Building file: ../Src/main.c
Invoking: MCU GCC Compiler
D:\Studia wszystko\Studia 5\sem 3\praca magisterska\kody STM\pr\Debug
arm-none-eabi-gcc -mcpu=cortex-m4 -mthumb -mfloat-abi=hard -mfpu=fpv4-sp-d16 '-D__weak=__attribute__((weak))' '-D__packed=__attribute__((__packed__))' -DUSE_HAL_DRIVER -DSTM32L475xx -I"D:/Studia wszystko/Studia 5/sem 3/praca magisterska/kody STM/pr/Inc" -I"D:/Studia wszystko/Studia 5/sem 3/praca magisterska/kody STM/pr/Drivers/STM32L4xx_HAL_Driver/Inc" -I"D:/Studia wszystko/Studia 5/sem 3/praca magisterska/kody STM/pr/Drivers/STM32L4xx_HAL_Driver/Inc/Legacy" -I"D:/Studia wszystko/Studia 5/sem 3/praca magisterska/kody STM/pr/Drivers/CMSIS/Device/ST/STM32L4xx/Include" -I"D:/Studia wszystko/Studia 5/sem 3/praca magisterska/kody STM/pr/Drivers/CMSIS/Include"  -Og -g3 -Wall -fmessage-length=0 -ffunction-sections -c -fmessage-length=0 -MMD -MP -MF"Src/main.d" -MT"Src/main.o" -o "Src/main.o" "../Src/main.c"
../Src/main.c: In function 'BMP388_calculate_temp_coef':
../Src/main.c:246:29: warning: implicit declaration of function 'pow' [-Wimplicit-function-declaration]
  par_t1 = (float)NVM_PAR_T1*pow(2,8);//7103488
                             ^~~
../Src/main.c:246:29: warning: incompatible implicit declaration of built-in function 'pow'
../Src/main.c:246:29: note: include '<math.h>' or provide a declaration of 'pow'
../Src/main.c: In function 'BMP388_calculate_pres_coef':
../Src/main.c:252:30: warning: incompatible implicit declaration of built-in function 'pow'
  par_p1 = ((float)NVM_PAR_P1-pow(2,14))/pow(2,20);
                              ^~~
../Src/main.c:252:30: note: include '<math.h>' or provide a declaration of 'pow'
../Src/main.c: In function 'pt1000_temp_meas':
../Src/main.c:430:2: warning: implicit declaration of function 'sprintf' [-Wimplicit-function-declaration]
  sprintf(wyslij, "time_us %f ", time_us);
  ^~~~~~~
../Src/main.c:430:2: warning: incompatible implicit declaration of built-in function 'sprintf'
../Src/main.c:430:2: note: include '<stdio.h>' or provide a declaration of 'sprintf'
../Src/main.c:430:10: warning: pointer targets in passing argument 1 of 'sprintf' differ in signedness [-Wpointer-sign]
  sprintf(wyslij, "time_us %f ", time_us);
          ^~~~~~
../Src/main.c:430:10: note: expected 'char *' but argument is of type 'uint8_t * {aka unsigned char *}'
../Src/main.c:431:29: warning: passing argument 2 of 'HAL_UART_Transmit' from incompatible pointer type [-Wincompatible-pointer-types]
  HAL_UART_Transmit(&huart5, &wyslij, sizeof(wyslij), 100);
                             ^
In file included from D:/Studia wszystko/Studia 5/sem 3/praca magisterska/kody STM/pr/Inc/stm32l4xx_hal_conf.h:380:0,
                 from D:/Studia wszystko/Studia 5/sem 3/praca magisterska/kody STM/pr/Drivers/STM32L4xx_HAL_Driver/Inc/stm32l4xx_hal.h:46,
                 from D:/Studia wszystko/Studia 5/sem 3/praca magisterska/kody STM/pr/Inc/main.h:51,
                 from ../Src/main.c:42:
D:/Studia wszystko/Studia 5/sem 3/praca magisterska/kody STM/pr/Drivers/STM32L4xx_HAL_Driver/Inc/stm32l4xx_hal_uart.h:1597:19: note: expected 'uint8_t * {aka unsigned char *}' but argument is of type 'uint8_t (*)[20] {aka unsigned char (*)[20]}'
 HAL_StatusTypeDef HAL_UART_Transmit(UART_HandleTypeDef *huart, uint8_t *pData, uint16_t Size, uint32_t Timeout);
                   ^~~~~~~~~~~~~~~~~
../Src/main.c:434:10: warning: pointer targets in passing argument 1 of 'sprintf' differ in signedness [-Wpointer-sign]
  sprintf(wyslij, "resistance %f ", resistance);
          ^~~~~~
../Src/main.c:434:10: note: expected 'char *' but argument is of type 'uint8_t * {aka unsigned char *}'
../Src/main.c:435:29: warning: passing argument 2 of 'HAL_UART_Transmit' from incompatible pointer type [-Wincompatible-pointer-types]
  HAL_UART_Transmit(&huart5, &wyslij, sizeof(wyslij), 100);
                             ^
In file included from D:/Studia wszystko/Studia 5/sem 3/praca magisterska/kody STM/pr/Inc/stm32l4xx_hal_conf.h:380:0,
                 from D:/Studia wszystko/Studia 5/sem 3/praca magisterska/kody STM/pr/Drivers/STM32L4xx_HAL_Driver/Inc/stm32l4xx_hal.h:46,
                 from D:/Studia wszystko/Studia 5/sem 3/praca magisterska/kody STM/pr/Inc/main.h:51,
                 from ../Src/main.c:42:
D:/Studia wszystko/Studia 5/sem 3/praca magisterska/kody STM/pr/Drivers/STM32L4xx_HAL_Driver/Inc/stm32l4xx_hal_uart.h:1597:19: note: expected 'uint8_t * {aka unsigned char *}' but argument is of type 'uint8_t (*)[20] {aka unsigned char (*)[20]}'
 HAL_StatusTypeDef HAL_UART_Transmit(UART_HandleTypeDef *huart, uint8_t *pData, uint16_t Size, uint32_t Timeout);
                   ^~~~~~~~~~~~~~~~~
../Src/main.c: In function 'main':
../Src/main.c:492:12: warning: unused variable 'licznik' [-Wunused-variable]
   uint32_t licznik = 0;
            ^~~~~~~
../Src/main.c:491:11: warning: unused variable 'wysylanie' [-Wunused-variable]
   uint8_t wysylanie[20] = "                    ";
           ^~~~~~~~~
../Src/main.c: In function 'pt1000_temp_meas':
../Src/main.c:434:33: warning: 'sprintf' writing a terminating nul past the end of the destination [-Wformat-overflow=]
  sprintf(wyslij, "resistance %f ", resistance);
                                 ^
../Src/main.c:434:2: note: 'sprintf' output between 21 and 330 bytes into a destination of size 20
  sprintf(wyslij, "resistance %f ", resistance);
  ^~~~~~~~~~~~~~~~~~~~~~~~~~~~~~~~~~~~~~~~~~~~~
Finished building: ../Src/main.c
 
Building target: pr.elf
Invoking: MCU GCC Linker
arm-none-eabi-gcc -mcpu=cortex-m4 -mthumb -mfloat-abi=hard -mfpu=fpv4-sp-d16 -specs=nosys.specs -specs=nano.specs -u_printf_float -T"../STM32L475RETx_FLASH.ld" -Wl,-Map=output.map -Wl,--gc-sections -o "pr.elf" @"objects.list"   -lm
Finished building target: pr.elf
 
make --no-print-directory post-build
Generating hex and Printing size information:
arm-none-eabi-objcopy -O ihex "pr.elf" "pr.hex"
arm-none-eabi-size "pr.elf"
   text	   data	    bss	    dec	    hex	filename
  25552	    504	   2152	  28208	   6e30	pr.elf
 
20:20:44 **** Incremental Build of configuration Debug for project pr ****
make all 
make: Nothing to be done for 'all'.
20:21:55 **** Incremental Build of configuration Debug for project pr ****
make all 
Building file: ../Src/main.c
Invoking: MCU GCC Compiler
D:\Studia wszystko\Studia 5\sem 3\praca magisterska\kody STM\pr\Debug
arm-none-eabi-gcc -mcpu=cortex-m4 -mthumb -mfloat-abi=hard -mfpu=fpv4-sp-d16 '-D__weak=__attribute__((weak))' '-D__packed=__attribute__((__packed__))' -DUSE_HAL_DRIVER -DSTM32L475xx -I"D:/Studia wszystko/Studia 5/sem 3/praca magisterska/kody STM/pr/Inc" -I"D:/Studia wszystko/Studia 5/sem 3/praca magisterska/kody STM/pr/Drivers/STM32L4xx_HAL_Driver/Inc" -I"D:/Studia wszystko/Studia 5/sem 3/praca magisterska/kody STM/pr/Drivers/STM32L4xx_HAL_Driver/Inc/Legacy" -I"D:/Studia wszystko/Studia 5/sem 3/praca magisterska/kody STM/pr/Drivers/CMSIS/Device/ST/STM32L4xx/Include" -I"D:/Studia wszystko/Studia 5/sem 3/praca magisterska/kody STM/pr/Drivers/CMSIS/Include"  -Og -g3 -Wall -fmessage-length=0 -ffunction-sections -c -fmessage-length=0 -MMD -MP -MF"Src/main.d" -MT"Src/main.o" -o "Src/main.o" "../Src/main.c"
../Src/main.c: In function 'BMP388_calculate_temp_coef':
../Src/main.c:246:29: warning: implicit declaration of function 'pow' [-Wimplicit-function-declaration]
  par_t1 = (float)NVM_PAR_T1*pow(2,8);//7103488
                             ^~~
../Src/main.c:246:29: warning: incompatible implicit declaration of built-in function 'pow'
../Src/main.c:246:29: note: include '<math.h>' or provide a declaration of 'pow'
../Src/main.c: In function 'BMP388_calculate_pres_coef':
../Src/main.c:252:30: warning: incompatible implicit declaration of built-in function 'pow'
  par_p1 = ((float)NVM_PAR_P1-pow(2,14))/pow(2,20);
                              ^~~
../Src/main.c:252:30: note: include '<math.h>' or provide a declaration of 'pow'
../Src/main.c: In function 'pt1000_temp_meas':
../Src/main.c:430:2: warning: implicit declaration of function 'sprintf' [-Wimplicit-function-declaration]
  sprintf(wyslij, "time_us %f ", time_us);
  ^~~~~~~
../Src/main.c:430:2: warning: incompatible implicit declaration of built-in function 'sprintf'
../Src/main.c:430:2: note: include '<stdio.h>' or provide a declaration of 'sprintf'
../Src/main.c:430:10: warning: pointer targets in passing argument 1 of 'sprintf' differ in signedness [-Wpointer-sign]
[...]
                      ^~~~~~~~
../Src/main.c:691:8: warning: variable 'time_us1' set but not used [-Wunused-but-set-variable]
  float time_us1 = 0, time_us2 = 0, time_us3 = 0, resistance = 0, suma1 = 0, suma2 = 0, suma3 = 0;
        ^~~~~~~~
../Src/main.c: In function 'main':
../Src/main.c:792:12: warning: unused variable 'licznik' [-Wunused-variable]
   uint32_t licznik = 0;
            ^~~~~~~
../Src/main.c:791:11: warning: unused variable 'wysylanie' [-Wunused-variable]
   uint8_t wysylanie[20] = "                    ";
           ^~~~~~~~~
../Src/main.c: In function 'pt1000_temp_meas_method1':
../Src/main.c:445:33: warning: ' ' directive writing 1 byte into a region of size 0 [-Wformat-overflow=]
  sprintf(wyslij, "temp PT1000 %f ", temperature);
                                 ^
../Src/main.c:445:2: note: 'sprintf' output between 22 and 331 bytes into a destination of size 20
  sprintf(wyslij, "temp PT1000 %f ", temperature);
  ^~~~~~~~~~~~~~~~~~~~~~~~~~~~~~~~~~~~~~~~~~~~~~~
../Src/main.c: In function 'pt1000_temp_meas_method3':
../Src/main.c:733:35: warning: 'sprintf' writing a terminating nul past the end of the destination [-Wformat-overflow=]
    sprintf(wyslij, "resistance %f ", resistance);
                                   ^
../Src/main.c:733:4: note: 'sprintf' output between 21 and 330 bytes into a destination of size 20
    sprintf(wyslij, "resistance %f ", resistance);
    ^~~~~~~~~~~~~~~~~~~~~~~~~~~~~~~~~~~~~~~~~~~~~
Finished building: ../Src/main.c
 
Building target: pr.elf
Invoking: MCU GCC Linker
arm-none-eabi-gcc -mcpu=cortex-m4 -mthumb -mfloat-abi=hard -mfpu=fpv4-sp-d16 -specs=nosys.specs -specs=nano.specs -u_printf_float -T"../STM32L475RETx_FLASH.ld" -Wl,-Map=output.map -Wl,--gc-sections -o "pr.elf" @"objects.list"   -lm
Finished building target: pr.elf
 
make --no-print-directory post-build
Generating hex and Printing size information:
arm-none-eabi-objcopy -O ihex "pr.elf" "pr.hex"
arm-none-eabi-size "pr.elf"
   text	   data	    bss	    dec	    hex	filename
  27168	    512	   2160	  29840	   7490	pr.elf
 
14:16:51 **** Incremental Build of configuration Debug for project pr ****
make all 
Building file: ../Src/main.c
Invoking: MCU GCC Compiler
D:\Studia wszystko\Studia 5\sem 3\praca magisterska\kody STM\pr\Debug
arm-none-eabi-gcc -mcpu=cortex-m4 -mthumb -mfloat-abi=hard -mfpu=fpv4-sp-d16 '-D__weak=__attribute__((weak))' '-D__packed=__attribute__((__packed__))' -DUSE_HAL_DRIVER -DSTM32L475xx -I"D:/Studia wszystko/Studia 5/sem 3/praca magisterska/kody STM/pr/Inc" -I"D:/Studia wszystko/Studia 5/sem 3/praca magisterska/kody STM/pr/Drivers/STM32L4xx_HAL_Driver/Inc" -I"D:/Studia wszystko/Studia 5/sem 3/praca magisterska/kody STM/pr/Drivers/STM32L4xx_HAL_Driver/Inc/Legacy" -I"D:/Studia wszystko/Studia 5/sem 3/praca magisterska/kody STM/pr/Drivers/CMSIS/Device/ST/STM32L4xx/Include" -I"D:/Studia wszystko/Studia 5/sem 3/praca magisterska/kody STM/pr/Drivers/CMSIS/Include"  -Og -g3 -Wall -fmessage-length=0 -ffunction-sections -c -fmessage-length=0 -MMD -MP -MF"Src/main.d" -MT"Src/main.o" -o "Src/main.o" "../Src/main.c"
../Src/main.c: In function 'pt1000_temp_meas_method1':
../Src/main.c:445:2: warning: implicit declaration of function 'sprintf' [-Wimplicit-function-declaration]
  sprintf(wyslij, "temp PT1000 %f ", temperature);
  ^~~~~~~
../Src/main.c:445:2: warning: incompatible implicit declaration of built-in function 'sprintf'
../Src/main.c:445:2: note: include '<stdio.h>' or provide a declaration of 'sprintf'
../Src/main.c:445:10: warning: pointer targets in passing argument 1 of 'sprintf' differ in signedness [-Wpointer-sign]
  sprintf(wyslij, "temp PT1000 %f ", temperature);
          ^~~~~~
../Src/main.c:445:10: note: expected 'char *' but argument is of type 'uint8_t * {aka unsigned char *}'
../Src/main.c:446:29: warning: passing argument 2 of 'HAL_UART_Transmit' from incompatible pointer type [-Wincompatible-pointer-types]
  HAL_UART_Transmit(&huart5, &wyslij, sizeof(wyslij), 100);
                             ^
In file included from D:/Studia wszystko/Studia 5/sem 3/praca magisterska/kody STM/pr/Inc/stm32l4xx_hal_conf.h:380:0,
                 from D:/Studia wszystko/Studia 5/sem 3/praca magisterska/kody STM/pr/Drivers/STM32L4xx_HAL_Driver/Inc/stm32l4xx_hal.h:46,
                 from D:/Studia wszystko/Studia 5/sem 3/praca magisterska/kody STM/pr/Inc/main.h:51,
                 from ../Src/main.c:42:
D:/Studia wszystko/Studia 5/sem 3/praca magisterska/kody STM/pr/Drivers/STM32L4xx_HAL_Driver/Inc/stm32l4xx_hal_uart.h:1597:19: note: expected 'uint8_t * {aka unsigned char *}' but argument is of type 'uint8_t (*)[20] {aka unsigned char (*)[20]}'
 HAL_StatusTypeDef HAL_UART_Transmit(UART_HandleTypeDef *huart, uint8_t *pData, uint16_t Size, uint32_t Timeout);
                   ^~~~~~~~~~~~~~~~~
../Src/main.c:420:8: warning: variable 'time_us' set but not used [-Wunused-but-set-variable]
  float time_us = 0, time = 0;
        ^~~~~~~
../Src/main.c: In function 'pt1000_temp_meas_method2':
../Src/main.c:567:2: warning: incompatible implicit declaration of built-in function 'sprintf'
  sprintf(wyslij, "res2 %f ", resistance);
  ^~~~~~~
../Src/main.c:567:2: note: include '<stdio.h>' or provide a declaration of 'sprintf'
../Src/main.c:567:10: warning: pointer targets in passing argument 1 of 'sprintf' differ in signedness [-Wpointer-sign]
  sprintf(wyslij, "res2 %f ", resistance);
          ^~~~~~
../Src/main.c:567:10: note: expected 'char *' but argument is of type 'uint8_t * {aka unsigned char *}'
../Src/main.c:568:29: warning: passing argument 2 of 'HAL_UART_Transmit' from incompatible pointer type [-Wincompatible-pointer-types]
  HAL_UART_Transmit(&huart5, &wyslij, sizeof(wyslij), 100);
                             ^
In file included from D:/Studia wszystko/Studia 5/sem 3/praca magisterska/kody STM/pr/Inc/stm32l4xx_hal_conf.h:380:0,
                 from D:/Studia wszystko/Studia 5/sem 3/praca magisterska/kody STM/pr/Drivers/STM32L4xx_HAL_Driver/Inc/stm32l4xx_hal.h:46,
                 from D:/Studia wszystko/Studia 5/sem 3/praca magisterska/kody STM/pr/Inc/main.h:51,
                 from ../Src/main.c:42:
D:/Studia wszystko/Studia 5/sem 3/praca magisterska/kody STM/pr/Drivers/STM32L4xx_HAL_Driver/Inc/stm32l4xx_hal_uart.h:1597:19: note: expected 'uint8_t * {aka unsigned char *}' but argument is of type 'uint8_t (*)[20] {aka unsigned char (*)[20]}'
 HAL_StatusTypeDef HAL_UART_Transmit(UART_HandleTypeDef *huart, uint8_t *pData, uint16_t Size, uint32_t Timeout);
                   ^~~~~~~~~~~~~~~~~
../Src/main.c:534:22: warning: variable 'time_us2' set but not used [-Wunused-but-set-variable]
  float time_us1 = 0, time_us2 = 0, resistance = 0, suma1 = 0, suma2 = 0;
                      ^~~~~~~~
../Src/main.c:534:8: warning: variable 'time_us1' set but not used [-Wunused-but-set-variable]
  float time_us1 = 0, time_us2 = 0, resistance = 0, suma1 = 0, suma2 = 0;
        ^~~~~~~~
../Src/main.c: In function 'pt1000_temp_meas_method3':
../Src/main.c:723:2: warning: incompatible implicit declaration of built-in function 'sprintf'
  sprintf(wyslij, "resistance %f ", resistance);
  ^~~~~~~
../Src/main.c:723:2: note: include '<stdio.h>' or provide a declaration of 'sprintf'
../Src/main.c:723:10: warning: pointer targets in passing argument 1 of 'sprintf' differ in signedness [-Wpointer-sign]
  sprintf(wyslij, "resistance %f ", resistance);
          ^~~~~~
../Src/main.c:723:10: note: expected 'char *' but argument is of type 'uint8_t * {aka unsigned char *}'
../Src/main.c:724:29: warning: passing argument 2 of 'HAL_UART_Transmit' from incompatible pointer type [-Wincompatible-pointer-types]
  HAL_UART_Transmit(&huart5, &wyslij, sizeof(wyslij), 100);
                             ^
In file included from D:/Studia wszystko/Studia 5/sem 3/praca magisterska/kody STM/pr/Inc/stm32l4xx_hal_conf.h:380:0,
                 from D:/Studia wszystko/Studia 5/sem 3/praca magisterska/kody STM/pr/Drivers/STM32L4xx_HAL_Driver/Inc/stm32l4xx_hal.h:46,
                 from D:/Studia wszystko/Studia 5/sem 3/praca magisterska/kody STM/pr/Inc/main.h:51,
                 from ../Src/main.c:42:
D:/Studia wszystko/Studia 5/sem 3/praca magisterska/kody STM/pr/Drivers/STM32L4xx_HAL_Driver/Inc/stm32l4xx_hal_uart.h:1597:19: note: expected 'uint8_t * {aka unsigned char *}' but argument is of type 'uint8_t (*)[20] {aka unsigned char (*)[20]}'
 HAL_StatusTypeDef HAL_UART_Transmit(UART_HandleTypeDef *huart, uint8_t *pData, uint16_t Size, uint32_t Timeout);
                   ^~~~~~~~~~~~~~~~~
../Src/main.c:691:36: warning: variable 'time_us3' set but not used [-Wunused-but-set-variable]
  float time_us1 = 0, time_us2 = 0, time_us3 = 0, resistance = 0, suma1 = 0, suma2 = 0, suma3 = 0;
                                    ^~~~~~~~
../Src/main.c:691:22: warning: variable 'time_us2' set but not used [-Wunused-but-set-variable]
  float time_us1 = 0, time_us2 = 0, time_us3 = 0, resistance = 0, suma1 = 0, suma2 = 0, suma3 = 0;
                      ^~~~~~~~
../Src/main.c:691:8: warning: variable 'time_us1' set but not used [-Wunused-but-set-variable]
  float time_us1 = 0, time_us2 = 0, time_us3 = 0, resistance = 0, suma1 = 0, suma2 = 0, suma3 = 0;
        ^~~~~~~~
../Src/main.c: In function 'main':
../Src/main.c:782:12: warning: unused variable 'licznik' [-Wunused-variable]
   uint32_t licznik = 0;
            ^~~~~~~
../Src/main.c:781:11: warning: unused variable 'wysylanie' [-Wunused-variable]
   uint8_t wysylanie[20] = "                    ";
           ^~~~~~~~~
../Src/main.c: In function 'pt1000_temp_meas_method1':
../Src/main.c:445:33: warning: ' ' directive writing 1 byte into a region of size 0 [-Wformat-overflow=]
  sprintf(wyslij, "temp PT1000 %f ", temperature);
                                 ^
../Src/main.c:445:2: note: 'sprintf' output between 22 and 331 bytes into a destination of size 20
  sprintf(wyslij, "temp PT1000 %f ", temperature);
  ^~~~~~~~~~~~~~~~~~~~~~~~~~~~~~~~~~~~~~~~~~~~~~~
../Src/main.c: In function 'pt1000_temp_meas_method3':
../Src/main.c:723:33: warning: 'sprintf' writing a terminating nul past the end of the destination [-Wformat-overflow=]
  sprintf(wyslij, "resistance %f ", resistance);
                                 ^
../Src/main.c:723:2: note: 'sprintf' output between 21 and 330 bytes into a destination of size 20
  sprintf(wyslij, "resistance %f ", resistance);
  ^~~~~~~~~~~~~~~~~~~~~~~~~~~~~~~~~~~~~~~~~~~~~
Finished building: ../Src/main.c
 
Building target: pr.elf
Invoking: MCU GCC Linker
arm-none-eabi-gcc -mcpu=cortex-m4 -mthumb -mfloat-abi=hard -mfpu=fpv4-sp-d16 -specs=nosys.specs -specs=nano.specs -u_printf_float -T"../STM32L475RETx_FLASH.ld" -Wl,-Map=output.map -Wl,--gc-sections -o "pr.elf" @"objects.list"   -lm
Finished building target: pr.elf
 
make --no-print-directory post-build
Generating hex and Printing size information:
arm-none-eabi-objcopy -O ihex "pr.elf" "pr.hex"
arm-none-eabi-size "pr.elf"
   text	   data	    bss	    dec	    hex	filename
  26992	    512	   2160	  29664	   73e0	pr.elf
 
15:00:16 **** Incremental Build of configuration Debug for project pr ****
make all 
Building file: ../Src/main.c
Invoking: MCU GCC Compiler
D:\Studia wszystko\Studia 5\sem 3\praca magisterska\kody STM\pr\Debug
arm-none-eabi-gcc -mcpu=cortex-m4 -mthumb -mfloat-abi=hard -mfpu=fpv4-sp-d16 '-D__weak=__attribute__((weak))' '-D__packed=__attribute__((__packed__))' -DUSE_HAL_DRIVER -DSTM32L475xx -I"D:/Studia wszystko/Studia 5/sem 3/praca magisterska/kody STM/pr/Inc" -I"D:/Studia wszystko/Studia 5/sem 3/praca magisterska/kody STM/pr/Drivers/STM32L4xx_HAL_Driver/Inc" -I"D:/Studia wszystko/Studia 5/sem 3/praca magisterska/kody STM/pr/Drivers/STM32L4xx_HAL_Driver/Inc/Legacy" -I"D:/Studia wszystko/Studia 5/sem 3/praca magisterska/kody STM/pr/Drivers/CMSIS/Device/ST/STM32L4xx/Include" -I"D:/Studia wszystko/Studia 5/sem 3/praca magisterska/kody STM/pr/Drivers/CMSIS/Include"  -Og -g3 -Wall -fmessage-length=0 -ffunction-sections -c -fmessage-length=0 -MMD -MP -MF"Src/main.d" -MT"Src/main.o" -o "Src/main.o" "../Src/main.c"
../Src/main.c: In function 'pt1000_temp_meas_method1':
../Src/main.c:445:2: warning: implicit declaration of function 'sprintf' [-Wimplicit-function-declaration]
  sprintf(wyslij, "temp PT1000 %f ", temperature);
  ^~~~~~~
../Src/main.c:445:2: warning: incompatible implicit declaration of built-in function 'sprintf'
../Src/main.c:445:2: note: include '<stdio.h>' or provide a declaration of 'sprintf'
../Src/main.c:445:10: warning: pointer targets in passing argument 1 of 'sprintf' differ in signedness [-Wpointer-sign]
  sprintf(wyslij, "temp PT1000 %f ", temperature);
          ^~~~~~
../Src/main.c:445:10: note: expected 'char *' but argument is of type 'uint8_t * {aka unsigned char *}'
../Src/main.c:446:29: warning: passing argument 2 of 'HAL_UART_Transmit' from incompatible pointer type [-Wincompatible-pointer-types]
  HAL_UART_Transmit(&huart5, &wyslij, sizeof(wyslij), 100);
                             ^
In file included from D:/Studia wszystko/Studia 5/sem 3/praca magisterska/kody STM/pr/Inc/stm32l4xx_hal_conf.h:380:0,
                 from D:/Studia wszystko/Studia 5/sem 3/praca magisterska/kody STM/pr/Drivers/STM32L4xx_HAL_Driver/Inc/stm32l4xx_hal.h:46,
                 from D:/Studia wszystko/Studia 5/sem 3/praca magisterska/kody STM/pr/Inc/main.h:51,
                 from ../Src/main.c:42:
D:/Studia wszystko/Studia 5/sem 3/praca magisterska/kody STM/pr/Drivers/STM32L4xx_HAL_Driver/Inc/stm32l4xx_hal_uart.h:1597:19: note: expected 'uint8_t * {aka unsigned char *}' but argument is of type 'uint8_t (*)[20] {aka unsigned char (*)[20]}'
 HAL_StatusTypeDef HAL_UART_Transmit(UART_HandleTypeDef *huart, uint8_t *pData, uint16_t Size, uint32_t Timeout);
                   ^~~~~~~~~~~~~~~~~
../Src/main.c:420:8: warning: variable 'time_us' set but not used [-Wunused-but-set-variable]
  float time_us = 0, time = 0;
        ^~~~~~~
../Src/main.c: In function 'pt1000_temp_meas_method2':
../Src/main.c:567:2: warning: incompatible implicit declaration of built-in function 'sprintf'
  sprintf(wyslij, "res2 %f ", resistance);
  ^~~~~~~
../Src/main.c:567:2: note: include '<stdio.h>' or provide a declaration of 'sprintf'
../Src/main.c:567:10: warning: pointer targets in passing argument 1 of 'sprintf' differ in signedness [-Wpointer-sign]
  sprintf(wyslij, "res2 %f ", resistance);
          ^~~~~~
../Src/main.c:567:10: note: expected 'char *' but argument is of type 'uint8_t * {aka unsigned char *}'
../Src/main.c:568:29: warning: passing argument 2 of 'HAL_UART_Transmit' from incompatible pointer type [-Wincompatible-pointer-types]
  HAL_UART_Transmit(&huart5, &wyslij, sizeof(wyslij), 100);
                             ^
In file included from D:/Studia wszystko/Studia 5/sem 3/praca magisterska/kody STM/pr/Inc/stm32l4xx_hal_conf.h:380:0,
                 from D:/Studia wszystko/Studia 5/sem 3/praca magisterska/kody STM/pr/Drivers/STM32L4xx_HAL_Driver/Inc/stm32l4xx_hal.h:46,
                 from D:/Studia wszystko/Studia 5/sem 3/praca magisterska/kody STM/pr/Inc/main.h:51,
                 from ../Src/main.c:42:
D:/Studia wszystko/Studia 5/sem 3/praca magisterska/kody STM/pr/Drivers/STM32L4xx_HAL_Driver/Inc/stm32l4xx_hal_uart.h:1597:19: note: expected 'uint8_t * {aka unsigned char *}' but argument is of type 'uint8_t (*)[20] {aka unsigned char (*)[20]}'
 HAL_StatusTypeDef HAL_UART_Transmit(UART_HandleTypeDef *huart, uint8_t *pData, uint16_t Size, uint32_t Timeout);
                   ^~~~~~~~~~~~~~~~~
../Src/main.c:534:22: warning: variable 'time_us2' set but not used [-Wunused-but-set-variable]
  float time_us1 = 0, time_us2 = 0, resistance = 0, suma1 = 0, suma2 = 0;
                      ^~~~~~~~
../Src/main.c:534:8: warning: variable 'time_us1' set but not used [-Wunused-but-set-variable]
  float time_us1 = 0, time_us2 = 0, resistance = 0, suma1 = 0, suma2 = 0;
        ^~~~~~~~
../Src/main.c: In function 'pt1000_temp_meas_method3':
../Src/main.c:724:2: warning: incompatible implicit declaration of built-in function 'sprintf'
  sprintf(wyslij, "resistance %f ", resistance);
  ^~~~~~~
../Src/main.c:724:2: note: include '<stdio.h>' or provide a declaration of 'sprintf'
../Src/main.c:724:10: warning: pointer targets in passing argument 1 of 'sprintf' differ in signedness [-Wpointer-sign]
  sprintf(wyslij, "resistance %f ", resistance);
          ^~~~~~
../Src/main.c:724:10: note: expected 'char *' but argument is of type 'uint8_t * {aka unsigned char *}'
../Src/main.c:725:29: warning: passing argument 2 of 'HAL_UART_Transmit' from incompatible pointer type [-Wincompatible-pointer-types]
  HAL_UART_Transmit(&huart5, &wyslij, sizeof(wyslij), 100);
                             ^
In file included from D:/Studia wszystko/Studia 5/sem 3/praca magisterska/kody STM/pr/Inc/stm32l4xx_hal_conf.h:380:0,
                 from D:/Studia wszystko/Studia 5/sem 3/praca magisterska/kody STM/pr/Drivers/STM32L4xx_HAL_Driver/Inc/stm32l4xx_hal.h:46,
                 from D:/Studia wszystko/Studia 5/sem 3/praca magisterska/kody STM/pr/Inc/main.h:51,
                 from ../Src/main.c:42:
D:/Studia wszystko/Studia 5/sem 3/praca magisterska/kody STM/pr/Drivers/STM32L4xx_HAL_Driver/Inc/stm32l4xx_hal_uart.h:1597:19: note: expected 'uint8_t * {aka unsigned char *}' but argument is of type 'uint8_t (*)[20] {aka unsigned char (*)[20]}'
 HAL_StatusTypeDef HAL_UART_Transmit(UART_HandleTypeDef *huart, uint8_t *pData, uint16_t Size, uint32_t Timeout);
                   ^~~~~~~~~~~~~~~~~
../Src/main.c:691:36: warning: variable 'time_us3' set but not used [-Wunused-but-set-variable]
  float time_us1 = 0, time_us2 = 0, time_us3 = 0, resistance = 0, suma1 = 0, suma2 = 0, suma3 = 0;
                                    ^~~~~~~~
../Src/main.c:691:22: warning: variable 'time_us2' set but not used [-Wunused-but-set-variable]
  float time_us1 = 0, time_us2 = 0, time_us3 = 0, resistance = 0, suma1 = 0, suma2 = 0, suma3 = 0;
                      ^~~~~~~~
../Src/main.c:691:8: warning: variable 'time_us1' set but not used [-Wunused-but-set-variable]
  float time_us1 = 0, time_us2 = 0, time_us3 = 0, resistance = 0, suma1 = 0, suma2 = 0, suma3 = 0;
        ^~~~~~~~
../Src/main.c: In function 'main':
../Src/main.c:783:12: warning: unused variable 'licznik' [-Wunused-variable]
   uint32_t licznik = 0;
            ^~~~~~~
../Src/main.c:782:11: warning: unused variable 'wysylanie' [-Wunused-variable]
   uint8_t wysylanie[20] = "                    ";
           ^~~~~~~~~
../Src/main.c: In function 'pt1000_temp_meas_method1':
../Src/main.c:445:33: warning: ' ' directive writing 1 byte into a region of size 0 [-Wformat-overflow=]
  sprintf(wyslij, "temp PT1000 %f ", temperature);
                                 ^
../Src/main.c:445:2: note: 'sprintf' output between 22 and 331 bytes into a destination of size 20
  sprintf(wyslij, "temp PT1000 %f ", temperature);
  ^~~~~~~~~~~~~~~~~~~~~~~~~~~~~~~~~~~~~~~~~~~~~~~
../Src/main.c: In function 'pt1000_temp_meas_method3':
../Src/main.c:724:33: warning: 'sprintf' writing a terminating nul past the end of the destination [-Wformat-overflow=]
  sprintf(wyslij, "resistance %f ", resistance);
                                 ^
../Src/main.c:724:2: note: 'sprintf' output between 21 and 330 bytes into a destination of size 20
  sprintf(wyslij, "resistance %f ", resistance);
  ^~~~~~~~~~~~~~~~~~~~~~~~~~~~~~~~~~~~~~~~~~~~~
Finished building: ../Src/main.c
 
Building target: pr.elf
Invoking: MCU GCC Linker
arm-none-eabi-gcc -mcpu=cortex-m4 -mthumb -mfloat-abi=hard -mfpu=fpv4-sp-d16 -specs=nosys.specs -specs=nano.specs -u_printf_float -T"../STM32L475RETx_FLASH.ld" -Wl,-Map=output.map -Wl,--gc-sections -o "pr.elf" @"objects.list"   -lm
Finished building target: pr.elf
 
make --no-print-directory post-build
Generating hex and Printing size information:
arm-none-eabi-objcopy -O ihex "pr.elf" "pr.hex"
arm-none-eabi-size "pr.elf"
   text	   data	    bss	    dec	    hex	filename
  26984	    512	   2160	  29656	   73d8	pr.elf
 
